Archive member included to satisfy reference by file (symbol)

e:/12.2 mpacbti-bet1/bin/../lib/gcc/arm-none-eabi/12.2.0/thumb/v7e-m/nofp\libgcc.a(_arm_muldf3.o)
                              CMakeFiles/Explorerss.elf.dir/Dependences/Src/mpu6050.c.obj (__aeabi_dmul)
e:/12.2 mpacbti-bet1/bin/../lib/gcc/arm-none-eabi/12.2.0/thumb/v7e-m/nofp\libgcc.a(_arm_mulsf3.o)
                              CMakeFiles/Explorerss.elf.dir/Dependences/Src/PID.c.obj (__aeabi_fmul)
e:/12.2 mpacbti-bet1/bin/../lib/gcc/arm-none-eabi/12.2.0/thumb/v7e-m/nofp\libgcc.a(_arm_addsubdf3.o)
                              CMakeFiles/Explorerss.elf.dir/Dependences/Src/mpu6050.c.obj (__aeabi_dsub)
e:/12.2 mpacbti-bet1/bin/../lib/gcc/arm-none-eabi/12.2.0/thumb/v7e-m/nofp\libgcc.a(_arm_muldivdf3.o)
                              CMakeFiles/Explorerss.elf.dir/Dependences/Src/mpu6050.c.obj (__aeabi_ddiv)
e:/12.2 mpacbti-bet1/bin/../lib/gcc/arm-none-eabi/12.2.0/thumb/v7e-m/nofp\libgcc.a(_arm_cmpdf2.o)
                              CMakeFiles/Explorerss.elf.dir/Dependences/Src/mpu6050.c.obj (__aeabi_dcmpeq)
e:/12.2 mpacbti-bet1/bin/../lib/gcc/arm-none-eabi/12.2.0/thumb/v7e-m/nofp\libgcc.a(_arm_fixunsdfsi.o)
                              CMakeFiles/Explorerss.elf.dir/Dependences/Src/oled.c.obj (__aeabi_d2uiz)
e:/12.2 mpacbti-bet1/bin/../lib/gcc/arm-none-eabi/12.2.0/thumb/v7e-m/nofp\libgcc.a(_arm_truncdfsf2.o)
                              CMakeFiles/Explorerss.elf.dir/Tasks/Src/followline.c.obj (__aeabi_d2f)
e:/12.2 mpacbti-bet1/bin/../lib/gcc/arm-none-eabi/12.2.0/thumb/v7e-m/nofp\libgcc.a(_arm_addsubsf3.o)
                              CMakeFiles/Explorerss.elf.dir/Dependences/Src/PID.c.obj (__aeabi_fsub)
e:/12.2 mpacbti-bet1/bin/../lib/gcc/arm-none-eabi/12.2.0/thumb/v7e-m/nofp\libgcc.a(_arm_muldivsf3.o)
                              CMakeFiles/Explorerss.elf.dir/Dependences/Src/mpu6050.c.obj (__aeabi_fdiv)
e:/12.2 mpacbti-bet1/bin/../lib/gcc/arm-none-eabi/12.2.0/thumb/v7e-m/nofp\libgcc.a(_arm_cmpsf2.o)
                              CMakeFiles/Explorerss.elf.dir/Dependences/Src/PID.c.obj (__aeabi_fcmplt)
e:/12.2 mpacbti-bet1/bin/../lib/gcc/arm-none-eabi/12.2.0/thumb/v7e-m/nofp\libgcc.a(_arm_fixsfsi.o)
                              CMakeFiles/Explorerss.elf.dir/Dependences/Src/oled.c.obj (__aeabi_f2iz)
e:/12.2 mpacbti-bet1/bin/../lib/gcc/arm-none-eabi/12.2.0/thumb/v7e-m/nofp\libg.a(libc_a-exit.o)
                              e:/12.2 mpacbti-bet1/bin/../lib/gcc/arm-none-eabi/12.2.0/thumb/v7e-m/nofp/crt0.o (exit)
e:/12.2 mpacbti-bet1/bin/../lib/gcc/arm-none-eabi/12.2.0/thumb/v7e-m/nofp\libg.a(libc_a-findfp.o)
                              e:/12.2 mpacbti-bet1/bin/../lib/gcc/arm-none-eabi/12.2.0/thumb/v7e-m/nofp\libg.a(libc_a-exit.o) (__stdio_exit_handler)
e:/12.2 mpacbti-bet1/bin/../lib/gcc/arm-none-eabi/12.2.0/thumb/v7e-m/nofp\libg.a(libc_a-fwalk.o)
                              e:/12.2 mpacbti-bet1/bin/../lib/gcc/arm-none-eabi/12.2.0/thumb/v7e-m/nofp\libg.a(libc_a-findfp.o) (_fwalk_sglue)
e:/12.2 mpacbti-bet1/bin/../lib/gcc/arm-none-eabi/12.2.0/thumb/v7e-m/nofp\libg.a(libc_a-stdio.o)
                              e:/12.2 mpacbti-bet1/bin/../lib/gcc/arm-none-eabi/12.2.0/thumb/v7e-m/nofp\libg.a(libc_a-findfp.o) (__sread)
e:/12.2 mpacbti-bet1/bin/../lib/gcc/arm-none-eabi/12.2.0/thumb/v7e-m/nofp\libg.a(libc_a-memset.o)
                              e:/12.2 mpacbti-bet1/bin/../lib/gcc/arm-none-eabi/12.2.0/thumb/v7e-m/nofp/crt0.o (memset)
e:/12.2 mpacbti-bet1/bin/../lib/gcc/arm-none-eabi/12.2.0/thumb/v7e-m/nofp\libg.a(libc_a-closer.o)
                              e:/12.2 mpacbti-bet1/bin/../lib/gcc/arm-none-eabi/12.2.0/thumb/v7e-m/nofp\libg.a(libc_a-stdio.o) (_close_r)
e:/12.2 mpacbti-bet1/bin/../lib/gcc/arm-none-eabi/12.2.0/thumb/v7e-m/nofp\libg.a(libc_a-reent.o)
                              e:/12.2 mpacbti-bet1/bin/../lib/gcc/arm-none-eabi/12.2.0/thumb/v7e-m/nofp\libg.a(libc_a-closer.o) (errno)
e:/12.2 mpacbti-bet1/bin/../lib/gcc/arm-none-eabi/12.2.0/thumb/v7e-m/nofp\libg.a(libc_a-impure.o)
                              e:/12.2 mpacbti-bet1/bin/../lib/gcc/arm-none-eabi/12.2.0/thumb/v7e-m/nofp\libg.a(libc_a-reent.o) (_impure_ptr)
e:/12.2 mpacbti-bet1/bin/../lib/gcc/arm-none-eabi/12.2.0/thumb/v7e-m/nofp\libg.a(libc_a-lseekr.o)
                              e:/12.2 mpacbti-bet1/bin/../lib/gcc/arm-none-eabi/12.2.0/thumb/v7e-m/nofp\libg.a(libc_a-stdio.o) (_lseek_r)
e:/12.2 mpacbti-bet1/bin/../lib/gcc/arm-none-eabi/12.2.0/thumb/v7e-m/nofp\libg.a(libc_a-readr.o)
                              e:/12.2 mpacbti-bet1/bin/../lib/gcc/arm-none-eabi/12.2.0/thumb/v7e-m/nofp\libg.a(libc_a-stdio.o) (_read_r)
e:/12.2 mpacbti-bet1/bin/../lib/gcc/arm-none-eabi/12.2.0/thumb/v7e-m/nofp\libg.a(libc_a-writer.o)
                              e:/12.2 mpacbti-bet1/bin/../lib/gcc/arm-none-eabi/12.2.0/thumb/v7e-m/nofp\libg.a(libc_a-stdio.o) (_write_r)
e:/12.2 mpacbti-bet1/bin/../lib/gcc/arm-none-eabi/12.2.0/thumb/v7e-m/nofp\libg.a(libc_a-errno.o)
[...]
Memory Configuration

Name             Origin             Length             Attributes
RAM              0x20000000         0x00005000         xrw
FLASH            0x08000000         0x00010000         xr
*default*        0x00000000         0xffffffff

Linker script and memory map

LOAD e:/12.2 mpacbti-bet1/bin/../lib/gcc/arm-none-eabi/12.2.0/thumb/v7e-m/nofp/crti.o
LOAD e:/12.2 mpacbti-bet1/bin/../lib/gcc/arm-none-eabi/12.2.0/thumb/v7e-m/nofp/crtbegin.o
LOAD e:/12.2 mpacbti-bet1/bin/../lib/gcc/arm-none-eabi/12.2.0/thumb/v7e-m/nofp/crt0.o
LOAD CMakeFiles/Explorerss.elf.dir/Core/Src/gpio.c.obj
LOAD CMakeFiles/Explorerss.elf.dir/Core/Src/i2c.c.obj
LOAD CMakeFiles/Explorerss.elf.dir/Core/Src/main.c.obj
LOAD CMakeFiles/Explorerss.elf.dir/Core/Src/stm32f1xx_hal_msp.c.obj
LOAD CMakeFiles/Explorerss.elf.dir/Core/Src/stm32f1xx_it.c.obj
LOAD CMakeFiles/Explorerss.elf.dir/Core/Src/syscalls.c.obj
LOAD CMakeFiles/Explorerss.elf.dir/Core/Src/sysmem.c.obj
LOAD CMakeFiles/Explorerss.elf.dir/Core/Src/system_stm32f1xx.c.obj
LOAD CMakeFiles/Explorerss.elf.dir/Core/Src/tim.c.obj
LOAD CMakeFiles/Explorerss.elf.dir/Core/Src/usart.c.obj
LOAD CMakeFiles/Explorerss.elf.dir/Core/Startup/startup_stm32f103c8tx.s.obj
LOAD CMakeFiles/Explorerss.elf.dir/Dependences/Src/Communication.c.obj
LOAD CMakeFiles/Explorerss.elf.dir/Dependences/Src/Encoder.c.obj
LOAD CMakeFiles/Explorerss.elf.dir/Dependences/Src/GrayScaler.c.obj
LOAD CMakeFiles/Explorerss.elf.dir/Dependences/Src/LED.c.obj
LOAD CMakeFiles/Explorerss.elf.dir/Dependences/Src/MedicineBox.c.obj
LOAD CMakeFiles/Explorerss.elf.dir/Dependences/Src/Motor.c.obj
LOAD CMakeFiles/Explorerss.elf.dir/Dependences/Src/PID.c.obj
LOAD CMakeFiles/Explorerss.elf.dir/Dependences/Src/intercom.c.obj
LOAD CMakeFiles/Explorerss.elf.dir/Dependences/Src/mpu6050.c.obj
LOAD CMakeFiles/Explorerss.elf.dir/Dependences/Src/oled.c.obj
LOAD CMakeFiles/Explorerss.elf.dir/Dependences/Src/openmv.c.obj
LOAD CMakeFiles/Explorerss.elf.dir/Drivers/STM32F1xx_HAL_Driver/Src/stm32f1xx_hal.c.obj
LOAD CMakeFiles/Explorerss.elf.dir/Drivers/STM32F1xx_HAL_Driver/Src/stm32f1xx_hal_cortex.c.obj
LOAD CMakeFiles/Explorerss.elf.dir/Drivers/STM32F1xx_HAL_Driver/Src/stm32f1xx_hal_dma.c.obj
LOAD CMakeFiles/Explorerss.elf.dir/Drivers/STM32F1xx_HAL_Driver/Src/stm32f1xx_hal_exti.c.obj
LOAD CMakeFiles/Explorerss.elf.dir/Drivers/STM32F1xx_HAL_Driver/Src/stm32f1xx_hal_flash.c.obj
LOAD CMakeFiles/Explorerss.elf.dir/Drivers/STM32F1xx_HAL_Driver/Src/stm32f1xx_hal_flash_ex.c.obj
LOAD CMakeFiles/Explorerss.elf.dir/Drivers/STM32F1xx_HAL_Driver/Src/stm32f1xx_hal_gpio.c.obj
LOAD CMakeFiles/Explorerss.elf.dir/Drivers/STM32F1xx_HAL_Driver/Src/stm32f1xx_hal_gpio_ex.c.obj
LOAD CMakeFiles/Explorerss.elf.dir/Drivers/STM32F1xx_HAL_Driver/Src/stm32f1xx_hal_i2c.c.obj
LOAD CMakeFiles/Explorerss.elf.dir/Drivers/STM32F1xx_HAL_Driver/Src/stm32f1xx_hal_pwr.c.obj
LOAD CMakeFiles/Explorerss.elf.dir/Drivers/STM32F1xx_HAL_Driver/Src/stm32f1xx_hal_rcc.c.obj
LOAD CMakeFiles/Explorerss.elf.dir/Drivers/STM32F1xx_HAL_Driver/Src/stm32f1xx_hal_rcc_ex.c.obj
LOAD CMakeFiles/Explorerss.elf.dir/Drivers/STM32F1xx_HAL_Driver/Src/stm32f1xx_hal_tim.c.obj
LOAD CMakeFiles/Explorerss.elf.dir/Drivers/STM32F1xx_HAL_Driver/Src/stm32f1xx_hal_tim_ex.c.obj
LOAD CMakeFiles/Explorerss.elf.dir/Drivers/STM32F1xx_HAL_Driver/Src/stm32f1xx_hal_uart.c.obj
LOAD CMakeFiles/Explorerss.elf.dir/Tasks/Src/Control.c.obj
LOAD CMakeFiles/Explorerss.elf.dir/Tasks/Src/Functions.c.obj
LOAD CMakeFiles/Explorerss.elf.dir/Tasks/Src/TaskBranches/Task1.c.obj
LOAD CMakeFiles/Explorerss.elf.dir/Tasks/Src/TaskBranches/Task2.c.obj
LOAD CMakeFiles/Explorerss.elf.dir/Tasks/Src/TaskBranches/Task3.c.obj
LOAD CMakeFiles/Explorerss.elf.dir/Tasks/Src/TaskBranches/Task4.c.obj
LOAD CMakeFiles/Explorerss.elf.dir/Tasks/Src/TaskBranches/Task5.c.obj
LOAD CMakeFiles/Explorerss.elf.dir/Tasks/Src/TaskManager.c.obj
LOAD CMakeFiles/Explorerss.elf.dir/Tasks/Src/followline.c.obj
START GROUP
LOAD e:/12.2 mpacbti-bet1/bin/../lib/gcc/arm-none-eabi/12.2.0/thumb/v7e-m/nofp\libgcc.a
LOAD e:/12.2 mpacbti-bet1/bin/../lib/gcc/arm-none-eabi/12.2.0/thumb/v7e-m/nofp\libg.a
LOAD e:/12.2 mpacbti-bet1/bin/../lib/gcc/arm-none-eabi/12.2.0/thumb/v7e-m/nofp\libc.a
END GROUP
LOAD e:/12.2 mpacbti-bet1/bin/../lib/gcc/arm-none-eabi/12.2.0/thumb/v7e-m/nofp/crtend.o
LOAD e:/12.2 mpacbti-bet1/bin/../lib/gcc/arm-none-eabi/12.2.0/thumb/v7e-m/nofp/crtn.o
                0x20005000                        _estack = (ORIGIN (RAM) + LENGTH (RAM))
                0x00000200                        _Min_Heap_Size = 0x200
                0x00000400                        _Min_Stack_Size = 0x400

.isr_vector     0x08000000      0x10c
                0x08000000                        . = ALIGN (0x4)
 *(.isr_vector)
 .isr_vector    0x08000000      0x10c CMakeFiles/Explorerss.elf.dir/Core/Startup/startup_stm32f103c8tx.s.obj
                0x08000000                g_pfnVectors
                0x0800010c                        . = ALIGN (0x4)

.text           0x08000110     0x5940
                0x08000110                        . = ALIGN (0x4)
 *(.text)
 .text          0x08000110      0x378 e:/12.2 mpacbti-bet1/bin/../lib/gcc/arm-none-eabi/12.2.0/thumb/v7e-m/nofp\libgcc.a(_arm_addsubdf3.o)
                0x08000110                __aeabi_drsub
                0x08000118                __aeabi_dsub
                0x08000118                __subdf3
                0x0800011c                __aeabi_dadd
                0x0800011c                __adddf3
                0x08000394                __floatunsidf
                0x08000394                __aeabi_ui2d
                0x080003b4                __floatsidf
                0x080003b4                __aeabi_i2d
                0x080003d8                __aeabi_f2d
                0x080003d8                __extendsfdf2
                0x0800041c                __floatundidf
                0x0800041c                __aeabi_ul2d
                0x0800042c                __floatdidf
                0x0800042c                __aeabi_l2d
 .text          0x08000488      0x424 e:/12.2 mpacbti-bet1/bin/../lib/gcc/arm-none-eabi/12.2.0/thumb/v7e-m/nofp\libgcc.a(_arm_muldivdf3.o)
                0x08000488                __aeabi_dmul
                0x08000488                __muldf3
                0x080006dc                __divdf3
                0x080006dc                __aeabi_ddiv
 .text          0x080008ac      0x110 e:/12.2 mpacbti-bet1/bin/../lib/gcc/arm-none-eabi/12.2.0/thumb/v7e-m/nofp\libgcc.a(_arm_cmpdf2.o)
                0x080008ac                __gtdf2
                0x080008ac                __gedf2
                0x080008b4                __ltdf2
                0x080008b4                __ledf2
                0x080008bc                __nedf2
                0x080008bc                __eqdf2
                0x080008bc                __cmpdf2
                0x08000938                __aeabi_cdrcmple
                0x08000948                __aeabi_cdcmpeq
                0x08000948                __aeabi_cdcmple
                0x08000958                __aeabi_dcmpeq
                0x0800096c                __aeabi_dcmplt
                0x08000980                __aeabi_dcmple
                0x08000994                __aeabi_dcmpge
                0x080009a8                __aeabi_dcmpgt
 .text          0x080009bc       0x40 e:/12.2 mpacbti-bet1/bin/../lib/gcc/arm-none-eabi/12.2.0/thumb/v7e-m/nofp\libgcc.a(_arm_fixunsdfsi.o)
                0x080009bc                __aeabi_d2uiz
                0x080009bc                __fixunsdfsi
 .text          0x080009fc       0xa0 e:/12.2 mpacbti-bet1/bin/../lib/gcc/arm-none-eabi/12.2.0/thumb/v7e-m/nofp\libgcc.a(_arm_truncdfsf2.o)
                0x080009fc                __truncdfsf2
                0x080009fc                __aeabi_d2f
 .text          0x08000a9c      0x21c e:/12.2 mpacbti-bet1/bin/../lib/gcc/arm-none-eabi/12.2.0/thumb/v7e-m/nofp\libgcc.a(_arm_addsubsf3.o)
                0x08000a9c                __aeabi_frsub
                0x08000aa4                __subsf3
                0x08000aa4                __aeabi_fsub
                0x08000aa8                __aeabi_fadd
                0x08000aa8                __addsf3
                0x08000c08                __aeabi_ui2f
                0x08000c08                __floatunsisf
                0x08000c10                __aeabi_i2f
                0x08000c10                __floatsisf
                0x08000c2c                __aeabi_ul2f
                0x08000c2c                __floatundisf
                0x08000c3c                __aeabi_l2f
                0x08000c3c                __floatdisf
 .text          0x08000cb8      0x2a0 e:/12.2 mpacbti-bet1/bin/../lib/gcc/arm-none-eabi/12.2.0/thumb/v7e-m/nofp\libgcc.a(_arm_muldivsf3.o)
                0x08000cb8                __mulsf3
                0x08000cb8                __aeabi_fmul
                0x08000e20                __aeabi_fdiv
                0x08000e20                __divsf3
 .text          0x08000f58       0xec e:/12.2 mpacbti-bet1/bin/../lib/gcc/arm-none-eabi/12.2.0/thumb/v7e-m/nofp\libgcc.a(_arm_cmpsf2.o)
                0x08000f58                __gesf2
                0x08000f58                __gtsf2
                0x08000f60                __lesf2
                0x08000f60                __ltsf2
                0x08000f68                __nesf2
                0x08000f68                __eqsf2
                0x08000f68                __cmpsf2
                0x08000fc8                __aeabi_cfrcmple
                0x08000fd0                __aeabi_cfcmpeq
                0x08000fd0                __aeabi_cfcmple
                0x08000fe0                __aeabi_fcmpeq
                0x08000ff4                __aeabi_fcmplt
                0x08001008                __aeabi_fcmple
                0x0800101c                __aeabi_fcmpge
                0x08001030                __aeabi_fcmpgt
 .text          0x08001044       0x4c e:/12.2 mpacbti-bet1/bin/../lib/gcc/arm-none-eabi/12.2.0/thumb/v7e-m/nofp\libgcc.a(_arm_fixsfsi.o)
                0x08001044                __aeabi_f2iz
                0x08001044                __fixsfsi
 .text          0x08001090       0x2c e:/12.2 mpacbti-bet1/bin/../lib/gcc/arm-none-eabi/12.2.0/thumb/v7e-m/nofp\libgcc.a(_arm_unorddf2.o)
                0x08001090                __unorddf2
                0x08001090                __aeabi_dcmpun
 *(.text*)
 .text.deregister_tm_clones
                0x080010bc       0x1c e:/12.2 mpacbti-bet1/bin/../lib/gcc/arm-none-eabi/12.2.0/thumb/v7e-m/nofp/crtbegin.o
 .text.register_tm_clones
                0x080010d8       0x24 e:/12.2 mpacbti-bet1/bin/../lib/gcc/arm-none-eabi/12.2.0/thumb/v7e-m/nofp/crtbegin.o
 .text.__do_global_dtors_aux
                0x080010fc       0x28 e:/12.2 mpacbti-bet1/bin/../lib/gcc/arm-none-eabi/12.2.0/thumb/v7e-m/nofp/crtbegin.o
 .text.frame_dummy
                0x08001124       0x24 e:/12.2 mpacbti-bet1/bin/../lib/gcc/arm-none-eabi/12.2.0/thumb/v7e-m/nofp/crtbegin.o
 .text.MX_GPIO_Init
                0x08001148      0x104 CMakeFiles/Explorerss.elf.dir/Core/Src/gpio.c.obj
                0x08001148                MX_GPIO_Init
 .text.MX_I2C2_Init
                0x0800124c       0x3c CMakeFiles/Explorerss.elf.dir/Core/Src/i2c.c.obj
                0x0800124c                MX_I2C2_Init
 .text.HAL_I2C_MspInit
                0x08001288       0x64 CMakeFiles/Explorerss.elf.dir/Core/Src/i2c.c.obj
                0x08001288                HAL_I2C_MspInit
 .text.HAL_TIM_PeriodElapsedCallback
                0x080012ec       0x14 CMakeFiles/Explorerss.elf.dir/Core/Src/main.c.obj
                0x080012ec                HAL_TIM_PeriodElapsedCallback
 .text.Error_Handler
                0x08001300        0x4 CMakeFiles/Explorerss.elf.dir/Core/Src/main.c.obj
                0x08001300                Error_Handler
 .text.SystemClock_Config
                0x08001304       0x64 CMakeFiles/Explorerss.elf.dir/Core/Src/main.c.obj
                0x08001304                SystemClock_Config
 .text.main     0x08001368       0xec CMakeFiles/Explorerss.elf.dir/Core/Src/main.c.obj
                0x08001368                main
 .text.HAL_MspInit
                0x08001454       0x44 CMakeFiles/Explorerss.elf.dir/Core/Src/stm32f1xx_hal_msp.c.obj
                0x08001454                HAL_MspInit
 .text.NMI_Handler
                0x08001498        0x2 CMakeFiles/Explorerss.elf.dir/Core/Src/stm32f1xx_it.c.obj
                0x08001498                NMI_Handler
 .text.HardFault_Handler
                0x0800149a        0x2 CMakeFiles/Explorerss.elf.dir/Core/Src/stm32f1xx_it.c.obj
                0x0800149a                HardFault_Handler
 .text.MemManage_Handler
                0x0800149c        0x2 CMakeFiles/Explorerss.elf.dir/Core/Src/stm32f1xx_it.c.obj
                0x0800149c                MemManage_Handler
 .text.BusFault_Handler
                0x0800149e        0x2 CMakeFiles/Explorerss.elf.dir/Core/Src/stm32f1xx_it.c.obj
                0x0800149e                BusFault_Handler
 .text.UsageFault_Handler
                0x080014a0        0x2 CMakeFiles/Explorerss.elf.dir/Core/Src/stm32f1xx_it.c.obj
                0x080014a0                UsageFault_Handler
 .text.SVC_Handler
                0x080014a2        0x2 CMakeFiles/Explorerss.elf.dir/Core/Src/stm32f1xx_it.c.obj
                0x080014a2                SVC_Handler
 .text.DebugMon_Handler
                0x080014a4        0x2 CMakeFiles/Explorerss.elf.dir/Core/Src/stm32f1xx_it.c.obj
                0x080014a4                DebugMon_Handler
 .text.PendSV_Handler
                0x080014a6        0x2 CMakeFiles/Explorerss.elf.dir/Core/Src/stm32f1xx_it.c.obj
                0x080014a6                PendSV_Handler
 .text.SysTick_Handler
                0x080014a8        0x8 CMakeFiles/Explorerss.elf.dir/Core/Src/stm32f1xx_it.c.obj
                0x080014a8                SysTick_Handler
 .text.TIM2_IRQHandler
                0x080014b0       0x10 CMakeFiles/Explorerss.elf.dir/Core/Src/stm32f1xx_it.c.obj
                0x080014b0                TIM2_IRQHandler
 .text.TIM3_IRQHandler
                0x080014c0       0x10 CMakeFiles/Explorerss.elf.dir/Core/Src/stm32f1xx_it.c.obj
                0x080014c0                TIM3_IRQHandler
 .text.TIM4_IRQHandler
                0x080014d0       0x10 CMakeFiles/Explorerss.elf.dir/Core/Src/stm32f1xx_it.c.obj
                0x080014d0                TIM4_IRQHandler
 .text.USART1_IRQHandler
                0x080014e0       0x10 CMakeFiles/Explorerss.elf.dir/Core/Src/stm32f1xx_it.c.obj
                0x080014e0                USART1_IRQHandler
 .text.SystemInit
                0x080014f0        0x2 CMakeFiles/Explorerss.elf.dir/Core/Src/system_stm32f1xx.c.obj
                0x080014f0                SystemInit
 *fill*         0x080014f2        0x2 
 .text.MX_TIM2_Init
                0x080014f4       0x64 CMakeFiles/Explorerss.elf.dir/Core/Src/tim.c.obj
                0x080014f4                MX_TIM2_Init
 .text.MX_TIM3_Init
                0x08001558       0x64 CMakeFiles/Explorerss.elf.dir/Core/Src/tim.c.obj
                0x08001558                MX_TIM3_Init
 .text.HAL_TIM_Encoder_MspInit
                0x080015bc       0xc0 CMakeFiles/Explorerss.elf.dir/Core/Src/tim.c.obj
                0x080015bc                HAL_TIM_Encoder_MspInit
 .text.HAL_TIM_Base_MspInit
                0x0800167c       0x40 CMakeFiles/Explorerss.elf.dir/Core/Src/tim.c.obj
                0x0800167c                HAL_TIM_Base_MspInit
 .text.HAL_TIM_MspPostInit
                0x080016bc       0x50 CMakeFiles/Explorerss.elf.dir/Core/Src/tim.c.obj
                0x080016bc                HAL_TIM_MspPostInit
 .text.MX_TIM4_Init
                0x0800170c       0xc0 CMakeFiles/Explorerss.elf.dir/Core/Src/tim.c.obj
                0x0800170c                MX_TIM4_Init
 .text.MX_USART1_UART_Init
                0x080017cc       0x34 CMakeFiles/Explorerss.elf.dir/Core/Src/usart.c.obj
                0x080017cc                MX_USART1_UART_Init
 .text.HAL_UART_MspInit
                0x08001800       0x88 CMakeFiles/Explorerss.elf.dir/Core/Src/usart.c.obj
                0x08001800                HAL_UART_MspInit
 .text.Reset_Handler
                0x08001888       0x48 CMakeFiles/Explorerss.elf.dir/Core/Startup/startup_stm32f103c8tx.s.obj
                0x08001888                Reset_Handler
 .text.Default_Handler
                0x080018d0        0x2 CMakeFiles/Explorerss.elf.dir/Core/Startup/startup_stm32f103c8tx.s.obj
                0x080018d0                RTC_Alarm_IRQHandler
                0x080018d0                EXTI2_IRQHandler
                0x080018d0                TIM1_CC_IRQHandler
                0x080018d0                PVD_IRQHandler
                0x080018d0                EXTI3_IRQHandler
                0x080018d0                EXTI0_IRQHandler
                0x080018d0                I2C2_EV_IRQHandler
                0x080018d0                ADC1_2_IRQHandler
                0x080018d0                SPI1_IRQHandler
                0x080018d0                TAMPER_IRQHandler
                0x080018d0                DMA1_Channel4_IRQHandler
                0x080018d0                USART3_IRQHandler
                0x080018d0                RTC_IRQHandler
                0x080018d0                DMA1_Channel7_IRQHandler
                0x080018d0                CAN1_RX1_IRQHandler
                0x080018d0                I2C1_EV_IRQHandler
                0x080018d0                DMA1_Channel6_IRQHandler
                0x080018d0                RCC_IRQHandler
                0x080018d0                TIM1_TRG_COM_IRQHandler
                0x080018d0                DMA1_Channel1_IRQHandler
                0x080018d0                Default_Handler
                0x080018d0                EXTI15_10_IRQHandler
                0x080018d0                EXTI9_5_IRQHandler
                0x080018d0                SPI2_IRQHandler
                0x080018d0                DMA1_Channel5_IRQHandler
                0x080018d0                EXTI4_IRQHandler
                0x080018d0                USB_LP_CAN1_RX0_IRQHandler
                0x080018d0                USB_HP_CAN1_TX_IRQHandler
                0x080018d0                DMA1_Channel3_IRQHandler
                0x080018d0                TIM1_UP_IRQHandler
                0x080018d0                WWDG_IRQHandler
                0x080018d0                TIM1_BRK_IRQHandler
                0x080018d0                EXTI1_IRQHandler
                0x080018d0                USART2_IRQHandler
                0x080018d0                I2C2_ER_IRQHandler
                0x080018d0                DMA1_Channel2_IRQHandler
                0x080018d0                CAN1_SCE_IRQHandler
                0x080018d0                FLASH_IRQHandler
                0x080018d0                I2C1_ER_IRQHandler
                0x080018d0                USBWakeUp_IRQHandler
 *fill*         0x080018d2        0x2 
 .text.Encoder_Init
                0x080018d4       0x58 CMakeFiles/Explorerss.elf.dir/Dependences/Src/Encoder.c.obj
                0x080018d4                Encoder_Init
 .text.EncoderCallBack
                0x0800192c       0x80 CMakeFiles/Explorerss.elf.dir/Dependences/Src/Encoder.c.obj
                0x0800192c                EncoderCallBack
 .text.GrayScaler_Init
                0x080019ac        0x2 CMakeFiles/Explorerss.elf.dir/Dependences/Src/GrayScaler.c.obj
                0x080019ac                GrayScaler_Init
 *fill*         0x080019ae        0x2 
 .text.GrayScalerCallBack
                0x080019b0       0x64 CMakeFiles/Explorerss.elf.dir/Dependences/Src/GrayScaler.c.obj
                0x080019b0                GrayScalerCallBack
 .text.LED_Init
                0x08001a14       0x20 CMakeFiles/Explorerss.elf.dir/Dependences/Src/LED.c.obj
                0x08001a14                LED_Init
 .text.Ignite   0x08001a34       0x74 CMakeFiles/Explorerss.elf.dir/Dependences/Src/LED.c.obj
                0x08001a34                Ignite
 .text.MedicineBoxCallBack
                0x08001aa8       0x18 CMakeFiles/Explorerss.elf.dir/Dependences/Src/MedicineBox.c.obj
                0x08001aa8                MedicineBoxCallBack
 .text.Motor_Init
                0x08001ac0       0x48 CMakeFiles/Explorerss.elf.dir/Dependences/Src/Motor.c.obj
                0x08001ac0                Motor_Init
 .text.SetMotorOutput
                0x08001b08       0x94 CMakeFiles/Explorerss.elf.dir/Dependences/Src/Motor.c.obj
                0x08001b08                SetMotorOutput
 .text.PID_Init
                0x08001b9c       0x18 CMakeFiles/Explorerss.elf.dir/Dependences/Src/PID.c.obj
                0x08001b9c                PID_Init
 .text.PID_DeInit
                0x08001bb4        0x8 CMakeFiles/Explorerss.elf.dir/Dependences/Src/PID.c.obj
                0x08001bb4                PID_DeInit
 .text.PID_Compute
                0x08001bbc       0x76 CMakeFiles/Explorerss.elf.dir/Dependences/Src/PID.c.obj
                0x08001bbc                PID_Compute
 .text.PID_ComputeFixed
                0x08001c32        0xc CMakeFiles/Explorerss.elf.dir/Dependences/Src/PID.c.obj
                0x08001c32                PID_ComputeFixed
 *fill*         0x08001c3e        0x2 
 .text.IntercomCallBack
                0x08001c40       0x30 CMakeFiles/Explorerss.elf.dir/Dependences/Src/intercom.c.obj
                0x08001c40                IntercomCallBack
 .text.Intercom_Init
                0x08001c70       0x28 CMakeFiles/Explorerss.elf.dir/Dependences/Src/intercom.c.obj
                0x08001c70                Intercom_Init
 .text.WriteCmd
                0x08001c98       0x2c CMakeFiles/Explorerss.elf.dir/Dependences/Src/oled.c.obj
                0x08001c98                WriteCmd
 .text.WriteDat
                0x08001cc4       0x2c CMakeFiles/Explorerss.elf.dir/Dependences/Src/oled.c.obj
                0x08001cc4                WriteDat
 .text.OLED_Init
                0x08001cf0       0xb4 CMakeFiles/Explorerss.elf.dir/Dependences/Src/oled.c.obj
                0x08001cf0                OLED_Init
 .text.OLED_SetPos
                0x08001da4       0x26 CMakeFiles/Explorerss.elf.dir/Dependences/Src/oled.c.obj
                0x08001da4                OLED_SetPos
 .text.OLED_Fill
                0x08001dca       0x3c CMakeFiles/Explorerss.elf.dir/Dependences/Src/oled.c.obj
                0x08001dca                OLED_Fill
 .text.OLED_CLS
                0x08001e06        0xa CMakeFiles/Explorerss.elf.dir/Dependences/Src/oled.c.obj
                0x08001e06                OLED_CLS
 .text.OLED_ShowStr
                0x08001e10       0xd8 CMakeFiles/Explorerss.elf.dir/Dependences/Src/oled.c.obj
                0x08001e10                OLED_ShowStr
 .text.OLED_ShowChar
                0x08001ee8       0x90 CMakeFiles/Explorerss.elf.dir/Dependences/Src/oled.c.obj
                0x08001ee8                OLED_ShowChar
 .text.oled_pow
                0x08001f78       0x16 CMakeFiles/Explorerss.elf.dir/Dependences/Src/oled.c.obj
                0x08001f78                oled_pow
 *fill*         0x08001f8e        0x2 
 .text.OLED_ShowRealNum
                0x08001f90      0x14c CMakeFiles/Explorerss.elf.dir/Dependences/Src/oled.c.obj
                0x08001f90                OLED_ShowRealNum
 .text.OLED_ShowVariable
                0x080020dc       0x4c CMakeFiles/Explorerss.elf.dir/Dependences/Src/oled.c.obj
                0x080020dc                OLED_ShowVariable
 .text.OpenMVGetTarRoom
                0x08002128       0x2c CMakeFiles/Explorerss.elf.dir/Dependences/Src/openmv.c.obj
                0x08002128                OpenMVGetTarRoom
 .text.OpenMVGetMap
                0x08002154       0x34 CMakeFiles/Explorerss.elf.dir/Dependences/Src/openmv.c.obj
                0x08002154                OpenMVGetMap
 .text.OpenMVGetDirection
                0x08002188       0x34 CMakeFiles/Explorerss.elf.dir/Dependences/Src/openmv.c.obj
                0x08002188                OpenMVGetDirection
 .text.HAL_UART_RxCpltCallback
                0x080021bc       0x70 CMakeFiles/Explorerss.elf.dir/Dependences/Src/openmv.c.obj
                0x080021bc                HAL_UART_RxCpltCallback
 .text.HAL_InitTick
                0x0800222c       0x4c CMakeFiles/Explorerss.elf.dir/Drivers/STM32F1xx_HAL_Driver/Src/stm32f1xx_hal.c.obj
                0x0800222c                HAL_InitTick
 .text.HAL_Init
                0x08002278       0x24 CMakeFiles/Explorerss.elf.dir/Drivers/STM32F1xx_HAL_Driver/Src/stm32f1xx_hal.c.obj
                0x08002278                HAL_Init
 .text.HAL_IncTick
                0x0800229c       0x18 CMakeFiles/Explorerss.elf.dir/Drivers/STM32F1xx_HAL_Driver/Src/stm32f1xx_hal.c.obj
                0x0800229c                HAL_IncTick
 .text.HAL_GetTick
                0x080022b4        0xc CMakeFiles/Explorerss.elf.dir/Drivers/STM32F1xx_HAL_Driver/Src/stm32f1xx_hal.c.obj
                0x080022b4                HAL_GetTick
 .text.HAL_Delay
                0x080022c0       0x28 CMakeFiles/Explorerss.elf.dir/Drivers/STM32F1xx_HAL_Driver/Src/stm32f1xx_hal.c.obj
                0x080022c0                HAL_Delay
 .text.__NVIC_SetPriority
                0x080022e8       0x28 CMakeFiles/Explorerss.elf.dir/Drivers/STM32F1xx_HAL_Driver/Src/stm32f1xx_hal_cortex.c.obj
 .text.NVIC_EncodePriority
                0x08002310       0x3e CMakeFiles/Explorerss.elf.dir/Drivers/STM32F1xx_HAL_Driver/Src/stm32f1xx_hal_cortex.c.obj
 *fill*         0x0800234e        0x2 
 .text.HAL_NVIC_SetPriorityGrouping
                0x08002350       0x24 CMakeFiles/Explorerss.elf.dir/Drivers/STM32F1xx_HAL_Driver/Src/stm32f1xx_hal_cortex.c.obj
                0x08002350                HAL_NVIC_SetPriorityGrouping
 .text.HAL_NVIC_SetPriority
                0x08002374       0x20 CMakeFiles/Explorerss.elf.dir/Drivers/STM32F1xx_HAL_Driver/Src/stm32f1xx_hal_cortex.c.obj
                0x08002374                HAL_NVIC_SetPriority
 .text.HAL_NVIC_EnableIRQ
                0x08002394       0x1c CMakeFiles/Explorerss.elf.dir/Drivers/STM32F1xx_HAL_Driver/Src/stm32f1xx_hal_cortex.c.obj
                0x08002394                HAL_NVIC_EnableIRQ
 .text.HAL_SYSTICK_Config
                0x080023b0       0x28 CMakeFiles/Explorerss.elf.dir/Drivers/STM32F1xx_HAL_Driver/Src/stm32f1xx_hal_cortex.c.obj
                0x080023b0                HAL_SYSTICK_Config
 .text.HAL_DMA_Abort
                0x080023d8       0x46 CMakeFiles/Explorerss.elf.dir/Drivers/STM32F1xx_HAL_Driver/Src/stm32f1xx_hal_dma.c.obj
                0x080023d8                HAL_DMA_Abort
 *fill*         0x0800241e        0x2 
 .text.HAL_DMA_Abort_IT
                0x08002420       0x98 CMakeFiles/Explorerss.elf.dir/Drivers/STM32F1xx_HAL_Driver/Src/stm32f1xx_hal_dma.c.obj
                0x08002420                HAL_DMA_Abort_IT
 .text.HAL_GPIO_Init
                0x080024b8      0x21c CMakeFiles/Explorerss.elf.dir/Drivers/STM32F1xx_HAL_Driver/Src/stm32f1xx_hal_gpio.c.obj
                0x080024b8                HAL_GPIO_Init
 .text.HAL_GPIO_ReadPin
                0x080026d4        0xe CMakeFiles/Explorerss.elf.dir/Drivers/STM32F1xx_HAL_Driver/Src/stm32f1xx_hal_gpio.c.obj
                0x080026d4                HAL_GPIO_ReadPin
 .text.HAL_GPIO_WritePin
                0x080026e2        0xc CMakeFiles/Explorerss.elf.dir/Drivers/STM32F1xx_HAL_Driver/Src/stm32f1xx_hal_gpio.c.obj
                0x080026e2                HAL_GPIO_WritePin
 .text.I2C_IsAcknowledgeFailed
                0x080026ee       0x32 CMakeFiles/Explorerss.elf.dir/Drivers/STM32F1xx_HAL_Driver/Src/stm32f1xx_hal_i2c.c.obj
 .text.I2C_WaitOnFlagUntilTimeout
                0x08002720       0xaa CMakeFiles/Explorerss.elf.dir/Drivers/STM32F1xx_HAL_Driver/Src/stm32f1xx_hal_i2c.c.obj
 .text.I2C_WaitOnMasterAddressFlagUntilTimeout
                0x080027ca       0xd6 CMakeFiles/Explorerss.elf.dir/Drivers/STM32F1xx_HAL_Driver/Src/stm32f1xx_hal_i2c.c.obj
 .text.I2C_WaitOnTXEFlagUntilTimeout
                0x080028a0       0x5e CMakeFiles/Explorerss.elf.dir/Drivers/STM32F1xx_HAL_Driver/Src/stm32f1xx_hal_i2c.c.obj
 *fill*         0x080028fe        0x2 
 .text.I2C_RequestMemoryWrite
                0x08002900       0xd8 CMakeFiles/Explorerss.elf.dir/Drivers/STM32F1xx_HAL_Driver/Src/stm32f1xx_hal_i2c.c.obj
 .text.I2C_WaitOnBTFFlagUntilTimeout
                0x080029d8       0x5e CMakeFiles/Explorerss.elf.dir/Drivers/STM32F1xx_HAL_Driver/Src/stm32f1xx_hal_i2c.c.obj
 *fill*         0x08002a36        0x2 
 .text.HAL_I2C_Init
                0x08002a38      0x1bc CMakeFiles/Explorerss.elf.dir/Drivers/STM32F1xx_HAL_Driver/Src/stm32f1xx_hal_i2c.c.obj
                0x08002a38                HAL_I2C_Init
 .text.HAL_I2C_Mem_Write
                0x08002bf4      0x164 CMakeFiles/Explorerss.elf.dir/Drivers/STM32F1xx_HAL_Driver/Src/stm32f1xx_hal_i2c.c.obj
                0x08002bf4                HAL_I2C_Mem_Write
 .text.RCC_Delay
                0x08002d58       0x2c CMakeFiles/Explorerss.elf.dir/Drivers/STM32F1xx_HAL_Driver/Src/stm32f1xx_hal_rcc.c.obj
 .text.HAL_RCC_OscConfig
                0x08002d84      0x410 CMakeFiles/Explorerss.elf.dir/Drivers/STM32F1xx_HAL_Driver/Src/stm32f1xx_hal_rcc.c.obj
                0x08002d84                HAL_RCC_OscConfig
 .text.HAL_RCC_GetSysClockFreq
                0x08003194       0x54 CMakeFiles/Explorerss.elf.dir/Drivers/STM32F1xx_HAL_Driver/Src/stm32f1xx_hal_rcc.c.obj
                0x08003194                HAL_RCC_GetSysClockFreq
 .text.HAL_RCC_ClockConfig
                0x080031e8      0x16c CMakeFiles/Explorerss.elf.dir/Drivers/STM32F1xx_HAL_Driver/Src/stm32f1xx_hal_rcc.c.obj
                0x080031e8                HAL_RCC_ClockConfig
 .text.HAL_RCC_GetHCLKFreq
                0x08003354        0xc CMakeFiles/Explorerss.elf.dir/Drivers/STM32F1xx_HAL_Driver/Src/stm32f1xx_hal_rcc.c.obj
                0x08003354                HAL_RCC_GetHCLKFreq
 .text.HAL_RCC_GetPCLK1Freq
                0x08003360       0x20 CMakeFiles/Explorerss.elf.dir/Drivers/STM32F1xx_HAL_Driver/Src/stm32f1xx_hal_rcc.c.obj
                0x08003360                HAL_RCC_GetPCLK1Freq
 .text.HAL_RCC_GetPCLK2Freq
                0x08003380       0x20 CMakeFiles/Explorerss.elf.dir/Drivers/STM32F1xx_HAL_Driver/Src/stm32f1xx_hal_rcc.c.obj
                0x08003380                HAL_RCC_GetPCLK2Freq
 .text.TIM_OC1_SetConfig
                0x080033a0       0x54 CMakeFiles/Explorerss.elf.dir/Drivers/STM32F1xx_HAL_Driver/Src/stm32f1xx_hal_tim.c.obj
 .text.TIM_OC3_SetConfig
                0x080033f4       0x5c CMakeFiles/Explorerss.elf.dir/Drivers/STM32F1xx_HAL_Driver/Src/stm32f1xx_hal_tim.c.obj
 .text.TIM_OC4_SetConfig
                0x08003450       0x48 CMakeFiles/Explorerss.elf.dir/Drivers/STM32F1xx_HAL_Driver/Src/stm32f1xx_hal_tim.c.obj
 .text.TIM_TI1_ConfigInputStage
                0x08003498       0x24 CMakeFiles/Explorerss.elf.dir/Drivers/STM32F1xx_HAL_Driver/Src/stm32f1xx_hal_tim.c.obj
 .text.TIM_TI2_ConfigInputStage
                0x080034bc       0x26 CMakeFiles/Explorerss.elf.dir/Drivers/STM32F1xx_HAL_Driver/Src/stm32f1xx_hal_tim.c.obj
 .text.TIM_ITRx_SetConfig
                0x080034e2       0x10 CMakeFiles/Explorerss.elf.dir/Drivers/STM32F1xx_HAL_Driver/Src/stm32f1xx_hal_tim.c.obj
 *fill*         0x080034f2        0x2 
 .text.HAL_TIM_Base_Start_IT
                0x080034f4       0x68 CMakeFiles/Explorerss.elf.dir/Drivers/STM32F1xx_HAL_Driver/Src/stm32f1xx_hal_tim.c.obj
                0x080034f4                HAL_TIM_Base_Start_IT
 .text.HAL_TIM_PWM_MspInit
                0x0800355c        0x2 CMakeFiles/Explorerss.elf.dir/Drivers/STM32F1xx_HAL_Driver/Src/stm32f1xx_hal_tim.c.obj
                0x0800355c                HAL_TIM_PWM_MspInit
 .text.HAL_TIM_OC_DelayElapsedCallback
                0x0800355e        0x2 CMakeFiles/Explorerss.elf.dir/Drivers/STM32F1xx_HAL_Driver/Src/stm32f1xx_hal_tim.c.obj
                0x0800355e                HAL_TIM_OC_DelayElapsedCallback
 .text.HAL_TIM_IC_CaptureCallback
                0x08003560        0x2 CMakeFiles/Explorerss.elf.dir/Drivers/STM32F1xx_HAL_Driver/Src/stm32f1xx_hal_tim.c.obj
                0x08003560                HAL_TIM_IC_CaptureCallback
 .text.HAL_TIM_PWM_PulseFinishedCallback
                0x08003562        0x2 CMakeFiles/Explorerss.elf.dir/Drivers/STM32F1xx_HAL_Driver/Src/stm32f1xx_hal_tim.c.obj
                0x08003562                HAL_TIM_PWM_PulseFinishedCallback
 .text.HAL_TIM_TriggerCallback
                0x08003564        0x2 CMakeFiles/Explorerss.elf.dir/Drivers/STM32F1xx_HAL_Driver/Src/stm32f1xx_hal_tim.c.obj
                0x08003564                HAL_TIM_TriggerCallback
 .text.HAL_TIM_IRQHandler
                0x08003566      0x17a CMakeFiles/Explorerss.elf.dir/Drivers/STM32F1xx_HAL_Driver/Src/stm32f1xx_hal_tim.c.obj
                0x08003566                HAL_TIM_IRQHandler
 .text.TIM_Base_SetConfig
                0x080036e0       0x74 CMakeFiles/Explorerss.elf.dir/Drivers/STM32F1xx_HAL_Driver/Src/stm32f1xx_hal_tim.c.obj
                0x080036e0                TIM_Base_SetConfig
 .text.HAL_TIM_Base_Init
                0x08003754       0x58 CMakeFiles/Explorerss.elf.dir/Drivers/STM32F1xx_HAL_Driver/Src/stm32f1xx_hal_tim.c.obj
                0x08003754                HAL_TIM_Base_Init
 .text.HAL_TIM_PWM_Init
                0x080037ac       0x58 CMakeFiles/Explorerss.elf.dir/Drivers/STM32F1xx_HAL_Driver/Src/stm32f1xx_hal_tim.c.obj
                0x080037ac                HAL_TIM_PWM_Init
 .text.HAL_TIM_Encoder_Init
                0x08003804       0xb6 CMakeFiles/Explorerss.elf.dir/Drivers/STM32F1xx_HAL_Driver/Src/stm32f1xx_hal_tim.c.obj
                0x08003804                HAL_TIM_Encoder_Init
 *fill*         0x080038ba        0x2 
 .text.TIM_OC2_SetConfig
                0x080038bc       0x5c CMakeFiles/Explorerss.elf.dir/Drivers/STM32F1xx_HAL_Driver/Src/stm32f1xx_hal_tim.c.obj
                0x080038bc                TIM_OC2_SetConfig
 .text.HAL_TIM_PWM_ConfigChannel
                0x08003918       0xdc CMakeFiles/Explorerss.elf.dir/Drivers/STM32F1xx_HAL_Driver/Src/stm32f1xx_hal_tim.c.obj
                0x08003918                HAL_TIM_PWM_ConfigChannel
 .text.TIM_ETR_SetConfig
                0x080039f4       0x18 CMakeFiles/Explorerss.elf.dir/Drivers/STM32F1xx_HAL_Driver/Src/stm32f1xx_hal_tim.c.obj
                0x080039f4                TIM_ETR_SetConfig
 .text.HAL_TIM_ConfigClockSource
                0x08003a0c       0xfe CMakeFiles/Explorerss.elf.dir/Drivers/STM32F1xx_HAL_Driver/Src/stm32f1xx_hal_tim.c.obj
                0x08003a0c                HAL_TIM_ConfigClockSource
 .text.TIM_CCxChannelCmd
                0x08003b0a       0x1e CMakeFiles/Explorerss.elf.dir/Drivers/STM32F1xx_HAL_Driver/Src/stm32f1xx_hal_tim.c.obj
                0x08003b0a                TIM_CCxChannelCmd
 .text.HAL_TIM_PWM_Start
                0x08003b28       0xdc CMakeFiles/Explorerss.elf.dir/Drivers/STM32F1xx_HAL_Driver/Src/stm32f1xx_hal_tim.c.obj
                0x08003b28                HAL_TIM_PWM_Start
 .text.HAL_TIM_Encoder_Start
                0x08003c04       0xcc CMakeFiles/Explorerss.elf.dir/Drivers/STM32F1xx_HAL_Driver/Src/stm32f1xx_hal_tim.c.obj
                0x08003c04                HAL_TIM_Encoder_Start
 .text.HAL_TIMEx_MasterConfigSynchronization
                0x08003cd0       0x6c CMakeFiles/Explorerss.elf.dir/Drivers/STM32F1xx_HAL_Driver/Src/stm32f1xx_hal_tim_ex.c.obj
                0x08003cd0                HAL_TIMEx_MasterConfigSynchronization
 .text.HAL_TIMEx_CommutCallback
                0x08003d3c        0x2 CMakeFiles/Explorerss.elf.dir/Drivers/STM32F1xx_HAL_Driver/Src/stm32f1xx_hal_tim_ex.c.obj
                0x08003d3c                HAL_TIMEx_CommutCallback
 .text.HAL_TIMEx_BreakCallback
                0x08003d3e        0x2 CMakeFiles/Explorerss.elf.dir/Drivers/STM32F1xx_HAL_Driver/Src/stm32f1xx_hal_tim_ex.c.obj
                0x08003d3e                HAL_TIMEx_BreakCallback
 .text.UART_EndRxTransfer
                0x08003d40       0x5c CMakeFiles/Explorerss.elf.dir/Drivers/STM32F1xx_HAL_Driver/Src/stm32f1xx_hal_uart.c.obj
 .text.UART_Transmit_IT
                0x08003d9c       0x60 CMakeFiles/Explorerss.elf.dir/Drivers/STM32F1xx_HAL_Driver/Src/stm32f1xx_hal_uart.c.obj
 .text.UART_SetConfig
                0x08003dfc       0x94 CMakeFiles/Explorerss.elf.dir/Drivers/STM32F1xx_HAL_Driver/Src/stm32f1xx_hal_uart.c.obj
 .text.UART_WaitOnFlagUntilTimeout
                0x08003e90       0x84 CMakeFiles/Explorerss.elf.dir/Drivers/STM32F1xx_HAL_Driver/Src/stm32f1xx_hal_uart.c.obj
 .text.HAL_UART_Init
                0x08003f14       0x60 CMakeFiles/Explorerss.elf.dir/Drivers/STM32F1xx_HAL_Driver/Src/stm32f1xx_hal_uart.c.obj
                0x08003f14                HAL_UART_Init
 .text.HAL_UART_Transmit
                0x08003f74       0xbe CMakeFiles/Explorerss.elf.dir/Drivers/STM32F1xx_HAL_Driver/Src/stm32f1xx_hal_uart.c.obj
                0x08003f74                HAL_UART_Transmit
 .text.HAL_UART_TxCpltCallback
                0x08004032        0x2 CMakeFiles/Explorerss.elf.dir/Drivers/STM32F1xx_HAL_Driver/Src/stm32f1xx_hal_uart.c.obj
                0x08004032                HAL_UART_TxCpltCallback
 .text.UART_EndTransmit_IT
                0x08004034       0x1a CMakeFiles/Explorerss.elf.dir/Drivers/STM32F1xx_HAL_Driver/Src/stm32f1xx_hal_uart.c.obj
 .text.HAL_UART_ErrorCallback
                0x0800404e        0x2 CMakeFiles/Explorerss.elf.dir/Drivers/STM32F1xx_HAL_Driver/Src/stm32f1xx_hal_uart.c.obj
                0x0800404e                HAL_UART_ErrorCallback
 .text.UART_DMAAbortOnError
                0x08004050       0x10 CMakeFiles/Explorerss.elf.dir/Drivers/STM32F1xx_HAL_Driver/Src/stm32f1xx_hal_uart.c.obj
 .text.HAL_UARTEx_RxEventCallback
                0x08004060        0x2 CMakeFiles/Explorerss.elf.dir/Drivers/STM32F1xx_HAL_Driver/Src/stm32f1xx_hal_uart.c.obj
                0x08004060                HAL_UARTEx_RxEventCallback
 .text.UART_Receive_IT
                0x08004062       0xe6 CMakeFiles/Explorerss.elf.dir/Drivers/STM32F1xx_HAL_Driver/Src/stm32f1xx_hal_uart.c.obj
 .text.HAL_UART_IRQHandler
                0x08004148      0x284 CMakeFiles/Explorerss.elf.dir/Drivers/STM32F1xx_HAL_Driver/Src/stm32f1xx_hal_uart.c.obj
                0x08004148                HAL_UART_IRQHandler
 .text.UART_Start_Receive_IT
                0x080043cc       0x36 CMakeFiles/Explorerss.elf.dir/Drivers/STM32F1xx_HAL_Driver/Src/stm32f1xx_hal_uart.c.obj
                0x080043cc                UART_Start_Receive_IT
 .text.HAL_UART_Receive_IT
                0x08004402       0x26 CMakeFiles/Explorerss.elf.dir/Drivers/STM32F1xx_HAL_Driver/Src/stm32f1xx_hal_uart.c.obj
                0x08004402                HAL_UART_Receive_IT
 .text.ControlInit
                0x08004428       0x6c CMakeFiles/Explorerss.elf.dir/Tasks/Src/Control.c.obj
                0x08004428                ControlInit
 .text.Control  0x08004494       0xa0 CMakeFiles/Explorerss.elf.dir/Tasks/Src/Control.c.obj
                0x08004494                Control
 .text.SetMotorOutputPID
                0x08004534       0x74 CMakeFiles/Explorerss.elf.dir/Tasks/Src/Functions.c.obj
                0x08004534                SetMotorOutputPID
 .text.MotorOutputPIDClear
                0x080045a8       0x18 CMakeFiles/Explorerss.elf.dir/Tasks/Src/Functions.c.obj
                0x080045a8                MotorOutputPIDClear
 .text.SetMotorOutputEncoder
                0x080045c0       0xa0 CMakeFiles/Explorerss.elf.dir/Tasks/Src/Functions.c.obj
                0x080045c0                SetMotorOutputEncoder
 .text.Turn     0x08004660       0x3c CMakeFiles/Explorerss.elf.dir/Tasks/Src/Functions.c.obj
                0x08004660                Turn
 .text.ForwardTurn
                0x0800469c       0x5c CMakeFiles/Explorerss.elf.dir/Tasks/Src/Functions.c.obj
                0x0800469c                ForwardTurn
 .text.Mission1Handler
                0x080046f8      0x150 CMakeFiles/Explorerss.elf.dir/Tasks/Src/TaskBranches/Task1.c.obj
                0x080046f8                Mission1Handler
 .text.Mission2Handler
                0x08004848      0x128 CMakeFiles/Explorerss.elf.dir/Tasks/Src/TaskBranches/Task2.c.obj
                0x08004848                Mission2Handler
 .text.Mission3Handler
                0x08004970      0x2ac CMakeFiles/Explorerss.elf.dir/Tasks/Src/TaskBranches/Task3.c.obj
                0x08004970                Mission3Handler
 .text.Mission4Handler
                0x08004c1c      0x1b8 CMakeFiles/Explorerss.elf.dir/Tasks/Src/TaskBranches/Task4.c.obj
                0x08004c1c                Mission4Handler
 .text.Mission5Handler
                0x08004dd4        0x2 CMakeFiles/Explorerss.elf.dir/Tasks/Src/TaskBranches/Task5.c.obj
                0x08004dd4                Mission5Handler
 *fill*         0x08004dd6        0x2 
 .text.TaskManager_Init
                0x08004dd8       0x30 CMakeFiles/Explorerss.elf.dir/Tasks/Src/TaskManager.c.obj
                0x08004dd8                TaskManager_Init
 .text.MissionWait_ms
                0x08004e08        0xc CMakeFiles/Explorerss.elf.dir/Tasks/Src/TaskManager.c.obj
                0x08004e08                MissionWait_ms
 .text.MissionWait_msCallBack
                0x08004e14       0x14 CMakeFiles/Explorerss.elf.dir/Tasks/Src/TaskManager.c.obj
                0x08004e14                MissionWait_msCallBack
 .text.EnquireVehicleNum
                0x08004e28       0x28 CMakeFiles/Explorerss.elf.dir/Tasks/Src/TaskManager.c.obj
                0x08004e28                EnquireVehicleNum
 .text.OpenMVWaitForMission
                0x08004e50        0x8 CMakeFiles/Explorerss.elf.dir/Tasks/Src/TaskManager.c.obj
                0x08004e50                OpenMVWaitForMission
 .text.JudgeBranch
                0x08004e58       0x84 CMakeFiles/Explorerss.elf.dir/Tasks/Src/TaskManager.c.obj
                0x08004e58                JudgeBranch
 .text.Mission0Handler
                0x08004edc      0x15c CMakeFiles/Explorerss.elf.dir/Tasks/Src/TaskManager.c.obj
                0x08004edc                Mission0Handler
 .text.TaskManagerCallBack
                0x08005038       0x3c CMakeFiles/Explorerss.elf.dir/Tasks/Src/TaskManager.c.obj
                0x08005038                TaskManagerCallBack
 .text.FirstTurn
                0x08005074       0x30 CMakeFiles/Explorerss.elf.dir/Tasks/Src/TaskManager.c.obj
                0x08005074                FirstTurn
 .text.FollowLinePID_Init
                0x080050a4       0x44 CMakeFiles/Explorerss.elf.dir/Tasks/Src/followline.c.obj
                0x080050a4                FollowLinePID_Init
 .text.FollowLineRememberLineClear
                0x080050e8        0xc CMakeFiles/Explorerss.elf.dir/Tasks/Src/followline.c.obj
                0x080050e8                FollowLineRememberLineClear
 *fill*         0x080050f4        0x4 
 .text.FollowLinePIDCallBack
                0x080050f8      0x18c CMakeFiles/Explorerss.elf.dir/Tasks/Src/followline.c.obj
                0x080050f8                FollowLinePIDCallBack
 .text.FollowLineClearLineCount
                0x08005284       0x1c CMakeFiles/Explorerss.elf.dir/Tasks/Src/followline.c.obj
                0x08005284                FollowLineClearLineCount
 .text.FollowLineForLengthCallBack
                0x080052a0       0x40 CMakeFiles/Explorerss.elf.dir/Tasks/Src/followline.c.obj
                0x080052a0                FollowLineForLengthCallBack
 .text.memset   0x080052e0       0xa4 e:/12.2 mpacbti-bet1/bin/../lib/gcc/arm-none-eabi/12.2.0/thumb/v7e-m/nofp\libg.a(libc_a-memset.o)
                0x080052e0                memset
 .text.__errno  0x08005384        0xc e:/12.2 mpacbti-bet1/bin/../lib/gcc/arm-none-eabi/12.2.0/thumb/v7e-m/nofp\libg.a(libc_a-errno.o)
                0x08005384                __errno
 .text.__libc_init_array
                0x08005390       0x50 e:/12.2 mpacbti-bet1/bin/../lib/gcc/arm-none-eabi/12.2.0/thumb/v7e-m/nofp\libg.a(libc_a-init.o)
                0x08005390                __libc_init_array
 .text.__retarget_lock_acquire_recursive
                0x080053e0        0x4 e:/12.2 mpacbti-bet1/bin/../lib/gcc/arm-none-eabi/12.2.0/thumb/v7e-m/nofp\libg.a(libc_a-lock.o)
                0x080053e0                __retarget_lock_acquire_recursive
 .text.__retarget_lock_release_recursive
                0x080053e4        0x4 e:/12.2 mpacbti-bet1/bin/../lib/gcc/arm-none-eabi/12.2.0/thumb/v7e-m/nofp\libg.a(libc_a-lock.o)
                0x080053e4                __retarget_lock_release_recursive
 .text.startup.register_fini
                0x080053e8       0x14 e:/12.2 mpacbti-bet1/bin/../lib/gcc/arm-none-eabi/12.2.0/thumb/v7e-m/nofp\libg.a(libc_a-__call_atexit.o)
 .text.atexit   0x080053fc        0xc e:/12.2 mpacbti-bet1/bin/../lib/gcc/arm-none-eabi/12.2.0/thumb/v7e-m/nofp\libg.a(libc_a-atexit.o)
                0x080053fc                atexit
 .text.__libc_fini_array
                0x08005408       0x28 e:/12.2 mpacbti-bet1/bin/../lib/gcc/arm-none-eabi/12.2.0/thumb/v7e-m/nofp\libg.a(libc_a-fini.o)
                0x08005408                __libc_fini_array
 .text.__register_exitproc
                0x08005430       0x88 e:/12.2 mpacbti-bet1/bin/../lib/gcc/arm-none-eabi/12.2.0/thumb/v7e-m/nofp\libg.a(libc_a-__atexit.o)
                0x08005430                __register_exitproc
 .text.log10    0x080054b8       0x68 e:/12.2 mpacbti-bet1/bin/../lib/gcc/arm-none-eabi/12.2.0/thumb/v7e-m/nofp\libm.a(libm_a-w_log10.o)
                0x080054b8                log10
 .text.nan      0x08005520        0xc e:/12.2 mpacbti-bet1/bin/../lib/gcc/arm-none-eabi/12.2.0/thumb/v7e-m/nofp\libm.a(libm_a-s_nan.o)
                0x08005520                nan
 *fill*         0x0800552c        0x4 
 .text.__ieee754_log10
                0x08005530      0x104 e:/12.2 mpacbti-bet1/bin/../lib/gcc/arm-none-eabi/12.2.0/thumb/v7e-m/nofp\libm.a(libm_a-e_log10.o)
                0x08005530                __ieee754_log10
 *fill*         0x08005634        0x4 
 .text.__ieee754_log
                0x08005638      0x400 e:/12.2 mpacbti-bet1/bin/../lib/gcc/arm-none-eabi/12.2.0/thumb/v7e-m/nofp\libm.a(libm_a-e_log.o)
                0x08005638                __ieee754_log
 *(.glue_7)
 .glue_7        0x08005a38        0x0 linker stubs
 *(.glue_7t)
 .glue_7t       0x08005a38        0x0 linker stubs
 *(.eh_frame)
 .eh_frame      0x08005a38        0x0 e:/12.2 mpacbti-bet1/bin/../lib/gcc/arm-none-eabi/12.2.0/thumb/v7e-m/nofp/crtbegin.o
 *(.init)
 .init          0x08005a38        0x4 e:/12.2 mpacbti-bet1/bin/../lib/gcc/arm-none-eabi/12.2.0/thumb/v7e-m/nofp/crti.o
                0x08005a38                _init
 .init          0x08005a3c        0x8 e:/12.2 mpacbti-bet1/bin/../lib/gcc/arm-none-eabi/12.2.0/thumb/v7e-m/nofp/crtn.o
 *(.fini)
 .fini          0x08005a44        0x4 e:/12.2 mpacbti-bet1/bin/../lib/gcc/arm-none-eabi/12.2.0/thumb/v7e-m/nofp/crti.o
                0x08005a44                _fini
 .fini          0x08005a48        0x8 e:/12.2 mpacbti-bet1/bin/../lib/gcc/arm-none-eabi/12.2.0/thumb/v7e-m/nofp/crtn.o
                0x08005a50                        . = ALIGN (0x4)
                0x08005a50                        _etext = .

.vfp11_veneer   0x08005a50        0x0
 .vfp11_veneer  0x08005a50        0x0 linker stubs

.v4_bx          0x08005a50        0x0
 .v4_bx         0x08005a50        0x0 linker stubs

.iplt           0x08005a50        0x0
 .iplt          0x08005a50        0x0 e:/12.2 mpacbti-bet1/bin/../lib/gcc/arm-none-eabi/12.2.0/thumb/v7e-m/nofp/crtbegin.o

.rodata         0x08005a50      0x8b8
                0x08005a50                        . = ALIGN (0x4)
 *(.rodata)
 *(.rodata*)
 .rodata.main.str1.4
                0x08005a50       0x4c CMakeFiles/Explorerss.elf.dir/Core/Src/main.c.obj
 .rodata.APBPrescTable
                0x08005a9c        0x8 CMakeFiles/Explorerss.elf.dir/Core/Src/system_stm32f1xx.c.obj
                0x08005a9c                APBPrescTable
 .rodata.AHBPrescTable
                0x08005aa4       0x10 CMakeFiles/Explorerss.elf.dir/Core/Src/system_stm32f1xx.c.obj
                0x08005aa4                AHBPrescTable
 .rodata.sensor_pin
                0x08005ab4        0xc CMakeFiles/Explorerss.elf.dir/Dependences/Src/GrayScaler.c.obj
 .rodata.sensor_port
                0x08005ac0       0x18 CMakeFiles/Explorerss.elf.dir/Dependences/Src/GrayScaler.c.obj
 .rodata.F8X16  0x08005ad8      0x5f0 CMakeFiles/Explorerss.elf.dir/Dependences/Src/oled.c.obj
                0x08005ad8                F8X16
 .rodata.F6x8   0x080060c8      0x228 CMakeFiles/Explorerss.elf.dir/Dependences/Src/oled.c.obj
                0x080060c8                F6x8
 .rodata.aPredivFactorTable.0
                0x080062f0        0x2 CMakeFiles/Explorerss.elf.dir/Drivers/STM32F1xx_HAL_Driver/Src/stm32f1xx_hal_rcc.c.obj
 *fill*         0x080062f2        0x2 
 .rodata.aPLLMULFactorTable.1
                0x080062f4       0x10 CMakeFiles/Explorerss.elf.dir/Drivers/STM32F1xx_HAL_Driver/Src/stm32f1xx_hal_rcc.c.obj
 .rodata.log10.str1.4
                0x08006304        0x1 e:/12.2 mpacbti-bet1/bin/../lib/gcc/arm-none-eabi/12.2.0/thumb/v7e-m/nofp\libm.a(libm_a-w_log10.o)
                0x08006308                        . = ALIGN (0x4)
 *fill*         0x08006305        0x3 

.rel.dyn        0x08006308        0x0
 .rel.iplt      0x08006308        0x0 e:/12.2 mpacbti-bet1/bin/../lib/gcc/arm-none-eabi/12.2.0/thumb/v7e-m/nofp/crtbegin.o

.ARM.extab      0x08006308        0x0
                0x08006308                        . = ALIGN (0x4)
 *(.ARM.extab* .gnu.linkonce.armextab.*)
                0x08006308                        . = ALIGN (0x4)

.ARM            0x08006308        0x0
                0x08006308                        . = ALIGN (0x4)
                0x08006308                        __exidx_start = .
 *(.ARM.exidx*)
                0x08006308                        __exidx_end = .
                0x08006308                        . = ALIGN (0x4)

.preinit_array  0x08006308        0x0
                0x08006308                        . = ALIGN (0x4)
                0x08006308                        PROVIDE (__preinit_array_start = .)
 *(.preinit_array*)
                0x08006308                        PROVIDE (__preinit_array_end = .)
                0x08006308                        . = ALIGN (0x4)

.init_array     0x08006308        0x8
                0x08006308                        . = ALIGN (0x4)
                0x08006308                        PROVIDE (__init_array_start = .)
 *(SORT_BY_NAME(.init_array.*))
 .init_array.00000
                0x08006308        0x4 e:/12.2 mpacbti-bet1/bin/../lib/gcc/arm-none-eabi/12.2.0/thumb/v7e-m/nofp\libg.a(libc_a-__call_atexit.o)
 *(.init_array*)
 .init_array    0x0800630c        0x4 e:/12.2 mpacbti-bet1/bin/../lib/gcc/arm-none-eabi/12.2.0/thumb/v7e-m/nofp/crtbegin.o
                0x08006310                        PROVIDE (__init_array_end = .)
                0x08006310                        . = ALIGN (0x4)

.fini_array     0x08006310        0x4
                0x08006310                        . = ALIGN (0x4)
                0x08006310                        PROVIDE (__fini_array_start = .)
 *(SORT_BY_NAME(.fini_array.*))
 *(.fini_array*)
 .fini_array    0x08006310        0x4 e:/12.2 mpacbti-bet1/bin/../lib/gcc/arm-none-eabi/12.2.0/thumb/v7e-m/nofp/crtbegin.o
                0x08006314                        PROVIDE (__fini_array_end = .)
                0x08006314                        . = ALIGN (0x4)
                0x08006314                        _sidata = LOADADDR (.data)

.data           0x20000000      0x174 load address 0x08006314
                0x20000000                        . = ALIGN (0x4)
                0x20000000                        _sdata = .
 *(.data)
 *(.data*)
 .data.SystemCoreClock
                0x20000000        0x4 CMakeFiles/Explorerss.elf.dir/Core/Src/system_stm32f1xx.c.obj
                0x20000000                SystemCoreClock
 .data.uwTickFreq
                0x20000004        0x1 CMakeFiles/Explorerss.elf.dir/Drivers/STM32F1xx_HAL_Driver/Src/stm32f1xx_hal.c.obj
                0x20000004                uwTickFreq
 *fill*         0x20000005        0x3 
 .data.uwTickPrio
                0x20000008        0x4 CMakeFiles/Explorerss.elf.dir/Drivers/STM32F1xx_HAL_Driver/Src/stm32f1xx_hal.c.obj
                0x20000008                uwTickPrio
 .data.hpid_rmotor
                0x2000000c       0x20 CMakeFiles/Explorerss.elf.dir/Tasks/Src/Functions.c.obj
                0x2000000c                hpid_rmotor
 .data.hpid_lmotor
                0x2000002c       0x20 CMakeFiles/Explorerss.elf.dir/Tasks/Src/Functions.c.obj
                0x2000002c                hpid_lmotor
 .data._impure_ptr
                0x2000004c        0x4 e:/12.2 mpacbti-bet1/bin/../lib/gcc/arm-none-eabi/12.2.0/thumb/v7e-m/nofp\libg.a(libc_a-impure.o)
                0x2000004c                _impure_ptr
 .data._impure_data
                0x20000050      0x120 e:/12.2 mpacbti-bet1/bin/../lib/gcc/arm-none-eabi/12.2.0/thumb/v7e-m/nofp\libg.a(libc_a-impure.o)
                0x20000050                _impure_data
 .data.__atexit_recursive_mutex
                0x20000170        0x4 e:/12.2 mpacbti-bet1/bin/../lib/gcc/arm-none-eabi/12.2.0/thumb/v7e-m/nofp\libg.a(libc_a-__call_atexit.o)
                0x20000170                __atexit_recursive_mutex
 *(.RamFunc)
 *(.RamFunc*)
                0x20000174                        . = ALIGN (0x4)
                0x20000174                        _edata = .

.tm_clone_table
                0x20000174        0x0 load address 0x08006488
 .tm_clone_table
                0x20000174        0x0 e:/12.2 mpacbti-bet1/bin/../lib/gcc/arm-none-eabi/12.2.0/thumb/v7e-m/nofp/crtbegin.o
 .tm_clone_table
                0x20000174        0x0 e:/12.2 mpacbti-bet1/bin/../lib/gcc/arm-none-eabi/12.2.0/thumb/v7e-m/nofp/crtend.o

.igot.plt       0x20000174        0x0 load address 0x08006488
 .igot.plt      0x20000174        0x0 e:/12.2 mpacbti-bet1/bin/../lib/gcc/arm-none-eabi/12.2.0/thumb/v7e-m/nofp/crtbegin.o
                0x20000174                        . = ALIGN (0x4)

.bss            0x20000178      0x504 load address 0x08006488
                0x20000178                        _sbss = .
                0x20000178                        __bss_start__ = _sbss
 *(.bss)
 *(.bss*)
 .bss.completed.1
                0x20000178        0x1 e:/12.2 mpacbti-bet1/bin/../lib/gcc/arm-none-eabi/12.2.0/thumb/v7e-m/nofp/crtbegin.o
 *fill*         0x20000179        0x3 
 .bss.object.0  0x2000017c       0x18 e:/12.2 mpacbti-bet1/bin/../lib/gcc/arm-none-eabi/12.2.0/thumb/v7e-m/nofp/crtbegin.o
 .bss.hi2c2     0x20000194       0x54 CMakeFiles/Explorerss.elf.dir/Core/Src/i2c.c.obj
                0x20000194                hi2c2
 .bss.htim4     0x200001e8       0x48 CMakeFiles/Explorerss.elf.dir/Core/Src/tim.c.obj
                0x200001e8                htim4
 .bss.htim3     0x20000230       0x48 CMakeFiles/Explorerss.elf.dir/Core/Src/tim.c.obj
                0x20000230                htim3
 .bss.htim2     0x20000278       0x48 CMakeFiles/Explorerss.elf.dir/Core/Src/tim.c.obj
                0x20000278                htim2
 .bss.huart1    0x200002c0       0x48 CMakeFiles/Explorerss.elf.dir/Core/Src/usart.c.obj
                0x200002c0                huart1
 .bss.encoderR_10ms_tmp
                0x20000308        0x2 CMakeFiles/Explorerss.elf.dir/Dependences/Src/Encoder.c.obj
 .bss.encoderL_10ms_tmp
                0x2000030a        0x2 CMakeFiles/Explorerss.elf.dir/Dependences/Src/Encoder.c.obj
 .bss.encoder_count
                0x2000030c        0x2 CMakeFiles/Explorerss.elf.dir/Dependences/Src/Encoder.c.obj
 .bss.encoderR_10ms
                0x2000030e        0x2 CMakeFiles/Explorerss.elf.dir/Dependences/Src/Encoder.c.obj
                0x2000030e                encoderR_10ms
 .bss.encoderL_10ms
                0x20000310        0x2 CMakeFiles/Explorerss.elf.dir/Dependences/Src/Encoder.c.obj
                0x20000310                encoderL_10ms
 .bss.encoderR_1ms
                0x20000312        0x2 CMakeFiles/Explorerss.elf.dir/Dependences/Src/Encoder.c.obj
                0x20000312                encoderR_1ms
 .bss.encoderL_1ms
                0x20000314        0x2 CMakeFiles/Explorerss.elf.dir/Dependences/Src/Encoder.c.obj
                0x20000314                encoderL_1ms
 .bss.ex_sensor_count
                0x20000316        0x1 CMakeFiles/Explorerss.elf.dir/Dependences/Src/GrayScaler.c.obj
                0x20000316                ex_sensor_count
 .bss.sensor_count
                0x20000317        0x1 CMakeFiles/Explorerss.elf.dir/Dependences/Src/GrayScaler.c.obj
                0x20000317                sensor_count
 .bss.sensor    0x20000318        0x6 CMakeFiles/Explorerss.elf.dir/Dependences/Src/GrayScaler.c.obj
                0x20000318                sensor
 .bss.loaded    0x2000031e        0x1 CMakeFiles/Explorerss.elf.dir/Dependences/Src/MedicineBox.c.obj
                0x2000031e                loaded
 .bss.Intercom_connect
                0x2000031f        0x1 CMakeFiles/Explorerss.elf.dir/Dependences/Src/intercom.c.obj
                0x2000031f                Intercom_connect
 .bss.Intercom_yourstate
                0x20000320        0x1 CMakeFiles/Explorerss.elf.dir/Dependences/Src/intercom.c.obj
                0x20000320                Intercom_yourstate
 .bss.Intercom_mystate
                0x20000321        0x1 CMakeFiles/Explorerss.elf.dir/Dependences/Src/intercom.c.obj
                0x20000321                Intercom_mystate
 *fill*         0x20000322        0x2 
 .bss.oled_hi2c
                0x20000324        0x4 CMakeFiles/Explorerss.elf.dir/Dependences/Src/oled.c.obj
                0x20000324                oled_hi2c
 .bss.openmv_rxbuffer
                0x20000328        0xa CMakeFiles/Explorerss.elf.dir/Dependences/Src/openmv.c.obj
                0x20000328                openmv_rxbuffer
 .bss.openmv_wait_switch
                0x20000332        0x1 CMakeFiles/Explorerss.elf.dir/Dependences/Src/openmv.c.obj
                0x20000332                openmv_wait_switch
 *fill*         0x20000333        0x1 
 .bss.uwTick    0x20000334        0x4 CMakeFiles/Explorerss.elf.dir/Drivers/STM32F1xx_HAL_Driver/Src/stm32f1xx_hal.c.obj
                0x20000334                uwTick
 .bss.frames    0x20000338        0x8 CMakeFiles/Explorerss.elf.dir/Tasks/Src/Control.c.obj
                0x20000338                frames
 .bss.right_button
                0x20000340        0x2 CMakeFiles/Explorerss.elf.dir/Tasks/Src/Control.c.obj
                0x20000340                right_button
 *fill*         0x20000342        0x2 
 .bss.left_button
                0x20000344        0x2 CMakeFiles/Explorerss.elf.dir/Tasks/Src/Control.c.obj
                0x20000344                left_button
 .bss.debug_stop
                0x20000346        0x1 CMakeFiles/Explorerss.elf.dir/Tasks/Src/Control.c.obj
                0x20000346                debug_stop
 .bss.Path_turn_flag.0
                0x20000347        0x1 CMakeFiles/Explorerss.elf.dir/Tasks/Src/Functions.c.obj
 .bss.encoderR_count.1
                0x20000348        0x4 CMakeFiles/Explorerss.elf.dir/Tasks/Src/Functions.c.obj
 .bss.encoderL_count.2
                0x2000034c        0x4 CMakeFiles/Explorerss.elf.dir/Tasks/Src/Functions.c.obj
 .bss.Path_now  0x20000350        0x1 CMakeFiles/Explorerss.elf.dir/Tasks/Src/Functions.c.obj
                0x20000350                Path_now
 *fill*         0x20000351        0x1 
 .bss.Routput   0x20000352        0x2 CMakeFiles/Explorerss.elf.dir/Tasks/Src/Functions.c.obj
                0x20000352                Routput
 .bss.Loutput   0x20000354        0x2 CMakeFiles/Explorerss.elf.dir/Tasks/Src/Functions.c.obj
                0x20000354                Loutput
 .bss.last_stage1
                0x20000356        0x1 CMakeFiles/Explorerss.elf.dir/Tasks/Src/TaskBranches/Task1.c.obj
                0x20000356                last_stage1
 .bss.stage1    0x20000357        0x1 CMakeFiles/Explorerss.elf.dir/Tasks/Src/TaskBranches/Task1.c.obj
                0x20000357                stage1
 .bss.last_stage2
                0x20000358        0x1 CMakeFiles/Explorerss.elf.dir/Tasks/Src/TaskBranches/Task2.c.obj
                0x20000358                last_stage2
 .bss.stage2    0x20000359        0x1 CMakeFiles/Explorerss.elf.dir/Tasks/Src/TaskBranches/Task2.c.obj
                0x20000359                stage2
 .bss.last_stage3
                0x2000035a        0x1 CMakeFiles/Explorerss.elf.dir/Tasks/Src/TaskBranches/Task3.c.obj
                0x2000035a                last_stage3
 .bss.stage3    0x2000035b        0x1 CMakeFiles/Explorerss.elf.dir/Tasks/Src/TaskBranches/Task3.c.obj
                0x2000035b                stage3
 .bss.last_stage4
                0x2000035c        0x1 CMakeFiles/Explorerss.elf.dir/Tasks/Src/TaskBranches/Task4.c.obj
                0x2000035c                last_stage4
 .bss.stage4    0x2000035d        0x1 CMakeFiles/Explorerss.elf.dir/Tasks/Src/TaskBranches/Task4.c.obj
                0x2000035d                stage4
 .bss.stage5    0x2000035e        0x1 CMakeFiles/Explorerss.elf.dir/Tasks/Src/TaskBranches/Task5.c.obj
                0x2000035e                stage5
 .bss.turn_flag
                0x2000035f        0x1 CMakeFiles/Explorerss.elf.dir/Tasks/Src/TaskManager.c.obj
                0x2000035f                turn_flag
 .bss.mission_wait_count
                0x20000360        0x4 CMakeFiles/Explorerss.elf.dir/Tasks/Src/TaskManager.c.obj
                0x20000360                mission_wait_count
 .bss.mission_wait_flag
                0x20000364        0x1 CMakeFiles/Explorerss.elf.dir/Tasks/Src/TaskManager.c.obj
                0x20000364                mission_wait_flag
 .bss.last_stage0
                0x20000365        0x1 CMakeFiles/Explorerss.elf.dir/Tasks/Src/TaskManager.c.obj
                0x20000365                last_stage0
 .bss.stage0    0x20000366        0x1 CMakeFiles/Explorerss.elf.dir/Tasks/Src/TaskManager.c.obj
                0x20000366                stage0
 *fill*         0x20000367        0x1 
 .bss.mission   0x20000368        0x5 CMakeFiles/Explorerss.elf.dir/Tasks/Src/TaskManager.c.obj
                0x20000368                mission
 *fill*         0x2000036d        0x3 
 .bss.encoder_count_follow.0
                0x20000370        0x4 CMakeFiles/Explorerss.elf.dir/Tasks/Src/followline.c.obj
 .bss.line_flag
                0x20000374        0x1 CMakeFiles/Explorerss.elf.dir/Tasks/Src/followline.c.obj
                0x20000374                line_flag
 .bss.last_line_count
                0x20000375        0x1 CMakeFiles/Explorerss.elf.dir/Tasks/Src/followline.c.obj
                0x20000375                last_line_count
 .bss.line_count
                0x20000376        0x1 CMakeFiles/Explorerss.elf.dir/Tasks/Src/followline.c.obj
                0x20000376                line_count
 .bss.rsensor_count
                0x20000377        0x1 CMakeFiles/Explorerss.elf.dir/Tasks/Src/followline.c.obj
                0x20000377                rsensor_count
 .bss.lsensor_count
                0x20000378        0x1 CMakeFiles/Explorerss.elf.dir/Tasks/Src/followline.c.obj
                0x20000378                lsensor_count
 *fill*         0x20000379        0x3 
 .bss.rsensor   0x2000037c        0x4 CMakeFiles/Explorerss.elf.dir/Tasks/Src/followline.c.obj
                0x2000037c                rsensor
 .bss.lsensor   0x20000380        0x4 CMakeFiles/Explorerss.elf.dir/Tasks/Src/followline.c.obj
                0x20000380                lsensor
 .bss.sensor_output
                0x20000384        0x4 CMakeFiles/Explorerss.elf.dir/Tasks/Src/followline.c.obj
                0x20000384                sensor_output
 .bss.sensor_input
                0x20000388        0x4 CMakeFiles/Explorerss.elf.dir/Tasks/Src/followline.c.obj
                0x20000388                sensor_input
 .bss.hpid_followline
                0x2000038c       0x20 CMakeFiles/Explorerss.elf.dir/Tasks/Src/followline.c.obj
                0x2000038c                hpid_followline
 .bss.__sf      0x200003ac      0x138 e:/12.2 mpacbti-bet1/bin/../lib/gcc/arm-none-eabi/12.2.0/thumb/v7e-m/nofp\libg.a(libc_a-findfp.o)
                0x200003ac                __sf
 .bss.__lock___atexit_recursive_mutex
                0x200004e4        0x1 e:/12.2 mpacbti-bet1/bin/../lib/gcc/arm-none-eabi/12.2.0/thumb/v7e-m/nofp\libg.a(libc_a-lock.o)
                0x200004e4                __lock___atexit_recursive_mutex
 *fill*         0x200004e5        0x3 
 .bss.__atexit  0x200004e8        0x4 e:/12.2 mpacbti-bet1/bin/../lib/gcc/arm-none-eabi/12.2.0/thumb/v7e-m/nofp\libg.a(libc_a-__call_atexit.o)
                0x200004e8                __atexit
 .bss.__atexit0
                0x200004ec      0x190 e:/12.2 mpacbti-bet1/bin/../lib/gcc/arm-none-eabi/12.2.0/thumb/v7e-m/nofp\libg.a(libc_a-__atexit.o)
                0x200004ec                __atexit0
 *(COMMON)
                0x2000067c                        . = ALIGN (0x4)
                0x2000067c                        _ebss = .
                0x2000067c                        __bss_end__ = _ebss

._user_heap_stack
                0x2000067c      0x604 load address 0x08006488
                0x20000680                        . = ALIGN (0x8)
 *fill*         0x2000067c        0x4 
                [!provide]                        PROVIDE (end = .)
                0x20000680                        PROVIDE (_end = .)
                0x20000880                        . = (. + _Min_Heap_Size)
 *fill*         0x20000680      0x200 
                0x20000c80                        . = (. + _Min_Stack_Size)
 *fill*         0x20000880      0x400 
                0x20000c80                        . = ALIGN (0x8)

/DISCARD/
 libc.a(*)
 libm.a(*)
 libgcc.a(*)

.ARM.attributes
                0x00000000       0x2a
 *(.ARM.attributes)
 .ARM.attributes
                0x00000000       0x1e e:/12.2 mpacbti-bet1/bin/../lib/gcc/arm-none-eabi/12.2.0/thumb/v7e-m/nofp/crti.o
 .ARM.attributes
                0x0000001e       0x2e e:/12.2 mpacbti-bet1/bin/../lib/gcc/arm-none-eabi/12.2.0/thumb/v7e-m/nofp/crtbegin.o
 .ARM.attributes
                0x0000004c       0x2e CMakeFiles/Explorerss.elf.dir/Core/Src/gpio.c.obj
 .ARM.attributes
                0x0000007a       0x2e CMakeFiles/Explorerss.elf.dir/Core/Src/i2c.c.obj
 .ARM.attributes
                0x000000a8       0x2e CMakeFiles/Explorerss.elf.dir/Core/Src/main.c.obj
 .ARM.attributes
                0x000000d6       0x2e CMakeFiles/Explorerss.elf.dir/Core/Src/stm32f1xx_hal_msp.c.obj
 .ARM.attributes
                0x00000104       0x2e CMakeFiles/Explorerss.elf.dir/Core/Src/stm32f1xx_it.c.obj
 .ARM.attributes
                0x00000132       0x2e CMakeFiles/Explorerss.elf.dir/Core/Src/system_stm32f1xx.c.obj
 .ARM.attributes
                0x00000160       0x2e CMakeFiles/Explorerss.elf.dir/Core/Src/tim.c.obj
 .ARM.attributes
                0x0000018e       0x2e CMakeFiles/Explorerss.elf.dir/Core/Src/usart.c.obj
 .ARM.attributes
                0x000001bc       0x21 CMakeFiles/Explorerss.elf.dir/Core/Startup/startup_stm32f103c8tx.s.obj
 .ARM.attributes
                0x000001dd       0x2e CMakeFiles/Explorerss.elf.dir/Dependences/Src/Encoder.c.obj
 .ARM.attributes
                0x0000020b       0x2e CMakeFiles/Explorerss.elf.dir/Dependences/Src/GrayScaler.c.obj
 .ARM.attributes
                0x00000239       0x2e CMakeFiles/Explorerss.elf.dir/Dependences/Src/LED.c.obj
 .ARM.attributes
                0x00000267       0x2e CMakeFiles/Explorerss.elf.dir/Dependences/Src/MedicineBox.c.obj
 .ARM.attributes
                0x00000295       0x2e CMakeFiles/Explorerss.elf.dir/Dependences/Src/Motor.c.obj
 .ARM.attributes
                0x000002c3       0x2e CMakeFiles/Explorerss.elf.dir/Dependences/Src/PID.c.obj
 .ARM.attributes
                0x000002f1       0x2e CMakeFiles/Explorerss.elf.dir/Dependences/Src/intercom.c.obj
 .ARM.attributes
                0x0000031f       0x2e CMakeFiles/Explorerss.elf.dir/Dependences/Src/oled.c.obj
 .ARM.attributes
                0x0000034d       0x2e CMakeFiles/Explorerss.elf.dir/Dependences/Src/openmv.c.obj
 .ARM.attributes
                0x0000037b       0x2e CMakeFiles/Explorerss.elf.dir/Drivers/STM32F1xx_HAL_Driver/Src/stm32f1xx_hal.c.obj
 .ARM.attributes
                0x000003a9       0x2e CMakeFiles/Explorerss.elf.dir/Drivers/STM32F1xx_HAL_Driver/Src/stm32f1xx_hal_cortex.c.obj
 .ARM.attributes
                0x000003d7       0x2e CMakeFiles/Explorerss.elf.dir/Drivers/STM32F1xx_HAL_Driver/Src/stm32f1xx_hal_dma.c.obj
 .ARM.attributes
                0x00000405       0x2e CMakeFiles/Explorerss.elf.dir/Drivers/STM32F1xx_HAL_Driver/Src/stm32f1xx_hal_gpio.c.obj
 .ARM.attributes
                0x00000433       0x2e CMakeFiles/Explorerss.elf.dir/Drivers/STM32F1xx_HAL_Driver/Src/stm32f1xx_hal_i2c.c.obj
 .ARM.attributes
                0x00000461       0x2e CMakeFiles/Explorerss.elf.dir/Drivers/STM32F1xx_HAL_Driver/Src/stm32f1xx_hal_rcc.c.obj
 .ARM.attributes
                0x0000048f       0x2e CMakeFiles/Explorerss.elf.dir/Drivers/STM32F1xx_HAL_Driver/Src/stm32f1xx_hal_tim.c.obj
 .ARM.attributes
                0x000004bd       0x2e CMakeFiles/Explorerss.elf.dir/Drivers/STM32F1xx_HAL_Driver/Src/stm32f1xx_hal_tim_ex.c.obj
 .ARM.attributes
                0x000004eb       0x2e CMakeFiles/Explorerss.elf.dir/Drivers/STM32F1xx_HAL_Driver/Src/stm32f1xx_hal_uart.c.obj
 .ARM.attributes
                0x00000519       0x2e CMakeFiles/Explorerss.elf.dir/Tasks/Src/Control.c.obj
 .ARM.attributes
                0x00000547       0x2e CMakeFiles/Explorerss.elf.dir/Tasks/Src/Functions.c.obj
 .ARM.attributes
                0x00000575       0x2e CMakeFiles/Explorerss.elf.dir/Tasks/Src/TaskBranches/Task1.c.obj
 .ARM.attributes
                0x000005a3       0x2e CMakeFiles/Explorerss.elf.dir/Tasks/Src/TaskBranches/Task2.c.obj
 .ARM.attributes
                0x000005d1       0x2e CMakeFiles/Explorerss.elf.dir/Tasks/Src/TaskBranches/Task3.c.obj
 .ARM.attributes
                0x000005ff       0x2e CMakeFiles/Explorerss.elf.dir/Tasks/Src/TaskBranches/Task4.c.obj
 .ARM.attributes
                0x0000062d       0x2e CMakeFiles/Explorerss.elf.dir/Tasks/Src/TaskBranches/Task5.c.obj
 .ARM.attributes
                0x0000065b       0x2e CMakeFiles/Explorerss.elf.dir/Tasks/Src/TaskManager.c.obj
 .ARM.attributes
                0x00000689       0x2e CMakeFiles/Explorerss.elf.dir/Tasks/Src/followline.c.obj
 .ARM.attributes
                0x000006b7       0x1e e:/12.2 mpacbti-bet1/bin/../lib/gcc/arm-none-eabi/12.2.0/thumb/v7e-m/nofp\libgcc.a(_arm_addsubdf3.o)
 .ARM.attributes
                0x000006d5       0x1e e:/12.2 mpacbti-bet1/bin/../lib/gcc/arm-none-eabi/12.2.0/thumb/v7e-m/nofp\libgcc.a(_arm_muldivdf3.o)
 .ARM.attributes
                0x000006f3       0x1e e:/12.2 mpacbti-bet1/bin/../lib/gcc/arm-none-eabi/12.2.0/thumb/v7e-m/nofp\libgcc.a(_arm_cmpdf2.o)
 .ARM.attributes
                0x00000711       0x1e e:/12.2 mpacbti-bet1/bin/../lib/gcc/arm-none-eabi/12.2.0/thumb/v7e-m/nofp\libgcc.a(_arm_fixunsdfsi.o)
 .ARM.attributes
                0x0000072f       0x1e e:/12.2 mpacbti-bet1/bin/../lib/gcc/arm-none-eabi/12.2.0/thumb/v7e-m/nofp\libgcc.a(_arm_truncdfsf2.o)
 .ARM.attributes
                0x0000074d       0x1e e:/12.2 mpacbti-bet1/bin/../lib/gcc/arm-none-eabi/12.2.0/thumb/v7e-m/nofp\libgcc.a(_arm_addsubsf3.o)
 .ARM.attributes
                0x0000076b       0x1e e:/12.2 mpacbti-bet1/bin/../lib/gcc/arm-none-eabi/12.2.0/thumb/v7e-m/nofp\libgcc.a(_arm_muldivsf3.o)
 .ARM.attributes
                0x00000789       0x1e e:/12.2 mpacbti-bet1/bin/../lib/gcc/arm-none-eabi/12.2.0/thumb/v7e-m/nofp\libgcc.a(_arm_cmpsf2.o)
 .ARM.attributes
                0x000007a7       0x1e e:/12.2 mpacbti-bet1/bin/../lib/gcc/arm-none-eabi/12.2.0/thumb/v7e-m/nofp\libgcc.a(_arm_fixsfsi.o)
 .ARM.attributes
                0x000007c5       0x2e e:/12.2 mpacbti-bet1/bin/../lib/gcc/arm-none-eabi/12.2.0/thumb/v7e-m/nofp\libg.a(libc_a-findfp.o)
 .ARM.attributes
                0x000007f3       0x2e e:/12.2 mpacbti-bet1/bin/../lib/gcc/arm-none-eabi/12.2.0/thumb/v7e-m/nofp\libg.a(libc_a-memset.o)
 .ARM.attributes
                0x00000821       0x2e e:/12.2 mpacbti-bet1/bin/../lib/gcc/arm-none-eabi/12.2.0/thumb/v7e-m/nofp\libg.a(libc_a-impure.o)
 .ARM.attributes
                0x0000084f       0x2e e:/12.2 mpacbti-bet1/bin/../lib/gcc/arm-none-eabi/12.2.0/thumb/v7e-m/nofp\libg.a(libc_a-errno.o)
 .ARM.attributes
                0x0000087d       0x2e e:/12.2 mpacbti-bet1/bin/../lib/gcc/arm-none-eabi/12.2.0/thumb/v7e-m/nofp\libg.a(libc_a-init.o)
 .ARM.attributes
                0x000008ab       0x2e e:/12.2 mpacbti-bet1/bin/../lib/gcc/arm-none-eabi/12.2.0/thumb/v7e-m/nofp\libg.a(libc_a-lock.o)
 .ARM.attributes
                0x000008d9       0x2e e:/12.2 mpacbti-bet1/bin/../lib/gcc/arm-none-eabi/12.2.0/thumb/v7e-m/nofp\libg.a(libc_a-__call_atexit.o)
 .ARM.attributes
                0x00000907       0x2e e:/12.2 mpacbti-bet1/bin/../lib/gcc/arm-none-eabi/12.2.0/thumb/v7e-m/nofp\libg.a(libc_a-atexit.o)
 .ARM.attributes
                0x00000935       0x2e e:/12.2 mpacbti-bet1/bin/../lib/gcc/arm-none-eabi/12.2.0/thumb/v7e-m/nofp\libg.a(libc_a-fini.o)
 .ARM.attributes
                0x00000963       0x2e e:/12.2 mpacbti-bet1/bin/../lib/gcc/arm-none-eabi/12.2.0/thumb/v7e-m/nofp\libg.a(libc_a-__atexit.o)
 .ARM.attributes
                0x00000991       0x2e e:/12.2 mpacbti-bet1/bin/../lib/gcc/arm-none-eabi/12.2.0/thumb/v7e-m/nofp/crtend.o
 .ARM.attributes
                0x000009bf       0x1e e:/12.2 mpacbti-bet1/bin/../lib/gcc/arm-none-eabi/12.2.0/thumb/v7e-m/nofp/crtn.o
OUTPUT(Explorerss.elf elf32-littlearm)
LOAD linker stubs
LOAD e:/12.2 mpacbti-bet1/bin/../lib/gcc/arm-none-eabi/12.2.0/thumb/v7e-m/nofp\libc.a
LOAD e:/12.2 mpacbti-bet1/bin/../lib/gcc/arm-none-eabi/12.2.0/thumb/v7e-m/nofp\libm.a
LOAD e:/12.2 mpacbti-bet1/bin/../lib/gcc/arm-none-eabi/12.2.0/thumb/v7e-m/nofp\libgcc.a

.comment        0x00000000       0x4c
 .comment       0x00000000       0x4c e:/12.2 mpacbti-bet1/bin/../lib/gcc/arm-none-eabi/12.2.0/thumb/v7e-m/nofp/crtbegin.o
                                 0x4d (size before relaxing)
 .comment       0x0000004c       0x4d CMakeFiles/Explorerss.elf.dir/Core/Src/gpio.c.obj
 .comment       0x0000004c       0x4d CMakeFiles/Explorerss.elf.dir/Core/Src/i2c.c.obj
 .comment       0x0000004c       0x4d CMakeFiles/Explorerss.elf.dir/Core/Src/main.c.obj
 .comment       0x0000004c       0x4d CMakeFiles/Explorerss.elf.dir/Core/Src/stm32f1xx_hal_msp.c.obj
 .comment       0x0000004c       0x4d CMakeFiles/Explorerss.elf.dir/Core/Src/stm32f1xx_it.c.obj
 .comment       0x0000004c       0x4d CMakeFiles/Explorerss.elf.dir/Core/Src/system_stm32f1xx.c.obj
 .comment       0x0000004c       0x4d CMakeFiles/Explorerss.elf.dir/Core/Src/tim.c.obj
 .comment       0x0000004c       0x4d CMakeFiles/Explorerss.elf.dir/Core/Src/usart.c.obj
 .comment       0x0000004c       0x4d CMakeFiles/Explorerss.elf.dir/Dependences/Src/Encoder.c.obj
 .comment       0x0000004c       0x4d CMakeFiles/Explorerss.elf.dir/Dependences/Src/GrayScaler.c.obj
 .comment       0x0000004c       0x4d CMakeFiles/Explorerss.elf.dir/Dependences/Src/LED.c.obj
 .comment       0x0000004c       0x4d CMakeFiles/Explorerss.elf.dir/Dependences/Src/MedicineBox.c.obj
 .comment       0x0000004c       0x4d CMakeFiles/Explorerss.elf.dir/Dependences/Src/Motor.c.obj
 .comment       0x0000004c       0x4d CMakeFiles/Explorerss.elf.dir/Dependences/Src/PID.c.obj
 .comment       0x0000004c       0x4d CMakeFiles/Explorerss.elf.dir/Dependences/Src/intercom.c.obj
 .comment       0x0000004c       0x4d CMakeFiles/Explorerss.elf.dir/Dependences/Src/oled.c.obj
 .comment       0x0000004c       0x4d CMakeFiles/Explorerss.elf.dir/Dependences/Src/openmv.c.obj
 .comment       0x0000004c       0x4d CMakeFiles/Explorerss.elf.dir/Drivers/STM32F1xx_HAL_Driver/Src/stm32f1xx_hal.c.obj
 .comment       0x0000004c       0x4d CMakeFiles/Explorerss.elf.dir/Drivers/STM32F1xx_HAL_Driver/Src/stm32f1xx_hal_cortex.c.obj
 .comment       0x0000004c       0x4d CMakeFiles/Explorerss.elf.dir/Drivers/STM32F1xx_HAL_Driver/Src/stm32f1xx_hal_dma.c.obj
 .comment       0x0000004c       0x4d CMakeFiles/Explorerss.elf.dir/Drivers/STM32F1xx_HAL_Driver/Src/stm32f1xx_hal_gpio.c.obj
 .comment       0x0000004c       0x4d CMakeFiles/Explorerss.elf.dir/Drivers/STM32F1xx_HAL_Driver/Src/stm32f1xx_hal_i2c.c.obj
 .comment       0x0000004c       0x4d CMakeFiles/Explorerss.elf.dir/Drivers/STM32F1xx_HAL_Driver/Src/stm32f1xx_hal_rcc.c.obj
 .comment       0x0000004c       0x4d CMakeFiles/Explorerss.elf.dir/Drivers/STM32F1xx_HAL_Driver/Src/stm32f1xx_hal_tim.c.obj
 .comment       0x0000004c       0x4d CMakeFiles/Explorerss.elf.dir/Drivers/STM32F1xx_HAL_Driver/Src/stm32f1xx_hal_tim_ex.c.obj
 .comment       0x0000004c       0x4d CMakeFiles/Explorerss.elf.dir/Drivers/STM32F1xx_HAL_Driver/Src/stm32f1xx_hal_uart.c.obj
 .comment       0x0000004c       0x4d CMakeFiles/Explorerss.elf.dir/Tasks/Src/Control.c.obj
 .comment       0x0000004c       0x4d CMakeFiles/Explorerss.elf.dir/Tasks/Src/Functions.c.obj
 .comment       0x0000004c       0x4d CMakeFiles/Explorerss.elf.dir/Tasks/Src/TaskBranches/Task1.c.obj
 .comment       0x0000004c       0x4d CMakeFiles/Explorerss.elf.dir/Tasks/Src/TaskBranches/Task2.c.obj
 .comment       0x0000004c       0x4d CMakeFiles/Explorerss.elf.dir/Tasks/Src/TaskBranches/Task3.c.obj
 .comment       0x0000004c       0x4d CMakeFiles/Explorerss.elf.dir/Tasks/Src/TaskBranches/Task4.c.obj
 .comment       0x0000004c       0x4d CMakeFiles/Explorerss.elf.dir/Tasks/Src/TaskBranches/Task5.c.obj
 .comment       0x0000004c       0x4d CMakeFiles/Explorerss.elf.dir/Tasks/Src/TaskManager.c.obj
 .comment       0x0000004c       0x4d CMakeFiles/Explorerss.elf.dir/Tasks/Src/followline.c.obj
 .comment       0x0000004c       0x4d e:/12.2 mpacbti-bet1/bin/../lib/gcc/arm-none-eabi/12.2.0/thumb/v7e-m/nofp\libg.a(libc_a-findfp.o)
 .comment       0x0000004c       0x4d e:/12.2 mpacbti-bet1/bin/../lib/gcc/arm-none-eabi/12.2.0/thumb/v7e-m/nofp\libg.a(libc_a-memset.o)
 .comment       0x0000004c       0x4d e:/12.2 mpacbti-bet1/bin/../lib/gcc/arm-none-eabi/12.2.0/thumb/v7e-m/nofp\libg.a(libc_a-impure.o)
 .comment       0x0000004c       0x4d e:/12.2 mpacbti-bet1/bin/../lib/gcc/arm-none-eabi/12.2.0/thumb/v7e-m/nofp\libg.a(libc_a-errno.o)
 .comment       0x0000004c       0x4d e:/12.2 mpacbti-bet1/bin/../lib/gcc/arm-none-eabi/12.2.0/thumb/v7e-m/nofp\libg.a(libc_a-init.o)
 .comment       0x0000004c       0x4d e:/12.2 mpacbti-bet1/bin/../lib/gcc/arm-none-eabi/12.2.0/thumb/v7e-m/nofp\libg.a(libc_a-lock.o)
 .comment       0x0000004c       0x4d e:/12.2 mpacbti-bet1/bin/../lib/gcc/arm-none-eabi/12.2.0/thumb/v7e-m/nofp\libg.a(libc_a-__call_atexit.o)
 .comment       0x0000004c       0x4d e:/12.2 mpacbti-bet1/bin/../lib/gcc/arm-none-eabi/12.2.0/thumb/v7e-m/nofp\libg.a(libc_a-atexit.o)
 .comment       0x0000004c       0x4d e:/12.2 mpacbti-bet1/bin/../lib/gcc/arm-none-eabi/12.2.0/thumb/v7e-m/nofp\libg.a(libc_a-fini.o)
 .comment       0x0000004c       0x4d e:/12.2 mpacbti-bet1/bin/../lib/gcc/arm-none-eabi/12.2.0/thumb/v7e-m/nofp\libg.a(libc_a-__atexit.o)
 .comment       0x0000004c       0x4d e:/12.2 mpacbti-bet1/bin/../lib/gcc/arm-none-eabi/12.2.0/thumb/v7e-m/nofp/crtend.o

.debug_info     0x00000000    0x1d1a9
 .debug_info    0x00000000      0x3b4 CMakeFiles/Explorerss.elf.dir/Core/Src/gpio.c.obj
 .debug_info    0x000003b4      0x859 CMakeFiles/Explorerss.elf.dir/Core/Src/i2c.c.obj
 .debug_info    0x00000c0d      0xc06 CMakeFiles/Explorerss.elf.dir/Core/Src/main.c.obj
 .debug_info    0x00001813      0x1f4 CMakeFiles/Explorerss.elf.dir/Core/Src/stm32f1xx_hal_msp.c.obj
 .debug_info    0x00001a07      0x9c4 CMakeFiles/Explorerss.elf.dir/Core/Src/stm32f1xx_it.c.obj
 .debug_info    0x000023cb      0x22d CMakeFiles/Explorerss.elf.dir/Core/Src/system_stm32f1xx.c.obj
 .debug_info    0x000025f8     0x1104 CMakeFiles/Explorerss.elf.dir/Core/Src/tim.c.obj
 .debug_info    0x000036fc      0x9e7 CMakeFiles/Explorerss.elf.dir/Core/Src/usart.c.obj
 .debug_info    0x000040e3       0x2e CMakeFiles/Explorerss.elf.dir/Core/Startup/startup_stm32f103c8tx.s.obj
 .debug_info    0x00004111      0x738 CMakeFiles/Explorerss.elf.dir/Dependences/Src/Encoder.c.obj
 .debug_info    0x00004849      0x270 CMakeFiles/Explorerss.elf.dir/Dependences/Src/GrayScaler.c.obj
 .debug_info    0x00004ab9      0x2e5 CMakeFiles/Explorerss.elf.dir/Dependences/Src/LED.c.obj
 .debug_info    0x00004d9e      0x1e5 CMakeFiles/Explorerss.elf.dir/Dependences/Src/MedicineBox.c.obj
 .debug_info    0x00004f83      0x925 CMakeFiles/Explorerss.elf.dir/Dependences/Src/Motor.c.obj
 .debug_info    0x000058a8      0x299 CMakeFiles/Explorerss.elf.dir/Dependences/Src/PID.c.obj
 .debug_info    0x00005b41      0x238 CMakeFiles/Explorerss.elf.dir/Dependences/Src/intercom.c.obj
 .debug_info    0x00005d79     0x15fc CMakeFiles/Explorerss.elf.dir/Dependences/Src/oled.c.obj
 .debug_info    0x00007375      0x7af CMakeFiles/Explorerss.elf.dir/Dependences/Src/openmv.c.obj
 .debug_info    0x00007b24      0x7a2 CMakeFiles/Explorerss.elf.dir/Drivers/STM32F1xx_HAL_Driver/Src/stm32f1xx_hal.c.obj
 .debug_info    0x000082c6      0xcad CMakeFiles/Explorerss.elf.dir/Drivers/STM32F1xx_HAL_Driver/Src/stm32f1xx_hal_cortex.c.obj
 .debug_info    0x00008f73      0x7da CMakeFiles/Explorerss.elf.dir/Drivers/STM32F1xx_HAL_Driver/Src/stm32f1xx_hal_dma.c.obj
 .debug_info    0x0000974d      0x604 CMakeFiles/Explorerss.elf.dir/Drivers/STM32F1xx_HAL_Driver/Src/stm32f1xx_hal_gpio.c.obj
 .debug_info    0x00009d51     0x38b7 CMakeFiles/Explorerss.elf.dir/Drivers/STM32F1xx_HAL_Driver/Src/stm32f1xx_hal_i2c.c.obj
 .debug_info    0x0000d608      0x9c7 CMakeFiles/Explorerss.elf.dir/Drivers/STM32F1xx_HAL_Driver/Src/stm32f1xx_hal_rcc.c.obj
 .debug_info    0x0000dfcf     0x3b74 CMakeFiles/Explorerss.elf.dir/Drivers/STM32F1xx_HAL_Driver/Src/stm32f1xx_hal_tim.c.obj
 .debug_info    0x00011b43     0x1a88 CMakeFiles/Explorerss.elf.dir/Drivers/STM32F1xx_HAL_Driver/Src/stm32f1xx_hal_tim_ex.c.obj
 .debug_info    0x000135cb     0x404c CMakeFiles/Explorerss.elf.dir/Drivers/STM32F1xx_HAL_Driver/Src/stm32f1xx_hal_uart.c.obj
 .debug_info    0x00017617      0xd1b CMakeFiles/Explorerss.elf.dir/Tasks/Src/Control.c.obj
 .debug_info    0x00018332      0x685 CMakeFiles/Explorerss.elf.dir/Tasks/Src/Functions.c.obj
 .debug_info    0x000189b7      0x2d6 CMakeFiles/Explorerss.elf.dir/Tasks/Src/TaskBranches/Task1.c.obj
 .debug_info    0x00018c8d      0x266 CMakeFiles/Explorerss.elf.dir/Tasks/Src/TaskBranches/Task2.c.obj
 .debug_info    0x00018ef3      0x456 CMakeFiles/Explorerss.elf.dir/Tasks/Src/TaskBranches/Task3.c.obj
 .debug_info    0x00019349      0x325 CMakeFiles/Explorerss.elf.dir/Tasks/Src/TaskBranches/Task4.c.obj
 .debug_info    0x0001966e       0xee CMakeFiles/Explorerss.elf.dir/Tasks/Src/TaskBranches/Task5.c.obj
 .debug_info    0x0001975c      0x6e4 CMakeFiles/Explorerss.elf.dir/Tasks/Src/TaskManager.c.obj
 .debug_info    0x00019e40      0x4b8 CMakeFiles/Explorerss.elf.dir/Tasks/Src/followline.c.obj
 .debug_info    0x0001a2f8       0xb6 e:/12.2 mpacbti-bet1/bin/../lib/gcc/arm-none-eabi/12.2.0/thumb/v7e-m/nofp\libgcc.a(_arm_addsubdf3.o)
 .debug_info    0x0001a3ae       0x52 e:/12.2 mpacbti-bet1/bin/../lib/gcc/arm-none-eabi/12.2.0/thumb/v7e-m/nofp\libgcc.a(_arm_muldivdf3.o)
 .debug_info    0x0001a400       0xc0 e:/12.2 mpacbti-bet1/bin/../lib/gcc/arm-none-eabi/12.2.0/thumb/v7e-m/nofp\libgcc.a(_arm_cmpdf2.o)
 .debug_info    0x0001a4c0       0x39 e:/12.2 mpacbti-bet1/bin/../lib/gcc/arm-none-eabi/12.2.0/thumb/v7e-m/nofp\libgcc.a(_arm_fixunsdfsi.o)
 .debug_info    0x0001a4f9       0x3c e:/12.2 mpacbti-bet1/bin/../lib/gcc/arm-none-eabi/12.2.0/thumb/v7e-m/nofp\libgcc.a(_arm_truncdfsf2.o)
 .debug_info    0x0001a535       0xaf e:/12.2 mpacbti-bet1/bin/../lib/gcc/arm-none-eabi/12.2.0/thumb/v7e-m/nofp\libgcc.a(_arm_addsubsf3.o)
 .debug_info    0x0001a5e4       0x52 e:/12.2 mpacbti-bet1/bin/../lib/gcc/arm-none-eabi/12.2.0/thumb/v7e-m/nofp\libgcc.a(_arm_muldivsf3.o)
 .debug_info    0x0001a636       0xbc e:/12.2 mpacbti-bet1/bin/../lib/gcc/arm-none-eabi/12.2.0/thumb/v7e-m/nofp\libgcc.a(_arm_cmpsf2.o)
 .debug_info    0x0001a6f2       0x39 e:/12.2 mpacbti-bet1/bin/../lib/gcc/arm-none-eabi/12.2.0/thumb/v7e-m/nofp\libgcc.a(_arm_fixsfsi.o)
 .debug_info    0x0001a72b     0x109f e:/12.2 mpacbti-bet1/bin/../lib/gcc/arm-none-eabi/12.2.0/thumb/v7e-m/nofp\libg.a(libc_a-findfp.o)
 .debug_info    0x0001b7ca      0x135 e:/12.2 mpacbti-bet1/bin/../lib/gcc/arm-none-eabi/12.2.0/thumb/v7e-m/nofp\libg.a(libc_a-memset.o)
 .debug_info    0x0001b8ff      0x732 e:/12.2 mpacbti-bet1/bin/../lib/gcc/arm-none-eabi/12.2.0/thumb/v7e-m/nofp\libg.a(libc_a-impure.o)
 .debug_info    0x0001c031      0x718 e:/12.2 mpacbti-bet1/bin/../lib/gcc/arm-none-eabi/12.2.0/thumb/v7e-m/nofp\libg.a(libc_a-errno.o)
 .debug_info    0x0001c749      0x10b e:/12.2 mpacbti-bet1/bin/../lib/gcc/arm-none-eabi/12.2.0/thumb/v7e-m/nofp\libg.a(libc_a-init.o)
 .debug_info    0x0001c854      0x20a e:/12.2 mpacbti-bet1/bin/../lib/gcc/arm-none-eabi/12.2.0/thumb/v7e-m/nofp\libg.a(libc_a-lock.o)
 .debug_info    0x0001ca5e      0x2dd e:/12.2 mpacbti-bet1/bin/../lib/gcc/arm-none-eabi/12.2.0/thumb/v7e-m/nofp\libg.a(libc_a-__call_atexit.o)
 .debug_info    0x0001cd3b      0x118 e:/12.2 mpacbti-bet1/bin/../lib/gcc/arm-none-eabi/12.2.0/thumb/v7e-m/nofp\libg.a(libc_a-atexit.o)
 .debug_info    0x0001ce53       0xf7 e:/12.2 mpacbti-bet1/bin/../lib/gcc/arm-none-eabi/12.2.0/thumb/v7e-m/nofp\libg.a(libc_a-fini.o)
 .debug_info    0x0001cf4a      0x25f e:/12.2 mpacbti-bet1/bin/../lib/gcc/arm-none-eabi/12.2.0/thumb/v7e-m/nofp\libg.a(libc_a-__atexit.o)

.debug_abbrev   0x00000000     0x5082
 .debug_abbrev  0x00000000      0x151 CMakeFiles/Explorerss.elf.dir/Core/Src/gpio.c.obj
 .debug_abbrev  0x00000151      0x1fc CMakeFiles/Explorerss.elf.dir/Core/Src/i2c.c.obj
 .debug_abbrev  0x0000034d      0x284 CMakeFiles/Explorerss.elf.dir/Core/Src/main.c.obj
 .debug_abbrev  0x000005d1       0xed CMakeFiles/Explorerss.elf.dir/Core/Src/stm32f1xx_hal_msp.c.obj
 .debug_abbrev  0x000006be      0x1a4 CMakeFiles/Explorerss.elf.dir/Core/Src/stm32f1xx_it.c.obj
 .debug_abbrev  0x00000862      0x143 CMakeFiles/Explorerss.elf.dir/Core/Src/system_stm32f1xx.c.obj
 .debug_abbrev  0x000009a5      0x29f CMakeFiles/Explorerss.elf.dir/Core/Src/tim.c.obj
 .debug_abbrev  0x00000c44      0x223 CMakeFiles/Explorerss.elf.dir/Core/Src/usart.c.obj
 .debug_abbrev  0x00000e67       0x1d CMakeFiles/Explorerss.elf.dir/Core/Startup/startup_stm32f103c8tx.s.obj
 .debug_abbrev  0x00000e84      0x1bd CMakeFiles/Explorerss.elf.dir/Dependences/Src/Encoder.c.obj
 .debug_abbrev  0x00001041      0x16a CMakeFiles/Explorerss.elf.dir/Dependences/Src/GrayScaler.c.obj
 .debug_abbrev  0x000011ab      0x148 CMakeFiles/Explorerss.elf.dir/Dependences/Src/LED.c.obj
 .debug_abbrev  0x000012f3      0x12f CMakeFiles/Explorerss.elf.dir/Dependences/Src/MedicineBox.c.obj
 .debug_abbrev  0x00001422      0x1d9 CMakeFiles/Explorerss.elf.dir/Dependences/Src/Motor.c.obj
 .debug_abbrev  0x000015fb      0x12e CMakeFiles/Explorerss.elf.dir/Dependences/Src/PID.c.obj
 .debug_abbrev  0x00001729      0x15c CMakeFiles/Explorerss.elf.dir/Dependences/Src/intercom.c.obj
 .debug_abbrev  0x00001885      0x2bc CMakeFiles/Explorerss.elf.dir/Dependences/Src/oled.c.obj
 .debug_abbrev  0x00001b41      0x1c8 CMakeFiles/Explorerss.elf.dir/Dependences/Src/openmv.c.obj
 .debug_abbrev  0x00001d09      0x22d CMakeFiles/Explorerss.elf.dir/Drivers/STM32F1xx_HAL_Driver/Src/stm32f1xx_hal.c.obj
 .debug_abbrev  0x00001f36      0x36d CMakeFiles/Explorerss.elf.dir/Drivers/STM32F1xx_HAL_Driver/Src/stm32f1xx_hal_cortex.c.obj
 .debug_abbrev  0x000022a3      0x244 CMakeFiles/Explorerss.elf.dir/Drivers/STM32F1xx_HAL_Driver/Src/stm32f1xx_hal_dma.c.obj
 .debug_abbrev  0x000024e7      0x1f7 CMakeFiles/Explorerss.elf.dir/Drivers/STM32F1xx_HAL_Driver/Src/stm32f1xx_hal_gpio.c.obj
 .debug_abbrev  0x000026de      0x2be CMakeFiles/Explorerss.elf.dir/Drivers/STM32F1xx_HAL_Driver/Src/stm32f1xx_hal_i2c.c.obj
 .debug_abbrev  0x0000299c      0x2a0 CMakeFiles/Explorerss.elf.dir/Drivers/STM32F1xx_HAL_Driver/Src/stm32f1xx_hal_rcc.c.obj
 .debug_abbrev  0x00002c3c      0x270 CMakeFiles/Explorerss.elf.dir/Drivers/STM32F1xx_HAL_Driver/Src/stm32f1xx_hal_tim.c.obj
 .debug_abbrev  0x00002eac      0x26e CMakeFiles/Explorerss.elf.dir/Drivers/STM32F1xx_HAL_Driver/Src/stm32f1xx_hal_tim_ex.c.obj
 .debug_abbrev  0x0000311a      0x31c CMakeFiles/Explorerss.elf.dir/Drivers/STM32F1xx_HAL_Driver/Src/stm32f1xx_hal_uart.c.obj
 .debug_abbrev  0x00003436      0x239 CMakeFiles/Explorerss.elf.dir/Tasks/Src/Control.c.obj
 .debug_abbrev  0x0000366f      0x1cc CMakeFiles/Explorerss.elf.dir/Tasks/Src/Functions.c.obj
 .debug_abbrev  0x0000383b       0xf7 CMakeFiles/Explorerss.elf.dir/Tasks/Src/TaskBranches/Task1.c.obj
 .debug_abbrev  0x00003932       0xff CMakeFiles/Explorerss.elf.dir/Tasks/Src/TaskBranches/Task2.c.obj
 .debug_abbrev  0x00003a31      0x118 CMakeFiles/Explorerss.elf.dir/Tasks/Src/TaskBranches/Task3.c.obj
 .debug_abbrev  0x00003b49      0x101 CMakeFiles/Explorerss.elf.dir/Tasks/Src/TaskBranches/Task4.c.obj
 .debug_abbrev  0x00003c4a       0x94 CMakeFiles/Explorerss.elf.dir/Tasks/Src/TaskBranches/Task5.c.obj
 .debug_abbrev  0x00003cde      0x191 CMakeFiles/Explorerss.elf.dir/Tasks/Src/TaskManager.c.obj
 .debug_abbrev  0x00003e6f      0x1b8 CMakeFiles/Explorerss.elf.dir/Tasks/Src/followline.c.obj
 .debug_abbrev  0x00004027       0x21 e:/12.2 mpacbti-bet1/bin/../lib/gcc/arm-none-eabi/12.2.0/thumb/v7e-m/nofp\libgcc.a(_arm_addsubdf3.o)
 .debug_abbrev  0x00004048       0x21 e:/12.2 mpacbti-bet1/bin/../lib/gcc/arm-none-eabi/12.2.0/thumb/v7e-m/nofp\libgcc.a(_arm_muldivdf3.o)
 .debug_abbrev  0x00004069       0x21 e:/12.2 mpacbti-bet1/bin/../lib/gcc/arm-none-eabi/12.2.0/thumb/v7e-m/nofp\libgcc.a(_arm_cmpdf2.o)
 .debug_abbrev  0x0000408a       0x21 e:/12.2 mpacbti-bet1/bin/../lib/gcc/arm-none-eabi/12.2.0/thumb/v7e-m/nofp\libgcc.a(_arm_fixunsdfsi.o)
 .debug_abbrev  0x000040ab       0x21 e:/12.2 mpacbti-bet1/bin/../lib/gcc/arm-none-eabi/12.2.0/thumb/v7e-m/nofp\libgcc.a(_arm_truncdfsf2.o)
 .debug_abbrev  0x000040cc       0x21 e:/12.2 mpacbti-bet1/bin/../lib/gcc/arm-none-eabi/12.2.0/thumb/v7e-m/nofp\libgcc.a(_arm_addsubsf3.o)
 .debug_abbrev  0x000040ed       0x21 e:/12.2 mpacbti-bet1/bin/../lib/gcc/arm-none-eabi/12.2.0/thumb/v7e-m/nofp\libgcc.a(_arm_muldivsf3.o)
 .debug_abbrev  0x0000410e       0x21 e:/12.2 mpacbti-bet1/bin/../lib/gcc/arm-none-eabi/12.2.0/thumb/v7e-m/nofp\libgcc.a(_arm_cmpsf2.o)
 .debug_abbrev  0x0000412f       0x21 e:/12.2 mpacbti-bet1/bin/../lib/gcc/arm-none-eabi/12.2.0/thumb/v7e-m/nofp\libgcc.a(_arm_fixsfsi.o)
 .debug_abbrev  0x00004150      0x45c e:/12.2 mpacbti-bet1/bin/../lib/gcc/arm-none-eabi/12.2.0/thumb/v7e-m/nofp\libg.a(libc_a-findfp.o)
 .debug_abbrev  0x000045ac       0xb7 e:/12.2 mpacbti-bet1/bin/../lib/gcc/arm-none-eabi/12.2.0/thumb/v7e-m/nofp\libg.a(libc_a-memset.o)
 .debug_abbrev  0x00004663      0x185 e:/12.2 mpacbti-bet1/bin/../lib/gcc/arm-none-eabi/12.2.0/thumb/v7e-m/nofp\libg.a(libc_a-impure.o)
 .debug_abbrev  0x000047e8      0x19a e:/12.2 mpacbti-bet1/bin/../lib/gcc/arm-none-eabi/12.2.0/thumb/v7e-m/nofp\libg.a(libc_a-errno.o)
 .debug_abbrev  0x00004982       0xc9 e:/12.2 mpacbti-bet1/bin/../lib/gcc/arm-none-eabi/12.2.0/thumb/v7e-m/nofp\libg.a(libc_a-init.o)
 .debug_abbrev  0x00004a4b      0x115 e:/12.2 mpacbti-bet1/bin/../lib/gcc/arm-none-eabi/12.2.0/thumb/v7e-m/nofp\libg.a(libc_a-lock.o)
 .debug_abbrev  0x00004b60      0x20c e:/12.2 mpacbti-bet1/bin/../lib/gcc/arm-none-eabi/12.2.0/thumb/v7e-m/nofp\libg.a(libc_a-__call_atexit.o)
 .debug_abbrev  0x00004d6c       0xc1 e:/12.2 mpacbti-bet1/bin/../lib/gcc/arm-none-eabi/12.2.0/thumb/v7e-m/nofp\libg.a(libc_a-atexit.o)
 .debug_abbrev  0x00004e2d       0xcc e:/12.2 mpacbti-bet1/bin/../lib/gcc/arm-none-eabi/12.2.0/thumb/v7e-m/nofp\libg.a(libc_a-fini.o)
 .debug_abbrev  0x00004ef9      0x189 e:/12.2 mpacbti-bet1/bin/../lib/gcc/arm-none-eabi/12.2.0/thumb/v7e-m/nofp\libg.a(libc_a-__atexit.o)

.debug_aranges  0x00000000     0x15b0
 .debug_aranges
                0x00000000       0x20 CMakeFiles/Explorerss.elf.dir/Core/Src/gpio.c.obj
 .debug_aranges
                0x00000020       0x30 CMakeFiles/Explorerss.elf.dir/Core/Src/i2c.c.obj
 .debug_aranges
                0x00000050       0x38 CMakeFiles/Explorerss.elf.dir/Core/Src/main.c.obj
 .debug_aranges
                0x00000088       0x20 CMakeFiles/Explorerss.elf.dir/Core/Src/stm32f1xx_hal_msp.c.obj
 .debug_aranges
                0x000000a8       0x80 CMakeFiles/Explorerss.elf.dir/Core/Src/stm32f1xx_it.c.obj
 .debug_aranges
                0x00000128       0x28 CMakeFiles/Explorerss.elf.dir/Core/Src/system_stm32f1xx.c.obj
 .debug_aranges
                0x00000150       0x58 CMakeFiles/Explorerss.elf.dir/Core/Src/tim.c.obj
 .debug_aranges
                0x000001a8       0x30 CMakeFiles/Explorerss.elf.dir/Core/Src/usart.c.obj
 .debug_aranges
                0x000001d8       0x28 CMakeFiles/Explorerss.elf.dir/Core/Startup/startup_stm32f103c8tx.s.obj
 .debug_aranges
                0x00000200       0x30 CMakeFiles/Explorerss.elf.dir/Dependences/Src/Encoder.c.obj
 .debug_aranges
                0x00000230       0x28 CMakeFiles/Explorerss.elf.dir/Dependences/Src/GrayScaler.c.obj
 .debug_aranges
                0x00000258       0x28 CMakeFiles/Explorerss.elf.dir/Dependences/Src/LED.c.obj
 .debug_aranges
                0x00000280       0x28 CMakeFiles/Explorerss.elf.dir/Dependences/Src/MedicineBox.c.obj
 .debug_aranges
                0x000002a8       0x28 CMakeFiles/Explorerss.elf.dir/Dependences/Src/Motor.c.obj
 .debug_aranges
                0x000002d0       0x38 CMakeFiles/Explorerss.elf.dir/Dependences/Src/PID.c.obj
 .debug_aranges
                0x00000308       0x28 CMakeFiles/Explorerss.elf.dir/Dependences/Src/intercom.c.obj
 .debug_aranges
                0x00000330       0xa8 CMakeFiles/Explorerss.elf.dir/Dependences/Src/oled.c.obj
 .debug_aranges
                0x000003d8       0x40 CMakeFiles/Explorerss.elf.dir/Dependences/Src/openmv.c.obj
 .debug_aranges
                0x00000418       0xe0 CMakeFiles/Explorerss.elf.dir/Drivers/STM32F1xx_HAL_Driver/Src/stm32f1xx_hal.c.obj
 .debug_aranges
                0x000004f8       0xc0 CMakeFiles/Explorerss.elf.dir/Drivers/STM32F1xx_HAL_Driver/Src/stm32f1xx_hal_cortex.c.obj
 .debug_aranges