Component: ARM Compiler 5.06 update 7 (build 960) Tool: armlink [4d3601]

==============================================================================

Section Cross References

    startup_stm32f103xb.o(STACK) refers (Special) to heapauxi.o(.text) for __use_two_region_memory
    startup_stm32f103xb.o(HEAP) refers (Special) to heapauxi.o(.text) for __use_two_region_memory
    startup_stm32f103xb.o(RESET) refers (Special) to heapauxi.o(.text) for __use_two_region_memory
    startup_stm32f103xb.o(RESET) refers to startup_stm32f103xb.o(STACK) for __initial_sp
    startup_stm32f103xb.o(RESET) refers to startup_stm32f103xb.o(.text) for Reset_Handler
    startup_stm32f103xb.o(RESET) refers to stm32f1xx_it.o(i.NMI_Handler) for NMI_Handler
    startup_stm32f103xb.o(RESET) refers to stm32f1xx_it.o(i.HardFault_Handler) for HardFault_Handler
    startup_stm32f103xb.o(RESET) refers to stm32f1xx_it.o(i.MemManage_Handler) for MemManage_Handler
    startup_stm32f103xb.o(RESET) refers to stm32f1xx_it.o(i.BusFault_Handler) for BusFault_Handler
    startup_stm32f103xb.o(RESET) refers to stm32f1xx_it.o(i.UsageFault_Handler) for UsageFault_Handler
    startup_stm32f103xb.o(RESET) refers to stm32f1xx_it.o(i.SVC_Handler) for SVC_Handler
    startup_stm32f103xb.o(RESET) refers to stm32f1xx_it.o(i.DebugMon_Handler) for DebugMon_Handler
    startup_stm32f103xb.o(RESET) refers to stm32f1xx_it.o(i.PendSV_Handler) for PendSV_Handler
    startup_stm32f103xb.o(RESET) refers to stm32f1xx_it.o(i.SysTick_Handler) for SysTick_Handler
    startup_stm32f103xb.o(RESET) refers to stm32f1xx_it.o(i.TIM2_IRQHandler) for TIM2_IRQHandler
    startup_stm32f103xb.o(RESET) refers to stm32f1xx_it.o(i.TIM3_IRQHandler) for TIM3_IRQHandler
    startup_stm32f103xb.o(RESET) refers to stm32f1xx_it.o(i.TIM4_IRQHandler) for TIM4_IRQHandler
    startup_stm32f103xb.o(RESET) refers to stm32f1xx_it.o(i.USART1_IRQHandler) for USART1_IRQHandler
    startup_stm32f103xb.o(.text) refers (Special) to heapauxi.o(.text) for __use_two_region_memory
    startup_stm32f103xb.o(.text) refers to system_stm32f1xx.o(i.SystemInit) for SystemInit
    startup_stm32f103xb.o(.text) refers to __main.o(!!!main) for __main
    startup_stm32f103xb.o(.text) refers to startup_stm32f103xb.o(HEAP) for Heap_Mem
    startup_stm32f103xb.o(.text) refers to startup_stm32f103xb.o(STACK) for Stack_Mem
    main.o(i.HAL_TIM_PeriodElapsedCallback) refers to control.o(i.Control) for Control
    main.o(i.HAL_TIM_PeriodElapsedCallback) refers to tim.o(.bss) for htim4
    main.o(i.SystemClock_Config) refers to rt_memclr_w.o(.text) for __aeabi_memclr4
    main.o(i.SystemClock_Config) refers to stm32f1xx_hal_rcc.o(i.HAL_RCC_OscConfig) for HAL_RCC_OscConfig
    main.o(i.SystemClock_Config) refers to main.o(i.Error_Handler) for Error_Handler
    main.o(i.SystemClock_Config) refers to stm32f1xx_hal_rcc.o(i.HAL_RCC_ClockConfig) for HAL_RCC_ClockConfig
    main.o(i.main) refers to stm32f1xx_hal.o(i.HAL_Init) for HAL_Init
    main.o(i.main) refers to main.o(i.SystemClock_Config) for SystemClock_Config
    main.o(i.main) refers to gpio.o(i.MX_GPIO_Init) for MX_GPIO_Init
    main.o(i.main) refers to usart.o(i.MX_USART1_UART_Init) for MX_USART1_UART_Init
    main.o(i.main) refers to tim.o(i.MX_TIM2_Init) for MX_TIM2_Init
    main.o(i.main) refers to tim.o(i.MX_TIM3_Init) for MX_TIM3_Init
    main.o(i.main) refers to tim.o(i.MX_TIM4_Init) for MX_TIM4_Init
    main.o(i.main) refers to i2c.o(i.MX_I2C2_Init) for MX_I2C2_Init
    main.o(i.main) refers to stm32f1xx_hal.o(i.HAL_Delay) for HAL_Delay
    main.o(i.main) refers to control.o(i.ControlInit) for ControlInit
    main.o(i.main) refers to stm32f1xx_hal_tim.o(i.HAL_TIM_Base_Start_IT) for HAL_TIM_Base_Start_IT
    main.o(i.main) refers to fflt_clz.o(x$fpl$ffltu) for __aeabi_ui2f
    main.o(i.main) refers to oled.o(i.OLED_ShowVariable) for OLED_ShowVariable
    main.o(i.main) refers to ffltll_clz.o(x$fpl$ffltll) for __aeabi_ul2f
    main.o(i.main) refers to fflt_clz.o(x$fpl$fflt) for __aeabi_i2f
    main.o(i.main) refers to tim.o(.bss) for htim4
    main.o(i.main) refers to functions.o(.data) for Path_now
    main.o(i.main) refers to control.o(.data) for fps
    main.o(i.main) refers to encoder.o(.data) for encoderL_10ms
    gpio.o(i.MX_GPIO_Init) refers to stm32f1xx_hal_gpio.o(i.HAL_GPIO_WritePin) for HAL_GPIO_WritePin
    gpio.o(i.MX_GPIO_Init) refers to stm32f1xx_hal_gpio.o(i.HAL_GPIO_Init) for HAL_GPIO_Init
    i2c.o(i.HAL_I2C_MspDeInit) refers to stm32f1xx_hal_gpio.o(i.HAL_GPIO_DeInit) for HAL_GPIO_DeInit
    i2c.o(i.HAL_I2C_MspInit) refers to stm32f1xx_hal_gpio.o(i.HAL_GPIO_Init) for HAL_GPIO_Init
    i2c.o(i.MX_I2C2_Init) refers to stm32f1xx_hal_i2c.o(i.HAL_I2C_Init) for HAL_I2C_Init
    i2c.o(i.MX_I2C2_Init) refers to main.o(i.Error_Handler) for Error_Handler
    i2c.o(i.MX_I2C2_Init) refers to i2c.o(.bss) for hi2c2
    tim.o(i.HAL_TIM_Base_MspDeInit) refers to stm32f1xx_hal_cortex.o(i.HAL_NVIC_DisableIRQ) for HAL_NVIC_DisableIRQ
[...]
    i.OLED_SetPos                            0x08002f78   Section        0  oled.o(i.OLED_SetPos)
    i.OLED_ShowChar                          0x08002fa0   Section        0  oled.o(i.OLED_ShowChar)
    i.OLED_ShowRealNum                       0x0800303c   Section        0  oled.o(i.OLED_ShowRealNum)
    i.OLED_ShowStr                           0x080031c4   Section        0  oled.o(i.OLED_ShowStr)
    i.OLED_ShowVariable                      0x080032b0   Section        0  oled.o(i.OLED_ShowVariable)
    i.PID_Compute                            0x080032fc   Section        0  pid.o(i.PID_Compute)
    i.PID_ComputeFixed                       0x080033a4   Section        0  pid.o(i.PID_ComputeFixed)
    i.PID_DeInit                             0x080033b6   Section        0  pid.o(i.PID_DeInit)
    i.PID_Init                               0x080033c0   Section        0  pid.o(i.PID_Init)
    i.PendSV_Handler                         0x080033d8   Section        0  stm32f1xx_it.o(i.PendSV_Handler)
    i.RCC_Delay                              0x080033dc   Section        0  stm32f1xx_hal_rcc.o(i.RCC_Delay)
    RCC_Delay                                0x080033dd   Thumb Code    36  stm32f1xx_hal_rcc.o(i.RCC_Delay)
    i.SVC_Handler                            0x08003404   Section        0  stm32f1xx_it.o(i.SVC_Handler)
    i.SetMotorOutput                         0x08003408   Section        0  motor.o(i.SetMotorOutput)
    i.SetMotorOutputPID                      0x08003498   Section        0  functions.o(i.SetMotorOutputPID)
    i.SysTick_Handler                        0x08003520   Section        0  stm32f1xx_it.o(i.SysTick_Handler)
    i.SystemClock_Config                     0x08003528   Section        0  main.o(i.SystemClock_Config)
    i.SystemInit                             0x0800358e   Section        0  system_stm32f1xx.o(i.SystemInit)
    i.TIM2_IRQHandler                        0x08003590   Section        0  stm32f1xx_it.o(i.TIM2_IRQHandler)
    i.TIM3_IRQHandler                        0x080035a0   Section        0  stm32f1xx_it.o(i.TIM3_IRQHandler)
    i.TIM4_IRQHandler                        0x080035b0   Section        0  stm32f1xx_it.o(i.TIM4_IRQHandler)
    i.TIM_Base_SetConfig                     0x080035c0   Section        0  stm32f1xx_hal_tim.o(i.TIM_Base_SetConfig)
    i.TIM_CCxChannelCmd                      0x08003634   Section        0  stm32f1xx_hal_tim.o(i.TIM_CCxChannelCmd)
    i.TIM_ETR_SetConfig                      0x08003656   Section        0  stm32f1xx_hal_tim.o(i.TIM_ETR_SetConfig)
    i.TIM_ITRx_SetConfig                     0x0800366c   Section        0  stm32f1xx_hal_tim.o(i.TIM_ITRx_SetConfig)
    TIM_ITRx_SetConfig                       0x0800366d   Thumb Code    18  stm32f1xx_hal_tim.o(i.TIM_ITRx_SetConfig)
    i.TIM_OC1_SetConfig                      0x08003680   Section        0  stm32f1xx_hal_tim.o(i.TIM_OC1_SetConfig)
    TIM_OC1_SetConfig                        0x08003681   Thumb Code    90  stm32f1xx_hal_tim.o(i.TIM_OC1_SetConfig)
    i.TIM_OC2_SetConfig                      0x080036e0   Section        0  stm32f1xx_hal_tim.o(i.TIM_OC2_SetConfig)
    i.TIM_OC3_SetConfig                      0x08003748   Section        0  stm32f1xx_hal_tim.o(i.TIM_OC3_SetConfig)
    TIM_OC3_SetConfig                        0x08003749   Thumb Code    98  stm32f1xx_hal_tim.o(i.TIM_OC3_SetConfig)
    i.TIM_OC4_SetConfig                      0x080037b0   Section        0  stm32f1xx_hal_tim.o(i.TIM_OC4_SetConfig)
    TIM_OC4_SetConfig                        0x080037b1   Thumb Code    68  stm32f1xx_hal_tim.o(i.TIM_OC4_SetConfig)
    i.TIM_TI1_ConfigInputStage               0x080037f8   Section        0  stm32f1xx_hal_tim.o(i.TIM_TI1_ConfigInputStage)
    TIM_TI1_ConfigInputStage                 0x080037f9   Thumb Code    38  stm32f1xx_hal_tim.o(i.TIM_TI1_ConfigInputStage)
    i.TIM_TI2_ConfigInputStage               0x0800381e   Section        0  stm32f1xx_hal_tim.o(i.TIM_TI2_ConfigInputStage)
    TIM_TI2_ConfigInputStage                 0x0800381f   Thumb Code    40  stm32f1xx_hal_tim.o(i.TIM_TI2_ConfigInputStage)
    i.TaskManager_Init                       0x08003848   Section        0  taskmanager.o(i.TaskManager_Init)
    i.UART_DMAAbortOnError                   0x08003870   Section        0  stm32f1xx_hal_uart.o(i.UART_DMAAbortOnError)
    UART_DMAAbortOnError                     0x08003871   Thumb Code    20  stm32f1xx_hal_uart.o(i.UART_DMAAbortOnError)
    i.UART_EndRxTransfer                     0x08003884   Section        0  stm32f1xx_hal_uart.o(i.UART_EndRxTransfer)
    UART_EndRxTransfer                       0x08003885   Thumb Code   108  stm32f1xx_hal_uart.o(i.UART_EndRxTransfer)
    i.UART_EndTransmit_IT                    0x080038f0   Section        0  stm32f1xx_hal_uart.o(i.UART_EndTransmit_IT)
    UART_EndTransmit_IT                      0x080038f1   Thumb Code    32  stm32f1xx_hal_uart.o(i.UART_EndTransmit_IT)
    i.UART_Receive_IT                        0x08003910   Section        0  stm32f1xx_hal_uart.o(i.UART_Receive_IT)
    UART_Receive_IT                          0x08003911   Thumb Code   252  stm32f1xx_hal_uart.o(i.UART_Receive_IT)
    i.UART_SetConfig                         0x08003a0c   Section        0  stm32f1xx_hal_uart.o(i.UART_SetConfig)
    UART_SetConfig                           0x08003a0d   Thumb Code   248  stm32f1xx_hal_uart.o(i.UART_SetConfig)
    i.UART_Transmit_IT                       0x08003b08   Section        0  stm32f1xx_hal_uart.o(i.UART_Transmit_IT)
    UART_Transmit_IT                         0x08003b09   Thumb Code    96  stm32f1xx_hal_uart.o(i.UART_Transmit_IT)
    i.USART1_IRQHandler                      0x08003b68   Section        0  stm32f1xx_it.o(i.USART1_IRQHandler)
    i.UsageFault_Handler                     0x08003b78   Section        0  stm32f1xx_it.o(i.UsageFault_Handler)
    i.WriteCmd                               0x08003b7c   Section        0  oled.o(i.WriteCmd)
    i.WriteDat                               0x08003ba4   Section        0  oled.o(i.WriteDat)
    i.__NVIC_GetPriorityGrouping             0x08003bcc   Section        0  stm32f1xx_hal_cortex.o(i.__NVIC_GetPriorityGrouping)
    __NVIC_GetPriorityGrouping               0x08003bcd   Thumb Code    10  stm32f1xx_hal_cortex.o(i.__NVIC_GetPriorityGrouping)
    i.__NVIC_SetPriority                     0x08003bdc   Section        0  stm32f1xx_hal_cortex.o(i.__NVIC_SetPriority)
    __NVIC_SetPriority                       0x08003bdd   Thumb Code    32  stm32f1xx_hal_cortex.o(i.__NVIC_SetPriority)
    i.__kernel_poly                          0x08003c04   Section        0  poly.o(i.__kernel_poly)
    i.__mathlib_dbl_divzero                  0x08003cb0   Section        0  dunder.o(i.__mathlib_dbl_divzero)
    i.__mathlib_dbl_infnan                   0x08003cc0   Section        0  dunder.o(i.__mathlib_dbl_infnan)
    i.__mathlib_dbl_invalid                  0x08003cc6   Section        0  dunder.o(i.__mathlib_dbl_invalid)
    i.log                                    0x08003cd4   Section        0  log.o(i.log)
    i.log10                                  0x08004030   Section        0  log10.o(i.log10)
    i.main                                   0x08004114   Section        0  main.o(i.main)
    i.oled_pow                               0x080041dc   Section        0  oled.o(i.oled_pow)
    x$fpl$d2f                                0x080041f4   Section       98  d2f.o(x$fpl$d2f)
    x$fpl$dadd                               0x08004258   Section      336  daddsub_clz.o(x$fpl$dadd)
    _dadd1                                   0x08004269   Thumb Code     0  daddsub_clz.o(x$fpl$dadd)
    x$fpl$dcheck1                            0x080043a8   Section       16  dcheck1.o(x$fpl$dcheck1)
    x$fpl$dcmpinf                            0x080043b8   Section       24  dcmpi.o(x$fpl$dcmpinf)
    x$fpl$ddiv                               0x080043d0   Section      688  ddiv.o(x$fpl$ddiv)
    ddiv_entry                               0x080043d7   Thumb Code     0  ddiv.o(x$fpl$ddiv)
    x$fpl$deqf                               0x08004680   Section      120  deqf.o(x$fpl$deqf)
    x$fpl$dfixu                              0x080046f8   Section       90  dfixu.o(x$fpl$dfixu)
    x$fpl$dflt                               0x08004752   Section       46  dflt_clz.o(x$fpl$dflt)
    x$fpl$dleqf                              0x08004780   Section      120  dleqf.o(x$fpl$dleqf)
    x$fpl$dmul                               0x080047f8   Section      340  dmul.o(x$fpl$dmul)
    x$fpl$dnaninf                            0x0800494c   Section      156  dnaninf.o(x$fpl$dnaninf)
    x$fpl$dretinf                            0x080049e8   Section       12  dretinf.o(x$fpl$dretinf)
    x$fpl$drleqf                             0x080049f4   Section      108  drleqf.o(x$fpl$drleqf)
    x$fpl$drsb                               0x08004a60   Section       22  daddsub_clz.o(x$fpl$drsb)
    x$fpl$dsub                               0x08004a78   Section      468  daddsub_clz.o(x$fpl$dsub)
    _dsub1                                   0x08004a89   Thumb Code     0  daddsub_clz.o(x$fpl$dsub)
    x$fpl$f2d                                0x08004c4c   Section       86  f2d.o(x$fpl$f2d)
    x$fpl$fadd                               0x08004ca4   Section      196  faddsub_clz.o(x$fpl$fadd)
    _fadd1                                   0x08004cb3   Thumb Code     0  faddsub_clz.o(x$fpl$fadd)
    x$fpl$fcmpinf                            0x08004d68   Section       24  fcmpi.o(x$fpl$fcmpinf)
    x$fpl$fdiv                               0x08004d80   Section      388  fdiv.o(x$fpl$fdiv)
    _fdiv1                                   0x08004d81   Thumb Code     0  fdiv.o(x$fpl$fdiv)
    x$fpl$ffix                               0x08004f04   Section       54  ffix.o(x$fpl$ffix)
    x$fpl$fflt                               0x08004f3c   Section       48  fflt_clz.o(x$fpl$fflt)
    x$fpl$ffltll                             0x08004f6c   Section       96  ffltll_clz.o(x$fpl$ffltll)
    x$fpl$ffltu                              0x08004fcc   Section       38  fflt_clz.o(x$fpl$ffltu)
    x$fpl$fleqf                              0x08004ff4   Section      104  fleqf.o(x$fpl$fleqf)
    x$fpl$fmul                               0x0800505c   Section      258  fmul.o(x$fpl$fmul)
    x$fpl$fnaninf                            0x0800515e   Section      140  fnaninf.o(x$fpl$fnaninf)
    x$fpl$fretinf                            0x080051ea   Section       10  fretinf.o(x$fpl$fretinf)
    x$fpl$frleqf                             0x080051f4   Section       98  frleqf.o(x$fpl$frleqf)
    x$fpl$frsb                               0x08005256   Section       20  faddsub_clz.o(x$fpl$frsb)
    x$fpl$fsub                               0x0800526c   Section      234  faddsub_clz.o(x$fpl$fsub)
    _fsub1                                   0x0800527b   Thumb Code     0  faddsub_clz.o(x$fpl$fsub)
    x$fpl$retnan                             0x08005356   Section      100  retnan.o(x$fpl$retnan)
    x$fpl$scalbn                             0x080053ba   Section       92  scalbn.o(x$fpl$scalbn)
    x$fpl$trapveneer                         0x08005416   Section       48  trapv.o(x$fpl$trapveneer)
    .constdata                               0x08005446   Section       18  stm32f1xx_hal_rcc.o(.constdata)
    x$fpl$usenofp                            0x08005446   Section        0  usenofp.o(x$fpl$usenofp)
    aPLLMULFactorTable                       0x08005446   Data          16  stm32f1xx_hal_rcc.o(.constdata)
    aPredivFactorTable                       0x08005456   Data           2  stm32f1xx_hal_rcc.o(.constdata)
    .constdata                               0x08005458   Section       24  system_stm32f1xx.o(.constdata)
    .constdata                               0x08005470   Section     2072  oled.o(.constdata)
    .constdata                               0x08005c88   Section       56  log.o(.constdata)
    Lg2                                      0x08005c88   Data          24  log.o(.constdata)
    Lg                                       0x08005ca0   Data          32  log.o(.constdata)
    .constdata                               0x08005cc0   Section        8  qnan.o(.constdata)
    .data                                    0x20000000   Section        9  stm32f1xx_hal.o(.data)
    .data                                    0x2000000c   Section        4  system_stm32f1xx.o(.data)
    .data                                    0x20000010   Section       14  encoder.o(.data)
    encoder_count                            0x20000018   Data           2  encoder.o(.data)
    encoderL_10ms_tmp                        0x2000001a   Data           2  encoder.o(.data)
    encoderR_10ms_tmp                        0x2000001c   Data           2  encoder.o(.data)
    .data                                    0x20000020   Section       48  grayscaler.o(.data)
    sensor_port                              0x2000002c   Data          24  grayscaler.o(.data)
    sensor_pin                               0x20000044   Data          12  grayscaler.o(.data)
    .data                                    0x20000050   Section        1  medicinebox.o(.data)
    .data                                    0x20000054   Section      228  oled.o(.data)
    .data                                    0x20000138   Section        3  intercom.o(.data)
    .data                                    0x2000013b   Section        2  openmv.o(.data)
    .data                                    0x20000140   Section       20  control.o(.data)
    .data                                    0x20000154   Section       32  followline.o(.data)
    .data                                    0x20000174   Section       12  taskmanager.o(.data)
    .data                                    0x20000180   Section       94  functions.o(.data)
    flag                                     0x200001dd   Data           1  functions.o(.data)
    .bss                                     0x200001e0   Section       84  i2c.o(.bss)
    .bss                                     0x20000234   Section      216  tim.o(.bss)
    .bss                                     0x2000030c   Section       72  usart.o(.bss)
    .bss                                     0x20000354   Section       10  openmv.o(.bss)
    .bss                                     0x20000360   Section       32  followline.o(.bss)
    .bss                                     0x20000380   Section       96  libspace.o(.bss)
    HEAP                                     0x200003e0   Section      512  startup_stm32f103xb.o(HEAP)
    Heap_Mem                                 0x200003e0   Data         512  startup_stm32f103xb.o(HEAP)
    STACK                                    0x200005e0   Section     1024  startup_stm32f103xb.o(STACK)
    Stack_Mem                                0x200005e0   Data        1024  startup_stm32f103xb.o(STACK)
    __initial_sp                             0x200009e0   Data           0  startup_stm32f103xb.o(STACK)

    Global Symbols

    Symbol Name                              Value     Ov Type        Size  Object(Section)

    BuildAttributes$$THM_ISAv4$P$D$K$B$S$PE$A:L22UL41UL21$X:L11$S22US41US21$IEEE1$IW$USESV6$~STKCKD$USESV7$~SHL$OTIME$ROPI$IEEEX$EBA8$UX$STANDARDLIB$REQ8$PRES8$EABIv2 0x00000000   Number         0  anon$$obj.o ABSOLUTE
    __ARM_use_no_argv                        0x00000000   Number         0  main.o ABSOLUTE
    __ARM_exceptions_init                     - Undefined Weak Reference
    __alloca_initialize                       - Undefined Weak Reference
    __arm_fini_                               - Undefined Weak Reference
    __arm_preinit_                            - Undefined Weak Reference
    __cpp_initialize__aeabi_                  - Undefined Weak Reference
    __cxa_finalize                            - Undefined Weak Reference
    __rt_locale                               - Undefined Weak Reference
    __sigvec_lookup                           - Undefined Weak Reference
    _atexit_init                              - Undefined Weak Reference
    _call_atexit_fns                          - Undefined Weak Reference
    _clock_init                               - Undefined Weak Reference
    _fp_trap_init                             - Undefined Weak Reference
    _fp_trap_shutdown                         - Undefined Weak Reference
    _get_lc_collate                           - Undefined Weak Reference
    _get_lc_ctype                             - Undefined Weak Reference
    _get_lc_monetary                          - Undefined Weak Reference
    _get_lc_numeric                           - Undefined Weak Reference
    _get_lc_time                              - Undefined Weak Reference
    _getenv_init                              - Undefined Weak Reference
    _handle_redirection                       - Undefined Weak Reference
    _init_alloc                               - Undefined Weak Reference
    _init_user_alloc                          - Undefined Weak Reference
    _initio                                   - Undefined Weak Reference
    _rand_init                                - Undefined Weak Reference
    _signal_finish                            - Undefined Weak Reference
    _signal_init                              - Undefined Weak Reference
    _terminate_alloc                          - Undefined Weak Reference
    _terminate_user_alloc                     - Undefined Weak Reference
    _terminateio                              - Undefined Weak Reference
    __Vectors_Size                           0x000000ec   Number         0  startup_stm32f103xb.o ABSOLUTE
    __Vectors                                0x08000000   Data           4  startup_stm32f103xb.o(RESET)
    __Vectors_End                            0x080000ec   Data           0  startup_stm32f103xb.o(RESET)
    __main                                   0x080000ed   Thumb Code     8  __main.o(!!!main)
    __scatterload                            0x080000f5   Thumb Code     0  __scatter.o(!!!scatter)
    __scatterload_rt2                        0x080000f5   Thumb Code    44  __scatter.o(!!!scatter)
    __scatterload_rt2_thumb_only             0x080000f5   Thumb Code     0  __scatter.o(!!!scatter)
    __scatterload_null                       0x08000103   Thumb Code     0  __scatter.o(!!!scatter)
    __decompress                             0x08000129   Thumb Code    90  __dczerorl2.o(!!dczerorl2)
    __decompress1                            0x08000129   Thumb Code     0  __dczerorl2.o(!!dczerorl2)
    __scatterload_zeroinit                   0x08000185   Thumb Code    28  __scatter_zi.o(!!handler_zi)
    __rt_lib_init                            0x080001a1   Thumb Code     0  libinit.o(.ARM.Collect$$libinit$$00000000)
    __rt_lib_init_alloca_1                   0x080001a3   Thumb Code     0  libinit2.o(.ARM.Collect$$libinit$$0000002E)
    __rt_lib_init_argv_1                     0x080001a3   Thumb Code     0  libinit2.o(.ARM.Collect$$libinit$$0000002C)
    __rt_lib_init_atexit_1                   0x080001a3   Thumb Code     0  libinit2.o(.ARM.Collect$$libinit$$0000001B)
    __rt_lib_init_clock_1                    0x080001a3   Thumb Code     0  libinit2.o(.ARM.Collect$$libinit$$00000021)
    __rt_lib_init_cpp_1                      0x080001a3   Thumb Code     0  libinit2.o(.ARM.Collect$$libinit$$00000032)
    __rt_lib_init_exceptions_1               0x080001a3   Thumb Code     0  libinit2.o(.ARM.Collect$$libinit$$00000030)
    __rt_lib_init_fp_1                       0x080001a3   Thumb Code     0  libinit2.o(.ARM.Collect$$libinit$$00000002)
    __rt_lib_init_fp_trap_1                  0x080001a3   Thumb Code     0  libinit2.o(.ARM.Collect$$libinit$$0000001F)
    __rt_lib_init_getenv_1                   0x080001a3   Thumb Code     0  libinit2.o(.ARM.Collect$$libinit$$00000023)
    __rt_lib_init_heap_1                     0x080001a3   Thumb Code     0  libinit2.o(.ARM.Collect$$libinit$$0000000A)
    __rt_lib_init_lc_collate_1               0x080001a3   Thumb Code     0  libinit2.o(.ARM.Collect$$libinit$$00000011)
    __rt_lib_init_lc_ctype_1                 0x080001a3   Thumb Code     0  libinit2.o(.ARM.Collect$$libinit$$00000013)
    __rt_lib_init_lc_monetary_1              0x080001a3   Thumb Code     0  libinit2.o(.ARM.Collect$$libinit$$00000015)
    __rt_lib_init_lc_numeric_1               0x080001a3   Thumb Code     0  libinit2.o(.ARM.Collect$$libinit$$00000017)
    __rt_lib_init_lc_time_1                  0x080001a3   Thumb Code     0  libinit2.o(.ARM.Collect$$libinit$$00000019)
    __rt_lib_init_preinit_1                  0x080001a3   Thumb Code     0  libinit2.o(.ARM.Collect$$libinit$$00000004)
    __rt_lib_init_rand_1                     0x080001a3   Thumb Code     0  libinit2.o(.ARM.Collect$$libinit$$0000000E)
    __rt_lib_init_return                     0x080001a3   Thumb Code     0  libinit2.o(.ARM.Collect$$libinit$$00000033)
    __rt_lib_init_signal_1                   0x080001a3   Thumb Code     0  libinit2.o(.ARM.Collect$$libinit$$0000001D)
    __rt_lib_init_stdio_1                    0x080001a3   Thumb Code     0  libinit2.o(.ARM.Collect$$libinit$$00000025)
    __rt_lib_init_user_alloc_1               0x080001a3   Thumb Code     0  libinit2.o(.ARM.Collect$$libinit$$0000000C)
    __rt_lib_shutdown                        0x080001a5   Thumb Code     0  libshutdown.o(.ARM.Collect$$libshutdown$$00000000)
    __rt_lib_shutdown_cpp_1                  0x080001a7   Thumb Code     0  libshutdown2.o(.ARM.Collect$$libshutdown$$00000004)
    __rt_lib_shutdown_fini_1                 0x080001a7   Thumb Code     0  libshutdown2.o(.ARM.Collect$$libshutdown$$00000002)
    __rt_lib_shutdown_fp_trap_1              0x080001a7   Thumb Code     0  libshutdown2.o(.ARM.Collect$$libshutdown$$00000009)
    __rt_lib_shutdown_heap_1                 0x080001a7   Thumb Code     0  libshutdown2.o(.ARM.Collect$$libshutdown$$00000011)
    __rt_lib_shutdown_return                 0x080001a7   Thumb Code     0  libshutdown2.o(.ARM.Collect$$libshutdown$$00000012)
    __rt_lib_shutdown_signal_1               0x080001a7   Thumb Code     0  libshutdown2.o(.ARM.Collect$$libshutdown$$0000000C)
    __rt_lib_shutdown_stdio_1                0x080001a7   Thumb Code     0  libshutdown2.o(.ARM.Collect$$libshutdown$$00000006)
    __rt_lib_shutdown_user_alloc_1           0x080001a7   Thumb Code     0  libshutdown2.o(.ARM.Collect$$libshutdown$$0000000E)
    __rt_entry                               0x080001a9   Thumb Code     0  __rtentry.o(.ARM.Collect$$rtentry$$00000000)
    __rt_entry_presh_1                       0x080001a9   Thumb Code     0  __rtentry2.o(.ARM.Collect$$rtentry$$00000002)
    __rt_entry_sh                            0x080001a9   Thumb Code     0  __rtentry4.o(.ARM.Collect$$rtentry$$00000004)
    __rt_entry_li                            0x080001af   Thumb Code     0  __rtentry2.o(.ARM.Collect$$rtentry$$0000000A)
    __rt_entry_postsh_1                      0x080001af   Thumb Code     0  __rtentry2.o(.ARM.Collect$$rtentry$$00000009)
    __rt_entry_main                          0x080001b3   Thumb Code     0  __rtentry2.o(.ARM.Collect$$rtentry$$0000000D)
    __rt_entry_postli_1                      0x080001b3   Thumb Code     0  __rtentry2.o(.ARM.Collect$$rtentry$$0000000C)
    __rt_exit                                0x080001bb   Thumb Code     0  rtexit.o(.ARM.Collect$$rtexit$$00000000)
    __rt_exit_ls                             0x080001bd   Thumb Code     0  rtexit2.o(.ARM.Collect$$rtexit$$00000003)
    __rt_exit_prels_1                        0x080001bd   Thumb Code     0  rtexit2.o(.ARM.Collect$$rtexit$$00000002)
    __rt_exit_exit                           0x080001c1   Thumb Code     0  rtexit2.o(.ARM.Collect$$rtexit$$00000004)
    Reset_Handler                            0x080001c9   Thumb Code     8  startup_stm32f103xb.o(.text)
    ADC1_2_IRQHandler                        0x080001e3   Thumb Code     0  startup_stm32f103xb.o(.text)
    CAN1_RX1_IRQHandler                      0x080001e3   Thumb Code     0  startup_stm32f103xb.o(.text)
    CAN1_SCE_IRQHandler                      0x080001e3   Thumb Code     0  startup_stm32f103xb.o(.text)
    DMA1_Channel1_IRQHandler                 0x080001e3   Thumb Code     0  startup_stm32f103xb.o(.text)
    DMA1_Channel2_IRQHandler                 0x080001e3   Thumb Code     0  startup_stm32f103xb.o(.text)
    DMA1_Channel3_IRQHandler                 0x080001e3   Thumb Code     0  startup_stm32f103xb.o(.text)
    DMA1_Channel4_IRQHandler                 0x080001e3   Thumb Code     0  startup_stm32f103xb.o(.text)
    DMA1_Channel5_IRQHandler                 0x080001e3   Thumb Code     0  startup_stm32f103xb.o(.text)
    DMA1_Channel6_IRQHandler                 0x080001e3   Thumb Code     0  startup_stm32f103xb.o(.text)
    DMA1_Channel7_IRQHandler                 0x080001e3   Thumb Code     0  startup_stm32f103xb.o(.text)
    EXTI0_IRQHandler                         0x080001e3   Thumb Code     0  startup_stm32f103xb.o(.text)
    EXTI15_10_IRQHandler                     0x080001e3   Thumb Code     0  startup_stm32f103xb.o(.text)
    EXTI1_IRQHandler                         0x080001e3   Thumb Code     0  startup_stm32f103xb.o(.text)
    EXTI2_IRQHandler                         0x080001e3   Thumb Code     0  startup_stm32f103xb.o(.text)
    EXTI3_IRQHandler                         0x080001e3   Thumb Code     0  startup_stm32f103xb.o(.text)
    EXTI4_IRQHandler                         0x080001e3   Thumb Code     0  startup_stm32f103xb.o(.text)
    EXTI9_5_IRQHandler                       0x080001e3   Thumb Code     0  startup_stm32f103xb.o(.text)
    FLASH_IRQHandler                         0x080001e3   Thumb Code     0  startup_stm32f103xb.o(.text)
    I2C1_ER_IRQHandler                       0x080001e3   Thumb Code     0  startup_stm32f103xb.o(.text)
    I2C1_EV_IRQHandler                       0x080001e3   Thumb Code     0  startup_stm32f103xb.o(.text)
    I2C2_ER_IRQHandler                       0x080001e3   Thumb Code     0  startup_stm32f103xb.o(.text)
    I2C2_EV_IRQHandler                       0x080001e3   Thumb Code     0  startup_stm32f103xb.o(.text)
    PVD_IRQHandler                           0x080001e3   Thumb Code     0  startup_stm32f103xb.o(.text)
    RCC_IRQHandler                           0x080001e3   Thumb Code     0  startup_stm32f103xb.o(.text)
    RTC_Alarm_IRQHandler                     0x080001e3   Thumb Code     0  startup_stm32f103xb.o(.text)
    RTC_IRQHandler                           0x080001e3   Thumb Code     0  startup_stm32f103xb.o(.text)
    SPI1_IRQHandler                          0x080001e3   Thumb Code     0  startup_stm32f103xb.o(.text)
    SPI2_IRQHandler                          0x080001e3   Thumb Code     0  startup_stm32f103xb.o(.text)
    TAMPER_IRQHandler                        0x080001e3   Thumb Code     0  startup_stm32f103xb.o(.text)
    TIM1_BRK_IRQHandler                      0x080001e3   Thumb Code     0  startup_stm32f103xb.o(.text)
    TIM1_CC_IRQHandler                       0x080001e3   Thumb Code     0  startup_stm32f103xb.o(.text)
    TIM1_TRG_COM_IRQHandler                  0x080001e3   Thumb Code     0  startup_stm32f103xb.o(.text)
    TIM1_UP_IRQHandler                       0x080001e3   Thumb Code     0  startup_stm32f103xb.o(.text)
    USART2_IRQHandler                        0x080001e3   Thumb Code     0  startup_stm32f103xb.o(.text)
    USART3_IRQHandler                        0x080001e3   Thumb Code     0  startup_stm32f103xb.o(.text)
    USBWakeUp_IRQHandler                     0x080001e3   Thumb Code     0  startup_stm32f103xb.o(.text)
    USB_HP_CAN1_TX_IRQHandler                0x080001e3   Thumb Code     0  startup_stm32f103xb.o(.text)
    USB_LP_CAN1_RX0_IRQHandler               0x080001e3   Thumb Code     0  startup_stm32f103xb.o(.text)
    WWDG_IRQHandler                          0x080001e3   Thumb Code     0  startup_stm32f103xb.o(.text)
    __user_initial_stackheap                 0x080001e5   Thumb Code     0  startup_stm32f103xb.o(.text)
    __aeabi_memclr4                          0x08000209   Thumb Code     0  rt_memclr_w.o(.text)
    __aeabi_memclr8                          0x08000209   Thumb Code     0  rt_memclr_w.o(.text)
    __rt_memclr_w                            0x08000209   Thumb Code    78  rt_memclr_w.o(.text)
    _memset_w                                0x0800020d   Thumb Code     0  rt_memclr_w.o(.text)
    __use_two_region_memory                  0x08000257   Thumb Code     2  heapauxi.o(.text)
    __rt_heap_escrow$2region                 0x08000259   Thumb Code     2  heapauxi.o(.text)
    __rt_heap_expand$2region                 0x0800025b   Thumb Code     2  heapauxi.o(.text)
    __read_errno                             0x0800025d   Thumb Code    10  _rserrno.o(.text)
    __set_errno                              0x08000267   Thumb Code    12  _rserrno.o(.text)
    __aeabi_errno_addr                       0x08000275   Thumb Code     8  rt_errno_addr_intlibspace.o(.text)
    __errno$intlibspace                      0x08000275   Thumb Code     0  rt_errno_addr_intlibspace.o(.text)
    __rt_errno_addr$intlibspace              0x08000275   Thumb Code     0  rt_errno_addr_intlibspace.o(.text)
    __user_libspace                          0x0800027d   Thumb Code     8  libspace.o(.text)
    __user_perproc_libspace                  0x0800027d   Thumb Code     0  libspace.o(.text)
    __user_perthread_libspace                0x0800027d   Thumb Code     0  libspace.o(.text)
    __user_setup_stackheap                   0x08000285   Thumb Code    74  sys_stackheap_outer.o(.text)
    exit                                     0x080002cf   Thumb Code    18  exit.o(.text)
    _sys_exit                                0x080002e1   Thumb Code     8  sys_exit.o(.text)
    __I$use$semihosting                      0x080002ed   Thumb Code     0  use_no_semi.o(.text)
    __use_no_semihosting_swi                 0x080002ed   Thumb Code     2  use_no_semi.o(.text)
    BusFault_Handler                         0x080002ef   Thumb Code     4  stm32f1xx_it.o(i.BusFault_Handler)
    __semihosting_library_function           0x080002ef   Thumb Code     0  indicate_semi.o(.text)
    Control                                  0x080002f5   Thumb Code   160  control.o(i.Control)
    ControlInit                              0x080003ad   Thumb Code    82  control.o(i.ControlInit)
    DebugMon_Handler                         0x0800041d   Thumb Code     2  stm32f1xx_it.o(i.DebugMon_Handler)
    EncoderCallBack                          0x08000421   Thumb Code   140  encoder.o(i.EncoderCallBack)
    EncoderInit                              0x080004d1   Thumb Code    50  encoder.o(i.EncoderInit)
    Error_Handler                            0x08000529   Thumb Code     6  main.o(i.Error_Handler)
    FollowLinePIDCallBack                    0x08000531   Thumb Code   394  followline.o(i.FollowLinePIDCallBack)
    FollowLinePID_Init                       0x08000701   Thumb Code    44  followline.o(i.FollowLinePID_Init)
    GrayScalerCallBack                       0x0800073d   Thumb Code   106  grayscaler.o(i.GrayScalerCallBack)
    GrayScaler_Init                          0x080007c1   Thumb Code     2  grayscaler.o(i.GrayScaler_Init)
    HAL_DMA_Abort                            0x080007c3   Thumb Code    86  stm32f1xx_hal_dma.o(i.HAL_DMA_Abort)
    HAL_DMA_Abort_IT                         0x08000819   Thumb Code   172  stm32f1xx_hal_dma.o(i.HAL_DMA_Abort_IT)
    HAL_Delay                                0x080008c9   Thumb Code    36  stm32f1xx_hal.o(i.HAL_Delay)
    HAL_GPIO_Init                            0x080008f1   Thumb Code   766  stm32f1xx_hal_gpio.o(i.HAL_GPIO_Init)
    HAL_GPIO_ReadPin                         0x08000c11   Thumb Code    16  stm32f1xx_hal_gpio.o(i.HAL_GPIO_ReadPin)
    HAL_GPIO_WritePin                        0x08000c21   Thumb Code    12  stm32f1xx_hal_gpio.o(i.HAL_GPIO_WritePin)
    HAL_GetTick                              0x08000c2d   Thumb Code     6  stm32f1xx_hal.o(i.HAL_GetTick)
    HAL_I2C_Init                             0x08000c39   Thumb Code   446  stm32f1xx_hal_i2c.o(i.HAL_I2C_Init)
    HAL_I2C_Mem_Write                        0x08000e09   Thumb Code   348  stm32f1xx_hal_i2c.o(i.HAL_I2C_Mem_Write)
    HAL_I2C_MspInit                          0x08000f6d   Thumb Code   106  i2c.o(i.HAL_I2C_MspInit)
    HAL_IncTick                              0x08000fe5   Thumb Code    16  stm32f1xx_hal.o(i.HAL_IncTick)
    HAL_Init                                 0x08000ffd   Thumb Code    34  stm32f1xx_hal.o(i.HAL_Init)
    HAL_InitTick                             0x08001025   Thumb Code    64  stm32f1xx_hal.o(i.HAL_InitTick)
    HAL_MspInit                              0x08001071   Thumb Code    76  stm32f1xx_hal_msp.o(i.HAL_MspInit)
    HAL_NVIC_EnableIRQ                       0x080010c5   Thumb Code    32  stm32f1xx_hal_cortex.o(i.HAL_NVIC_EnableIRQ)
    HAL_NVIC_SetPriority                     0x080010e5   Thumb Code   124  stm32f1xx_hal_cortex.o(i.HAL_NVIC_SetPriority)
    HAL_NVIC_SetPriorityGrouping             0x08001161   Thumb Code    32  stm32f1xx_hal_cortex.o(i.HAL_NVIC_SetPriorityGrouping)
    HAL_RCC_ClockConfig                      0x08001189   Thumb Code   376  stm32f1xx_hal_rcc.o(i.HAL_RCC_ClockConfig)
    HAL_RCC_GetHCLKFreq                      0x08001315   Thumb Code     6  stm32f1xx_hal_rcc.o(i.HAL_RCC_GetHCLKFreq)
    HAL_RCC_GetPCLK1Freq                     0x08001321   Thumb Code    22  stm32f1xx_hal_rcc.o(i.HAL_RCC_GetPCLK1Freq)
    HAL_RCC_GetPCLK2Freq                     0x08001341   Thumb Code    22  stm32f1xx_hal_rcc.o(i.HAL_RCC_GetPCLK2Freq)
    HAL_RCC_GetSysClockFreq                  0x08001361   Thumb Code    92  stm32f1xx_hal_rcc.o(i.HAL_RCC_GetSysClockFreq)
    HAL_RCC_OscConfig                        0x080013d1   Thumb Code  1114  stm32f1xx_hal_rcc.o(i.HAL_RCC_OscConfig)
    HAL_SYSTICK_Config                       0x08001835   Thumb Code    52  stm32f1xx_hal_cortex.o(i.HAL_SYSTICK_Config)
    HAL_TIMEx_BreakCallback                  0x08001869   Thumb Code     2  stm32f1xx_hal_tim_ex.o(i.HAL_TIMEx_BreakCallback)
    HAL_TIMEx_CommutCallback                 0x0800186b   Thumb Code     2  stm32f1xx_hal_tim_ex.o(i.HAL_TIMEx_CommutCallback)
    HAL_TIMEx_MasterConfigSynchronization    0x0800186d   Thumb Code   118  stm32f1xx_hal_tim_ex.o(i.HAL_TIMEx_MasterConfigSynchronization)
    HAL_TIM_Base_Init                        0x080018f1   Thumb Code   102  stm32f1xx_hal_tim.o(i.HAL_TIM_Base_Init)
    HAL_TIM_Base_MspInit                     0x08001959   Thumb Code    58  tim.o(i.HAL_TIM_Base_MspInit)
    HAL_TIM_Base_Start_IT                    0x0800199d   Thumb Code   106  stm32f1xx_hal_tim.o(i.HAL_TIM_Base_Start_IT)
    HAL_TIM_ConfigClockSource                0x08001a15   Thumb Code   268  stm32f1xx_hal_tim.o(i.HAL_TIM_ConfigClockSource)
    HAL_TIM_Encoder_Init                     0x08001b21   Thumb Code   196  stm32f1xx_hal_tim.o(i.HAL_TIM_Encoder_Init)
    HAL_TIM_Encoder_MspInit                  0x08001be5   Thumb Code   218  tim.o(i.HAL_TIM_Encoder_MspInit)
    HAL_TIM_Encoder_Start                    0x08001ccd   Thumb Code   204  stm32f1xx_hal_tim.o(i.HAL_TIM_Encoder_Start)
    HAL_TIM_IC_CaptureCallback               0x08001d99   Thumb Code     2  stm32f1xx_hal_tim.o(i.HAL_TIM_IC_CaptureCallback)
    HAL_TIM_IRQHandler                       0x08001d9b   Thumb Code   406  stm32f1xx_hal_tim.o(i.HAL_TIM_IRQHandler)
    HAL_TIM_MspPostInit                      0x08001f31   Thumb Code    74  tim.o(i.HAL_TIM_MspPostInit)
    HAL_TIM_OC_DelayElapsedCallback          0x08001f89   Thumb Code     2  stm32f1xx_hal_tim.o(i.HAL_TIM_OC_DelayElapsedCallback)
    HAL_TIM_PWM_ConfigChannel                0x08001f8b   Thumb Code   260  stm32f1xx_hal_tim.o(i.HAL_TIM_PWM_ConfigChannel)
    HAL_TIM_PWM_Init                         0x0800208f   Thumb Code   102  stm32f1xx_hal_tim.o(i.HAL_TIM_PWM_Init)
    HAL_TIM_PWM_MspInit                      0x080020f5   Thumb Code     2  stm32f1xx_hal_tim.o(i.HAL_TIM_PWM_MspInit)
    HAL_TIM_PWM_PulseFinishedCallback        0x080020f7   Thumb Code     2  stm32f1xx_hal_tim.o(i.HAL_TIM_PWM_PulseFinishedCallback)
    HAL_TIM_PWM_Start                        0x080020f9   Thumb Code   198  stm32f1xx_hal_tim.o(i.HAL_TIM_PWM_Start)
    HAL_TIM_PeriodElapsedCallback            0x080021cd   Thumb Code    16  main.o(i.HAL_TIM_PeriodElapsedCallback)
    HAL_TIM_TriggerCallback                  0x080021e1   Thumb Code     2  stm32f1xx_hal_tim.o(i.HAL_TIM_TriggerCallback)
    HAL_UARTEx_RxEventCallback               0x080021e3   Thumb Code     2  stm32f1xx_hal_uart.o(i.HAL_UARTEx_RxEventCallback)
    HAL_UART_ErrorCallback                   0x080021e5   Thumb Code     2  stm32f1xx_hal_uart.o(i.HAL_UART_ErrorCallback)
    HAL_UART_IRQHandler                      0x080021e9   Thumb Code   736  stm32f1xx_hal_uart.o(i.HAL_UART_IRQHandler)
    HAL_UART_Init                            0x080024cd   Thumb Code   118  stm32f1xx_hal_uart.o(i.HAL_UART_Init)
    HAL_UART_MspInit                         0x08002545   Thumb Code   138  usart.o(i.HAL_UART_MspInit)
    HAL_UART_RxCpltCallback                  0x080025dd   Thumb Code    94  openmv.o(i.HAL_UART_RxCpltCallback)
    HAL_UART_TxCpltCallback                  0x0800264d   Thumb Code     2  stm32f1xx_hal_uart.o(i.HAL_UART_TxCpltCallback)
    HardFault_Handler                        0x0800264f   Thumb Code     4  stm32f1xx_it.o(i.HardFault_Handler)
    Ignite                                   0x080029f5   Thumb Code   112  led.o(i.Ignite)
    IntercomCallBack                         0x08002a69   Thumb Code    32  intercom.o(i.IntercomCallBack)
    Intercom_Init                            0x08002a95   Thumb Code    28  intercom.o(i.Intercom_Init)
    LED_Init                                 0x08002ab9   Thumb Code    24  led.o(i.LED_Init)
    MX_GPIO_Init                             0x08002ad5   Thumb Code   278  gpio.o(i.MX_GPIO_Init)
    MX_I2C2_Init                             0x08002bfd   Thumb Code    48  i2c.o(i.MX_I2C2_Init)
    MX_TIM2_Init                             0x08002c39   Thumb Code   116  tim.o(i.MX_TIM2_Init)
    MX_TIM3_Init                             0x08002cb1   Thumb Code   114  tim.o(i.MX_TIM3_Init)
    MX_TIM4_Init                             0x08002d2d   Thumb Code   170  tim.o(i.MX_TIM4_Init)
    MX_USART1_UART_Init                      0x08002de1   Thumb Code    46  usart.o(i.MX_USART1_UART_Init)
    MedicineBoxCallBack                      0x08002e19   Thumb Code    16  medicinebox.o(i.MedicineBoxCallBack)
    MemManage_Handler                        0x08002e31   Thumb Code     4  stm32f1xx_it.o(i.MemManage_Handler)
    MotorInit                                0x08002e35   Thumb Code    60  motor.o(i.MotorInit)
    NMI_Handler                              0x08002e79   Thumb Code     4  stm32f1xx_it.o(i.NMI_Handler)
    OLED_CLS                                 0x08002e7d   Thumb Code    10  oled.o(i.OLED_CLS)
    OLED_Fill                                0x08002e87   Thumb Code    58  oled.o(i.OLED_Fill)
    OLED_Init                                0x08002ec1   Thumb Code   178  oled.o(i.OLED_Init)
    OLED_SetPos                              0x08002f79   Thumb Code    40  oled.o(i.OLED_SetPos)
    OLED_ShowChar                            0x08002fa1   Thumb Code   148  oled.o(i.OLED_ShowChar)
    OLED_ShowRealNum                         0x0800303d   Thumb Code   382  oled.o(i.OLED_ShowRealNum)
    OLED_ShowStr                             0x080031c5   Thumb Code   228  oled.o(i.OLED_ShowStr)
    OLED_ShowVariable                        0x080032b1   Thumb Code    76  oled.o(i.OLED_ShowVariable)
    PID_Compute                              0x080032fd   Thumb Code   158  pid.o(i.PID_Compute)
    PID_ComputeFixed                         0x080033a5   Thumb Code    18  pid.o(i.PID_ComputeFixed)
    PID_DeInit                               0x080033b7   Thumb Code     8  pid.o(i.PID_DeInit)
    PID_Init                                 0x080033c1   Thumb Code    16  pid.o(i.PID_Init)
    PendSV_Handler                           0x080033d9   Thumb Code     2  stm32f1xx_it.o(i.PendSV_Handler)
    SVC_Handler                              0x08003405   Thumb Code     2  stm32f1xx_it.o(i.SVC_Handler)
    SetMotorOutput                           0x08003409   Thumb Code   130  motor.o(i.SetMotorOutput)
    SetMotorOutputPID                        0x08003499   Thumb Code   112  functions.o(i.SetMotorOutputPID)
    SysTick_Handler                          0x08003521   Thumb Code     8  stm32f1xx_it.o(i.SysTick_Handler)
    SystemClock_Config                       0x08003529   Thumb Code   102  main.o(i.SystemClock_Config)
    SystemInit                               0x0800358f   Thumb Code     2  system_stm32f1xx.o(i.SystemInit)
    TIM2_IRQHandler                          0x08003591   Thumb Code    10  stm32f1xx_it.o(i.TIM2_IRQHandler)
    TIM3_IRQHandler                          0x080035a1   Thumb Code    10  stm32f1xx_it.o(i.TIM3_IRQHandler)
    TIM4_IRQHandler                          0x080035b1   Thumb Code    10  stm32f1xx_it.o(i.TIM4_IRQHandler)
    TIM_Base_SetConfig                       0x080035c1   Thumb Code   104  stm32f1xx_hal_tim.o(i.TIM_Base_SetConfig)
    TIM_CCxChannelCmd                        0x08003635   Thumb Code    34  stm32f1xx_hal_tim.o(i.TIM_CCxChannelCmd)
    TIM_ETR_SetConfig                        0x08003657   Thumb Code    22  stm32f1xx_hal_tim.o(i.TIM_ETR_SetConfig)
    TIM_OC2_SetConfig                        0x080036e1   Thumb Code   100  stm32f1xx_hal_tim.o(i.TIM_OC2_SetConfig)
    TaskManager_Init                         0x08003849   Thumb Code    24  taskmanager.o(i.TaskManager_Init)
    USART1_IRQHandler                        0x08003b69   Thumb Code    10  stm32f1xx_it.o(i.USART1_IRQHandler)
    UsageFault_Handler                       0x08003b79   Thumb Code     4  stm32f1xx_it.o(i.UsageFault_Handler)
    WriteCmd                                 0x08003b7d   Thumb Code    34  oled.o(i.WriteCmd)
    WriteDat                                 0x08003ba5   Thumb Code    34  oled.o(i.WriteDat)
    __kernel_poly                            0x08003c05   Thumb Code   170  poly.o(i.__kernel_poly)
    __mathlib_dbl_divzero                    0x08003cb1   Thumb Code    12  dunder.o(i.__mathlib_dbl_divzero)
    __mathlib_dbl_infnan                     0x08003cc1   Thumb Code     6  dunder.o(i.__mathlib_dbl_infnan)
    __mathlib_dbl_invalid                    0x08003cc7   Thumb Code    12  dunder.o(i.__mathlib_dbl_invalid)
    log                                      0x08003cd5   Thumb Code   808  log.o(i.log)
    log10                                    0x08004031   Thumb Code   198  log10.o(i.log10)
    main                                     0x08004115   Thumb Code   138  main.o(i.main)
    oled_pow                                 0x080041dd   Thumb Code    22  oled.o(i.oled_pow)
    __aeabi_d2f                              0x080041f5   Thumb Code     0  d2f.o(x$fpl$d2f)
    _d2f                                     0x080041f5   Thumb Code    98  d2f.o(x$fpl$d2f)
    __aeabi_dadd                             0x08004259   Thumb Code     0  daddsub_clz.o(x$fpl$dadd)
    _dadd                                    0x08004259   Thumb Code   332  daddsub_clz.o(x$fpl$dadd)
    __fpl_dcheck_NaN1                        0x080043a9   Thumb Code    10  dcheck1.o(x$fpl$dcheck1)
    __fpl_dcmp_Inf                           0x080043b9   Thumb Code    24  dcmpi.o(x$fpl$dcmpinf)
    __aeabi_ddiv                             0x080043d1   Thumb Code     0  ddiv.o(x$fpl$ddiv)
    _ddiv                                    0x080043d1   Thumb Code   552  ddiv.o(x$fpl$ddiv)
    __aeabi_cdcmpeq                          0x08004681   Thumb Code     0  deqf.o(x$fpl$deqf)
    _dcmpeq                                  0x08004681   Thumb Code   120  deqf.o(x$fpl$deqf)
    __aeabi_d2uiz                            0x080046f9   Thumb Code     0  dfixu.o(x$fpl$dfixu)
    _dfixu                                   0x080046f9   Thumb Code    90  dfixu.o(x$fpl$dfixu)
    __aeabi_i2d                              0x08004753   Thumb Code     0  dflt_clz.o(x$fpl$dflt)
    _dflt                                    0x08004753   Thumb Code    46  dflt_clz.o(x$fpl$dflt)
    __aeabi_cdcmple                          0x08004781   Thumb Code     0  dleqf.o(x$fpl$dleqf)
    _dcmple                                  0x08004781   Thumb Code   120  dleqf.o(x$fpl$dleqf)
    __fpl_dcmple_InfNaN                      0x080047e3   Thumb Code     0  dleqf.o(x$fpl$dleqf)
    __aeabi_dmul                             0x080047f9   Thumb Code     0  dmul.o(x$fpl$dmul)
    _dmul                                    0x080047f9   Thumb Code   332  dmul.o(x$fpl$dmul)
    __fpl_dnaninf                            0x0800494d   Thumb Code   156  dnaninf.o(x$fpl$dnaninf)
    __fpl_dretinf                            0x080049e9   Thumb Code    12  dretinf.o(x$fpl$dretinf)
    __aeabi_cdrcmple                         0x080049f5   Thumb Code     0  drleqf.o(x$fpl$drleqf)
    _drcmple                                 0x080049f5   Thumb Code   108  drleqf.o(x$fpl$drleqf)
    __aeabi_drsub                            0x08004a61   Thumb Code     0  daddsub_clz.o(x$fpl$drsb)
    _drsb                                    0x08004a61   Thumb Code    22  daddsub_clz.o(x$fpl$drsb)
    __aeabi_dsub                             0x08004a79   Thumb Code     0  daddsub_clz.o(x$fpl$dsub)
    _dsub                                    0x08004a79   Thumb Code   464  daddsub_clz.o(x$fpl$dsub)
    __aeabi_f2d                              0x08004c4d   Thumb Code     0  f2d.o(x$fpl$f2d)
    _f2d                                     0x08004c4d   Thumb Code    86  f2d.o(x$fpl$f2d)
    __aeabi_fadd                             0x08004ca5   Thumb Code     0  faddsub_clz.o(x$fpl$fadd)
    _fadd                                    0x08004ca5   Thumb Code   196  faddsub_clz.o(x$fpl$fadd)
    __fpl_fcmp_Inf                           0x08004d69   Thumb Code    24  fcmpi.o(x$fpl$fcmpinf)
    __aeabi_fdiv                             0x08004d81   Thumb Code     0  fdiv.o(x$fpl$fdiv)
    _fdiv                                    0x08004d81   Thumb Code   384  fdiv.o(x$fpl$fdiv)
    __aeabi_f2iz                             0x08004f05   Thumb Code     0  ffix.o(x$fpl$ffix)
    _ffix                                    0x08004f05   Thumb Code    54  ffix.o(x$fpl$ffix)
    __aeabi_i2f                              0x08004f3d   Thumb Code     0  fflt_clz.o(x$fpl$fflt)
    _fflt                                    0x08004f3d   Thumb Code    48  fflt_clz.o(x$fpl$fflt)
    __aeabi_ul2f                             0x08004f6d   Thumb Code     0  ffltll_clz.o(x$fpl$ffltll)
    _ll_uto_f                                0x08004f6d   Thumb Code     6  ffltll_clz.o(x$fpl$ffltll)
    __aeabi_l2f                              0x08004f73   Thumb Code     0  ffltll_clz.o(x$fpl$ffltll)
    _ll_sto_f                                0x08004f73   Thumb Code    90  ffltll_clz.o(x$fpl$ffltll)
    __aeabi_ui2f                             0x08004fcd   Thumb Code     0  fflt_clz.o(x$fpl$ffltu)
    _ffltu                                   0x08004fcd   Thumb Code    38  fflt_clz.o(x$fpl$ffltu)
    __aeabi_cfcmple                          0x08004ff5   Thumb Code     0  fleqf.o(x$fpl$fleqf)
    _fcmple                                  0x08004ff5   Thumb Code   104  fleqf.o(x$fpl$fleqf)
    __fpl_fcmple_InfNaN                      0x08005047   Thumb Code     0  fleqf.o(x$fpl$fleqf)
    __aeabi_fmul                             0x0800505d   Thumb Code     0  fmul.o(x$fpl$fmul)
    _fmul                                    0x0800505d   Thumb Code   258  fmul.o(x$fpl$fmul)
    __fpl_fnaninf                            0x0800515f   Thumb Code   140  fnaninf.o(x$fpl$fnaninf)
    __fpl_fretinf                            0x080051eb   Thumb Code    10  fretinf.o(x$fpl$fretinf)
    __aeabi_cfrcmple                         0x080051f5   Thumb Code     0  frleqf.o(x$fpl$frleqf)
    _frcmple                                 0x080051f5   Thumb Code    98  frleqf.o(x$fpl$frleqf)
    __aeabi_frsub                            0x08005257   Thumb Code     0  faddsub_clz.o(x$fpl$frsb)
    _frsb                                    0x08005257   Thumb Code    20  faddsub_clz.o(x$fpl$frsb)
    __aeabi_fsub                             0x0800526d   Thumb Code     0  faddsub_clz.o(x$fpl$fsub)
    _fsub                                    0x0800526d   Thumb Code   234  faddsub_clz.o(x$fpl$fsub)
    __fpl_return_NaN                         0x08005357   Thumb Code   100  retnan.o(x$fpl$retnan)
    __ARM_scalbn                             0x080053bb   Thumb Code    92  scalbn.o(x$fpl$scalbn)
    __fpl_cmpreturn                          0x08005417   Thumb Code    48  trapv.o(x$fpl$trapveneer)
    __I$use$fp                               0x08005446   Number         0  usenofp.o(x$fpl$usenofp)
    AHBPrescTable                            0x08005458   Data          16  system_stm32f1xx.o(.constdata)
    APBPrescTable                            0x08005468   Data           8  system_stm32f1xx.o(.constdata)
    F6x8                                     0x08005470   Data         552  oled.o(.constdata)
    F8X16                                    0x08005698   Data        1520  oled.o(.constdata)
    __mathlib_zero                           0x08005cc0   Data           8  qnan.o(.constdata)
    Region$$Table$$Base                      0x08005cc8   Number         0  anon$$obj.o(Region$$Table)
    Region$$Table$$Limit                     0x08005ce8   Number         0  anon$$obj.o(Region$$Table)
    uwTick                                   0x20000000   Data           4  stm32f1xx_hal.o(.data)
    uwTickPrio                               0x20000004   Data           4  stm32f1xx_hal.o(.data)
    uwTickFreq                               0x20000008   Data           1  stm32f1xx_hal.o(.data)
    SystemCoreClock                          0x2000000c   Data           4  system_stm32f1xx.o(.data)
    encoderL_1ms                             0x20000010   Data           2  encoder.o(.data)
    encoderR_1ms                             0x20000012   Data           2  encoder.o(.data)
    encoderL_10ms                            0x20000014   Data           2  encoder.o(.data)
    encoderR_10ms                            0x20000016   Data           2  encoder.o(.data)
    sensor                                   0x20000020   Data           6  grayscaler.o(.data)
    all_sensors                              0x20000026   Data           1  grayscaler.o(.data)
    sensor_count                             0x20000027   Data           1  grayscaler.o(.data)
    ex_sensor_count                          0x20000028   Data           1  grayscaler.o(.data)
    loaded                                   0x20000050   Data           1  medicinebox.o(.data)
    F16x16                                   0x20000054   Data         224  oled.o(.data)
    oled_hi2c                                0x20000134   Data           4  oled.o(.data)
    Intercom_mystate                         0x20000138   Data           1  intercom.o(.data)
    Intercom_yourstate                       0x20000139   Data           1  intercom.o(.data)
    Intercom_connect                         0x2000013a   Data           1  intercom.o(.data)
    openmv_wait_switch                       0x2000013b   Data           1  openmv.o(.data)
    openmv_mission_flag                      0x2000013c   Data           1  openmv.o(.data)
    debug_stop                               0x20000140   Data           1  control.o(.data)
    left_button                              0x20000141   Data           2  control.o(.data)
    right_button                             0x20000143   Data           2  control.o(.data)
    fps                                      0x20000148   Data           8  control.o(.data)
    Loutput1                                 0x20000150   Data           2  control.o(.data)
    Routput1                                 0x20000152   Data           2  control.o(.data)
    hpid_lmotor_follow                       0x20000154   Data           4  followline.o(.data)
    hpid_rmotor_follow                       0x20000158   Data           4  followline.o(.data)
    sensor_input                             0x2000015c   Data           4  followline.o(.data)
    sensor_output                            0x20000160   Data           4  followline.o(.data)
    lsensor                                  0x20000164   Data           4  followline.o(.data)
    rsensor                                  0x20000168   Data           4  followline.o(.data)
    lsensor_count                            0x2000016c   Data           1  followline.o(.data)
    rsensor_count                            0x2000016d   Data           1  followline.o(.data)
    line_count                               0x2000016e   Data           1  followline.o(.data)
    last_line_count                          0x2000016f   Data           1  followline.o(.data)
    line_flag                                0x20000170   Data           1  followline.o(.data)
    encoder_count                            0x20000172   Data           2  followline.o(.data)
    mission                                  0x20000174   Data           5  taskmanager.o(.data)
    stage0                                   0x20000179   Data           1  taskmanager.o(.data)
    last_stage0                              0x2000017a   Data           1  taskmanager.o(.data)
    mission_wait_flag                        0x2000017b   Data           1  taskmanager.o(.data)
    mission_wait_count                       0x2000017c   Data           4  taskmanager.o(.data)
    hpid_lmotor                              0x20000180   Data          32  functions.o(.data)
    hpid_rmotor                              0x200001a0   Data          32  functions.o(.data)
    Loutput                                  0x200001c0   Data           2  functions.o(.data)
    Routput                                  0x200001c2   Data           2  functions.o(.data)
    turn_count                               0x200001c4   Data           1  functions.o(.data)
    Path                                     0x200001c5   Data          20  functions.o(.data)
    Path_now                                 0x200001d9   Data           1  functions.o(.data)
    Path_act                                 0x200001da   Data           1  functions.o(.data)
    Path_on                                  0x200001db   Data           1  functions.o(.data)
    Path_turn_flag                           0x200001dc   Data           1  functions.o(.data)
    hi2c2                                    0x200001e0   Data          84  i2c.o(.bss)
    htim2                                    0x20000234   Data          72  tim.o(.bss)
    htim3                                    0x2000027c   Data          72  tim.o(.bss)
    htim4                                    0x200002c4   Data          72  tim.o(.bss)
    huart1                                   0x2000030c   Data          72  usart.o(.bss)
    openmv_rxbuffer                          0x20000354   Data          10  openmv.o(.bss)
    hpid_followline                          0x20000360   Data          32  followline.o(.bss)
    __libspace_start                         0x20000380   Data          96  libspace.o(.bss)
    __temporary_stack_top$libspace           0x200003e0   Data           0  libspace.o(.bss)



==============================================================================

Memory Map of the image

  Image Entry point : 0x080000ed

  Load Region LR_IROM1 (Base: 0x08000000, Size: 0x00005ec8, Max: 0x00010000, ABSOLUTE, COMPRESSED[0x00005dc4])

    Execution Region ER_IROM1 (Exec base: 0x08000000, Load base: 0x08000000, Size: 0x00005ce8, Max: 0x00010000, ABSOLUTE)

    Exec Addr    Load Addr    Size         Type   Attr      Idx    E Section Name        Object

    0x08000000   0x08000000   0x000000ec   Data   RO            3    RESET               startup_stm32f103xb.o
    0x080000ec   0x080000ec   0x00000008   Code   RO         4493  * !!!main             c_w.l(__main.o)
    0x080000f4   0x080000f4   0x00000034   Code   RO         4807    !!!scatter          c_w.l(__scatter.o)
    0x08000128   0x08000128   0x0000005a   Code   RO         4805    !!dczerorl2         c_w.l(__dczerorl2.o)
    0x08000182   0x08000182   0x00000002   PAD
    0x08000184   0x08000184   0x0000001c   Code   RO         4809    !!handler_zi        c_w.l(__scatter_zi.o)
    0x080001a0   0x080001a0   0x00000002   Code   RO         4672    .ARM.Collect$$libinit$$00000000  c_w.l(libinit.o)
    0x080001a2   0x080001a2   0x00000000   Code   RO         4678    .ARM.Collect$$libinit$$00000002  c_w.l(libinit2.o)
    0x080001a2   0x080001a2   0x00000000   Code   RO         4680    .ARM.Collect$$libinit$$00000004  c_w.l(libinit2.o)
    0x080001a2   0x080001a2   0x00000000   Code   RO         4683    .ARM.Collect$$libinit$$0000000A  c_w.l(libinit2.o)
    0x080001a2   0x080001a2   0x00000000   Code   RO         4685    .ARM.Collect$$libinit$$0000000C  c_w.l(libinit2.o)
    0x080001a2   0x080001a2   0x00000000   Code   RO         4687    .ARM.Collect$$libinit$$0000000E  c_w.l(libinit2.o)
    0x080001a2   0x080001a2   0x00000000   Code   RO         4690    .ARM.Collect$$libinit$$00000011  c_w.l(libinit2.o)
    0x080001a2   0x080001a2   0x00000000   Code   RO         4692    .ARM.Collect$$libinit$$00000013  c_w.l(libinit2.o)
    0x080001a2   0x080001a2   0x00000000   Code   RO         4694    .ARM.Collect$$libinit$$00000015  c_w.l(libinit2.o)
    0x080001a2   0x080001a2   0x00000000   Code   RO         4696    .ARM.Collect$$libinit$$00000017  c_w.l(libinit2.o)
    0x080001a2   0x080001a2   0x00000000   Code   RO         4698    .ARM.Collect$$libinit$$00000019  c_w.l(libinit2.o)
    0x080001a2   0x080001a2   0x00000000   Code   RO         4700    .ARM.Collect$$libinit$$0000001B  c_w.l(libinit2.o)
    0x080001a2   0x080001a2   0x00000000   Code   RO         4702    .ARM.Collect$$libinit$$0000001D  c_w.l(libinit2.o)
    0x080001a2   0x080001a2   0x00000000   Code   RO         4704    .ARM.Collect$$libinit$$0000001F  c_w.l(libinit2.o)
    0x080001a2   0x080001a2   0x00000000   Code   RO         4706    .ARM.Collect$$libinit$$00000021  c_w.l(libinit2.o)
    0x080001a2   0x080001a2   0x00000000   Code   RO         4708    .ARM.Collect$$libinit$$00000023  c_w.l(libinit2.o)
    0x080001a2   0x080001a2   0x00000000   Code   RO         4710    .ARM.Collect$$libinit$$00000025  c_w.l(libinit2.o)
    0x080001a2   0x080001a2   0x00000000   Code   RO         4714    .ARM.Collect$$libinit$$0000002C  c_w.l(libinit2.o)
    0x080001a2   0x080001a2   0x00000000   Code   RO         4716    .ARM.Collect$$libinit$$0000002E  c_w.l(libinit2.o)
    0x080001a2   0x080001a2   0x00000000   Code   RO         4718    .ARM.Collect$$libinit$$00000030  c_w.l(libinit2.o)
    0x080001a2   0x080001a2   0x00000000   Code   RO         4720    .ARM.Collect$$libinit$$00000032  c_w.l(libinit2.o)
    0x080001a2   0x080001a2   0x00000002   Code   RO         4721    .ARM.Collect$$libinit$$00000033  c_w.l(libinit2.o)
    0x080001a4   0x080001a4   0x00000002   Code   RO         4743    .ARM.Collect$$libshutdown$$00000000  c_w.l(libshutdown.o)
    0x080001a6   0x080001a6   0x00000000   Code   RO         4756    .ARM.Collect$$libshutdown$$00000002  c_w.l(libshutdown2.o)
    0x080001a6   0x080001a6   0x00000000   Code   RO         4758    .ARM.Collect$$libshutdown$$00000004  c_w.l(libshutdown2.o)
    0x080001a6   0x080001a6   0x00000000   Code   RO         4760    .ARM.Collect$$libshutdown$$00000006  c_w.l(libshutdown2.o)
    0x080001a6   0x080001a6   0x00000000   Code   RO         4763    .ARM.Collect$$libshutdown$$00000009  c_w.l(libshutdown2.o)
    0x080001a6   0x080001a6   0x00000000   Code   RO         4766    .ARM.Collect$$libshutdown$$0000000C  c_w.l(libshutdown2.o)
    0x080001a6   0x080001a6   0x00000000   Code   RO         4768    .ARM.Collect$$libshutdown$$0000000E  c_w.l(libshutdown2.o)
    0x080001a6   0x080001a6   0x00000000   Code   RO         4771    .ARM.Collect$$libshutdown$$00000011  c_w.l(libshutdown2.o)
    0x080001a6   0x080001a6   0x00000002   Code   RO         4772    .ARM.Collect$$libshutdown$$00000012  c_w.l(libshutdown2.o)
    0x080001a8   0x080001a8   0x00000000   Code   RO         4589    .ARM.Collect$$rtentry$$00000000  c_w.l(__rtentry.o)
    0x080001a8   0x080001a8   0x00000000   Code   RO         4639    .ARM.Collect$$rtentry$$00000002  c_w.l(__rtentry2.o)
    0x080001a8   0x080001a8   0x00000006   Code   RO         4651    .ARM.Collect$$rtentry$$00000004  c_w.l(__rtentry4.o)
    0x080001ae   0x080001ae   0x00000000   Code   RO         4641    .ARM.Collect$$rtentry$$00000009  c_w.l(__rtentry2.o)
    0x080001ae   0x080001ae   0x00000004   Code   RO         4642    .ARM.Collect$$rtentry$$0000000A  c_w.l(__rtentry2.o)
    0x080001b2   0x080001b2   0x00000000   Code   RO         4644    .ARM.Collect$$rtentry$$0000000C  c_w.l(__rtentry2.o)
    0x080001b2   0x080001b2   0x00000008   Code   RO         4645    .ARM.Collect$$rtentry$$0000000D  c_w.l(__rtentry2.o)
    0x080001ba   0x080001ba   0x00000002   Code   RO         4675    .ARM.Collect$$rtexit$$00000000  c_w.l(rtexit.o)
    0x080001bc   0x080001bc   0x00000000   Code   RO         4725    .ARM.Collect$$rtexit$$00000002  c_w.l(rtexit2.o)
    0x080001bc   0x080001bc   0x00000004   Code   RO         4726    .ARM.Collect$$rtexit$$00000003  c_w.l(rtexit2.o)
    0x080001c0   0x080001c0   0x00000006   Code   RO         4727    .ARM.Collect$$rtexit$$00000004  c_w.l(rtexit2.o)
    0x080001c6   0x080001c6   0x00000002   PAD
    0x080001c8   0x080001c8   0x00000040   Code   RO            4    .text               startup_stm32f103xb.o
    0x08000208   0x08000208   0x0000004e   Code   RO         4489    .text               c_w.l(rt_memclr_w.o)
    0x08000256   0x08000256   0x00000006   Code   RO         4491    .text               c_w.l(heapauxi.o)
    0x0800025c   0x0800025c   0x00000016   Code   RO         4590    .text               c_w.l(_rserrno.o)
    0x08000272   0x08000272   0x00000002   PAD
    0x08000274   0x08000274   0x00000008   Code   RO         4656    .text               c_w.l(rt_errno_addr_intlibspace.o)
    0x0800027c   0x0800027c   0x00000008   Code   RO         4660    .text               c_w.l(libspace.o)
    0x08000284   0x08000284   0x0000004a   Code   RO         4663    .text               c_w.l(sys_stackheap_outer.o)
    0x080002ce   0x080002ce   0x00000012   Code   RO         4665    .text               c_w.l(exit.o)
    0x080002e0   0x080002e0   0x0000000c   Code   RO         4735    .text               c_w.l(sys_exit.o)
    0x080002ec   0x080002ec   0x00000002   Code   RO         4746    .text               c_w.l(use_no_semi.o)
    0x080002ee   0x080002ee   0x00000000   Code   RO         4748    .text               c_w.l(indicate_semi.o)
    0x080002ee   0x080002ee   0x00000004   Code   RO          507    i.BusFault_Handler  stm32f1xx_it.o
    0x080002f2   0x080002f2   0x00000002   PAD
    0x080002f4   0x080002f4   0x000000b8   Code   RO         4065    i.Control           control.o
    0x080003ac   0x080003ac   0x00000070   Code   RO         4066    i.ControlInit       control.o
    0x0800041c   0x0800041c   0x00000002   Code   RO          508    i.DebugMon_Handler  stm32f1xx_it.o
    0x0800041e   0x0800041e   0x00000002   PAD
    0x08000420   0x08000420   0x000000b0   Code   RO         3546    i.EncoderCallBack   encoder.o
    0x080004d0   0x080004d0   0x00000058   Code   RO         3547    i.EncoderInit       encoder.o
    0x08000528   0x08000528   0x00000006   Code   RO           13    i.Error_Handler     main.o
    0x0800052e   0x0800052e   0x00000002   PAD
    0x08000530   0x08000530   0x000001d0   Code   RO         4106    i.FollowLinePIDCallBack  followline.o
    0x08000700   0x08000700   0x0000003c   Code   RO         4107    i.FollowLinePID_Init  followline.o
    0x0800073c   0x0800073c   0x00000084   Code   RO         3586    i.GrayScalerCallBack  grayscaler.o
    0x080007c0   0x080007c0   0x00000002   Code   RO         3587    i.GrayScaler_Init   grayscaler.o
    0x080007c2   0x080007c2   0x00000056   Code   RO         1530    i.HAL_DMA_Abort     stm32f1xx_hal_dma.o
    0x08000818   0x08000818   0x000000b0   Code   RO         1531    i.HAL_DMA_Abort_IT  stm32f1xx_hal_dma.o
    0x080008c8   0x080008c8   0x00000028   Code   RO         1151    i.HAL_Delay         stm32f1xx_hal.o
    0x080008f0   0x080008f0   0x00000320   Code   RO         1466    i.HAL_GPIO_Init     stm32f1xx_hal_gpio.o
    0x08000c10   0x08000c10   0x00000010   Code   RO         1468    i.HAL_GPIO_ReadPin  stm32f1xx_hal_gpio.o
    0x08000c20   0x08000c20   0x0000000c   Code   RO         1470    i.HAL_GPIO_WritePin  stm32f1xx_hal_gpio.o
    0x08000c2c   0x08000c2c   0x0000000c   Code   RO         1155    i.HAL_GetTick       stm32f1xx_hal.o
    0x08000c38   0x08000c38   0x000001d0   Code   RO          678    i.HAL_I2C_Init      stm32f1xx_hal_i2c.o
    0x08000e08   0x08000e08   0x00000164   Code   RO          699    i.HAL_I2C_Mem_Write  stm32f1xx_hal_i2c.o
    0x08000f6c   0x08000f6c   0x00000078   Code   RO          352    i.HAL_I2C_MspInit   i2c.o
    0x08000fe4   0x08000fe4   0x00000018   Code   RO         1161    i.HAL_IncTick       stm32f1xx_hal.o
    0x08000ffc   0x08000ffc   0x00000028   Code   RO         1162    i.HAL_Init          stm32f1xx_hal.o
    0x08001024   0x08001024   0x0000004c   Code   RO         1163    i.HAL_InitTick      stm32f1xx_hal.o
    0x08001070   0x08001070   0x00000054   Code   RO          607    i.HAL_MspInit       stm32f1xx_hal_msp.o
    0x080010c4   0x080010c4   0x00000020   Code   RO         1626    i.HAL_NVIC_EnableIRQ  stm32f1xx_hal_cortex.o
    0x080010e4   0x080010e4   0x0000007c   Code   RO         1632    i.HAL_NVIC_SetPriority  stm32f1xx_hal_cortex.o
    0x08001160   0x08001160   0x00000028   Code   RO         1633    i.HAL_NVIC_SetPriorityGrouping  stm32f1xx_hal_cortex.o
    0x08001188   0x08001188   0x0000018c   Code   RO         1319    i.HAL_RCC_ClockConfig  stm32f1xx_hal_rcc.o
    0x08001314   0x08001314   0x0000000c   Code   RO         1324    i.HAL_RCC_GetHCLKFreq  stm32f1xx_hal_rcc.o
    0x08001320   0x08001320   0x00000020   Code   RO         1326    i.HAL_RCC_GetPCLK1Freq  stm32f1xx_hal_rcc.o
    0x08001340   0x08001340   0x00000020   Code   RO         1327    i.HAL_RCC_GetPCLK2Freq  stm32f1xx_hal_rcc.o
    0x08001360   0x08001360   0x00000070   Code   RO         1328    i.HAL_RCC_GetSysClockFreq  stm32f1xx_hal_rcc.o
    0x080013d0   0x080013d0   0x00000464   Code   RO         1331    i.HAL_RCC_OscConfig  stm32f1xx_hal_rcc.o
    0x08001834   0x08001834   0x00000034   Code   RO         1637    i.HAL_SYSTICK_Config  stm32f1xx_hal_cortex.o
    0x08001868   0x08001868   0x00000002   Code   RO         2869    i.HAL_TIMEx_BreakCallback  stm32f1xx_hal_tim_ex.o
    0x0800186a   0x0800186a   0x00000002   Code   RO         2870    i.HAL_TIMEx_CommutCallback  stm32f1xx_hal_tim_ex.o
    0x0800186c   0x0800186c   0x00000084   Code   RO         2888    i.HAL_TIMEx_MasterConfigSynchronization  stm32f1xx_hal_tim_ex.o
    0x080018f0   0x080018f0   0x00000066   Code   RO         2154    i.HAL_TIM_Base_Init  stm32f1xx_hal_tim.o
    0x08001956   0x08001956   0x00000002   PAD
    0x08001958   0x08001958   0x00000044   Code   RO          394    i.HAL_TIM_Base_MspInit  tim.o
    0x0800199c   0x0800199c   0x00000078   Code   RO         2159    i.HAL_TIM_Base_Start_IT  stm32f1xx_hal_tim.o
    0x08001a14   0x08001a14   0x0000010c   Code   RO         2163    i.HAL_TIM_ConfigClockSource  stm32f1xx_hal_tim.o
    0x08001b20   0x08001b20   0x000000c4   Code   RO         2175    i.HAL_TIM_Encoder_Init  stm32f1xx_hal_tim.o
    0x08001be4   0x08001be4   0x000000e8   Code   RO          396    i.HAL_TIM_Encoder_MspInit  tim.o
    0x08001ccc   0x08001ccc   0x000000cc   Code   RO         2178    i.HAL_TIM_Encoder_Start  stm32f1xx_hal_tim.o
    0x08001d98   0x08001d98   0x00000002   Code   RO         2188    i.HAL_TIM_IC_CaptureCallback  stm32f1xx_hal_tim.o
    0x08001d9a   0x08001d9a   0x00000196   Code   RO         2202    i.HAL_TIM_IRQHandler  stm32f1xx_hal_tim.o
    0x08001f30   0x08001f30   0x00000058   Code   RO          397    i.HAL_TIM_MspPostInit  tim.o
    0x08001f88   0x08001f88   0x00000002   Code   RO         2205    i.HAL_TIM_OC_DelayElapsedCallback  stm32f1xx_hal_tim.o
    0x08001f8a   0x08001f8a   0x00000104   Code   RO         2226    i.HAL_TIM_PWM_ConfigChannel  stm32f1xx_hal_tim.o
    0x0800208e   0x0800208e   0x00000066   Code   RO         2229    i.HAL_TIM_PWM_Init  stm32f1xx_hal_tim.o
    0x080020f4   0x080020f4   0x00000002   Code   RO         2231    i.HAL_TIM_PWM_MspInit  stm32f1xx_hal_tim.o
    0x080020f6   0x080020f6   0x00000002   Code   RO         2232    i.HAL_TIM_PWM_PulseFinishedCallback  stm32f1xx_hal_tim.o
    0x080020f8   0x080020f8   0x000000d4   Code   RO         2234    i.HAL_TIM_PWM_Start  stm32f1xx_hal_tim.o
    0x080021cc   0x080021cc   0x00000014   Code   RO           14    i.HAL_TIM_PeriodElapsedCallback  main.o
    0x080021e0   0x080021e0   0x00000002   Code   RO         2245    i.HAL_TIM_TriggerCallback  stm32f1xx_hal_tim.o
    0x080021e2   0x080021e2   0x00000002   Code   RO         3148    i.HAL_UARTEx_RxEventCallback  stm32f1xx_hal_uart.o
    0x080021e4   0x080021e4   0x00000002   Code   RO         3162    i.HAL_UART_ErrorCallback  stm32f1xx_hal_uart.o
    0x080021e6   0x080021e6   0x00000002   PAD
    0x080021e8   0x080021e8   0x000002e4   Code   RO         3165    i.HAL_UART_IRQHandler  stm32f1xx_hal_uart.o
    0x080024cc   0x080024cc   0x00000076   Code   RO         3166    i.HAL_UART_Init     stm32f1xx_hal_uart.o
    0x08002542   0x08002542   0x00000002   PAD
    0x08002544   0x08002544   0x00000098   Code   RO          466    i.HAL_UART_MspInit  usart.o
    0x080025dc   0x080025dc   0x00000070   Code   RO         4006    i.HAL_UART_RxCpltCallback  openmv.o
    0x0800264c   0x0800264c   0x00000002   Code   RO         3177    i.HAL_UART_TxCpltCallback  stm32f1xx_hal_uart.o
    0x0800264e   0x0800264e   0x00000004   Code   RO          509    i.HardFault_Handler  stm32f1xx_it.o
    0x08002652   0x08002652   0x0000003e   Code   RO          722    i.I2C_IsAcknowledgeFailed  stm32f1xx_hal_i2c.o
    0x08002690   0x08002690   0x000000e0   Code   RO          734    i.I2C_RequestMemoryWrite  stm32f1xx_hal_i2c.o
    0x08002770   0x08002770   0x00000066   Code   RO          742    i.I2C_WaitOnBTFFlagUntilTimeout  stm32f1xx_hal_i2c.o
    0x080027d6   0x080027d6   0x000000be   Code   RO          743    i.I2C_WaitOnFlagUntilTimeout  stm32f1xx_hal_i2c.o
    0x08002894   0x08002894   0x000000fa   Code   RO          744    i.I2C_WaitOnMasterAddressFlagUntilTimeout  stm32f1xx_hal_i2c.o
    0x0800298e   0x0800298e   0x00000066   Code   RO          748    i.I2C_WaitOnTXEFlagUntilTimeout  stm32f1xx_hal_i2c.o
    0x080029f4   0x080029f4   0x00000074   Code   RO         3629    i.Ignite            led.o
    0x08002a68   0x08002a68   0x0000002c   Code   RO         3970    i.IntercomCallBack  intercom.o
    0x08002a94   0x08002a94   0x00000024   Code   RO         3971    i.Intercom_Init     intercom.o
    0x08002ab8   0x08002ab8   0x0000001c   Code   RO         3630    i.LED_Init          led.o
    0x08002ad4   0x08002ad4   0x00000128   Code   RO          240    i.MX_GPIO_Init      gpio.o
    0x08002bfc   0x08002bfc   0x0000003c   Code   RO          353    i.MX_I2C2_Init      i2c.o
    0x08002c38   0x08002c38   0x00000078   Code   RO          398    i.MX_TIM2_Init      tim.o
    0x08002cb0   0x08002cb0   0x0000007c   Code   RO          399    i.MX_TIM3_Init      tim.o
    0x08002d2c   0x08002d2c   0x000000b4   Code   RO          400    i.MX_TIM4_Init      tim.o
    0x08002de0   0x08002de0   0x00000038   Code   RO          467    i.MX_USART1_UART_Init  usart.o
    0x08002e18   0x08002e18   0x00000018   Code   RO         3768    i.MedicineBoxCallBack  medicinebox.o
    0x08002e30   0x08002e30   0x00000004   Code   RO          510    i.MemManage_Handler  stm32f1xx_it.o
    0x08002e34   0x08002e34   0x00000044   Code   RO         3662    i.MotorInit         motor.o
    0x08002e78   0x08002e78   0x00000004   Code   RO          511    i.NMI_Handler       stm32f1xx_it.o
    0x08002e7c   0x08002e7c   0x0000000a   Code   RO         3804    i.OLED_CLS          oled.o
    0x08002e86   0x08002e86   0x0000003a   Code   RO         3807    i.OLED_Fill         oled.o
    0x08002ec0   0x08002ec0   0x000000b8   Code   RO         3808    i.OLED_Init         oled.o
    0x08002f78   0x08002f78   0x00000028   Code   RO         3811    i.OLED_SetPos       oled.o
    0x08002fa0   0x08002fa0   0x0000009c   Code   RO         3814    i.OLED_ShowChar     oled.o
    0x0800303c   0x0800303c   0x00000188   Code   RO         3816    i.OLED_ShowRealNum  oled.o
    0x080031c4   0x080031c4   0x000000ec   Code   RO         3817    i.OLED_ShowStr      oled.o
    0x080032b0   0x080032b0   0x0000004c   Code   RO         3818    i.OLED_ShowVariable  oled.o
    0x080032fc   0x080032fc   0x000000a8   Code   RO         3934    i.PID_Compute       pid.o
    0x080033a4   0x080033a4   0x00000012   Code   RO         3935    i.PID_ComputeFixed  pid.o
    0x080033b6   0x080033b6   0x00000008   Code   RO         3936    i.PID_DeInit        pid.o
    0x080033be   0x080033be   0x00000002   PAD
    0x080033c0   0x080033c0   0x00000018   Code   RO         3937    i.PID_Init          pid.o
    0x080033d8   0x080033d8   0x00000002   Code   RO          512    i.PendSV_Handler    stm32f1xx_it.o
    0x080033da   0x080033da   0x00000002   PAD
    0x080033dc   0x080033dc   0x00000028   Code   RO         1332    i.RCC_Delay         stm32f1xx_hal_rcc.o
    0x08003404   0x08003404   0x00000002   Code   RO          513    i.SVC_Handler       stm32f1xx_it.o
    0x08003406   0x08003406   0x00000002   PAD
    0x08003408   0x08003408   0x00000090   Code   RO         3663    i.SetMotorOutput    motor.o
    0x08003498   0x08003498   0x00000088   Code   RO         4256    i.SetMotorOutputPID  functions.o
    0x08003520   0x08003520   0x00000008   Code   RO          514    i.SysTick_Handler   stm32f1xx_it.o
    0x08003528   0x08003528   0x00000066   Code   RO           15    i.SystemClock_Config  main.o
    0x0800358e   0x0800358e   0x00000002   Code   RO         3510    i.SystemInit        system_stm32f1xx.o
    0x08003590   0x08003590   0x00000010   Code   RO          515    i.TIM2_IRQHandler   stm32f1xx_it.o
    0x080035a0   0x080035a0   0x00000010   Code   RO          516    i.TIM3_IRQHandler   stm32f1xx_it.o
    0x080035b0   0x080035b0   0x00000010   Code   RO          517    i.TIM4_IRQHandler   stm32f1xx_it.o
    0x080035c0   0x080035c0   0x00000074   Code   RO         2247    i.TIM_Base_SetConfig  stm32f1xx_hal_tim.o
    0x08003634   0x08003634   0x00000022   Code   RO         2248    i.TIM_CCxChannelCmd  stm32f1xx_hal_tim.o
    0x08003656   0x08003656   0x00000016   Code   RO         2258    i.TIM_ETR_SetConfig  stm32f1xx_hal_tim.o
    0x0800366c   0x0800366c   0x00000012   Code   RO         2259    i.TIM_ITRx_SetConfig  stm32f1xx_hal_tim.o
    0x0800367e   0x0800367e   0x00000002   PAD
    0x08003680   0x08003680   0x00000060   Code   RO         2260    i.TIM_OC1_SetConfig  stm32f1xx_hal_tim.o
    0x080036e0   0x080036e0   0x00000068   Code   RO         2261    i.TIM_OC2_SetConfig  stm32f1xx_hal_tim.o
    0x08003748   0x08003748   0x00000068   Code   RO         2262    i.TIM_OC3_SetConfig  stm32f1xx_hal_tim.o
    0x080037b0   0x080037b0   0x00000048   Code   RO         2263    i.TIM_OC4_SetConfig  stm32f1xx_hal_tim.o
    0x080037f8   0x080037f8   0x00000026   Code   RO         2265    i.TIM_TI1_ConfigInputStage  stm32f1xx_hal_tim.o
    0x0800381e   0x0800381e   0x00000028   Code   RO         2267    i.TIM_TI2_ConfigInputStage  stm32f1xx_hal_tim.o
    0x08003846   0x08003846   0x00000002   PAD
    0x08003848   0x08003848   0x00000028   Code   RO         4173    i.TaskManager_Init  taskmanager.o
    0x08003870   0x08003870   0x00000014   Code   RO         3179    i.UART_DMAAbortOnError  stm32f1xx_hal_uart.o
    0x08003884   0x08003884   0x0000006c   Code   RO         3189    i.UART_EndRxTransfer  stm32f1xx_hal_uart.o
    0x080038f0   0x080038f0   0x00000020   Code   RO         3190    i.UART_EndTransmit_IT  stm32f1xx_hal_uart.o
    0x08003910   0x08003910   0x000000fc   Code   RO         3192    i.UART_Receive_IT   stm32f1xx_hal_uart.o
    0x08003a0c   0x08003a0c   0x000000fc   Code   RO         3193    i.UART_SetConfig    stm32f1xx_hal_uart.o
    0x08003b08   0x08003b08   0x00000060   Code   RO         3196    i.UART_Transmit_IT  stm32f1xx_hal_uart.o
    0x08003b68   0x08003b68   0x00000010   Code   RO          518    i.USART1_IRQHandler  stm32f1xx_it.o
    0x08003b78   0x08003b78   0x00000004   Code   RO          519    i.UsageFault_Handler  stm32f1xx_it.o
    0x08003b7c   0x08003b7c   0x00000028   Code   RO         3819    i.WriteCmd          oled.o
    0x08003ba4   0x08003ba4   0x00000028   Code   RO         3820    i.WriteDat          oled.o
    0x08003bcc   0x08003bcc   0x00000010   Code   RO         1639    i.__NVIC_GetPriorityGrouping  stm32f1xx_hal_cortex.o
    0x08003bdc   0x08003bdc   0x00000028   Code   RO         1640    i.__NVIC_SetPriority  stm32f1xx_hal_cortex.o
    0x08003c04   0x08003c04   0x000000aa   Code   RO         4635    i.__kernel_poly     m_ws.l(poly.o)
    0x08003cae   0x08003cae   0x00000002   PAD
    0x08003cb0   0x08003cb0   0x00000010   Code   RO         4609    i.__mathlib_dbl_divzero  m_ws.l(dunder.o)
    0x08003cc0   0x08003cc0   0x00000006   Code   RO         4610    i.__mathlib_dbl_infnan  m_ws.l(dunder.o)
    0x08003cc6   0x08003cc6   0x0000000c   Code   RO         4612    i.__mathlib_dbl_invalid  m_ws.l(dunder.o)
    0x08003cd2   0x08003cd2   0x00000002   PAD
    0x08003cd4   0x08003cd4   0x0000035c   Code   RO         4626    i.log               m_ws.l(log.o)
    0x08004030   0x08004030   0x000000e4   Code   RO         4574    i.log10             m_ws.l(log10.o)
    0x08004114   0x08004114   0x000000c8   Code   RO           16    i.main              main.o
    0x080041dc   0x080041dc   0x00000016   Code   RO         3821    i.oled_pow          oled.o
    0x080041f2   0x080041f2   0x00000002   PAD
    0x080041f4   0x080041f4   0x00000062   Code   RO         4495    x$fpl$d2f           fz_ws.l(d2f.o)
    0x08004256   0x08004256   0x00000002   PAD
    0x08004258   0x08004258   0x00000150   Code   RO         4497    x$fpl$dadd          fz_ws.l(daddsub_clz.o)
    0x080043a8   0x080043a8   0x00000010   Code   RO         4658    x$fpl$dcheck1       fz_ws.l(dcheck1.o)
    0x080043b8   0x080043b8   0x00000018   Code   RO         4592    x$fpl$dcmpinf       fz_ws.l(dcmpi.o)
    0x080043d0   0x080043d0   0x000002b0   Code   RO         4504    x$fpl$ddiv          fz_ws.l(ddiv.o)
    0x08004680   0x08004680   0x00000078   Code   RO         4507    x$fpl$deqf          fz_ws.l(deqf.o)
    0x080046f8   0x080046f8   0x0000005a   Code   RO         4509    x$fpl$dfixu         fz_ws.l(dfixu.o)
    0x08004752   0x08004752   0x0000002e   Code   RO         4514    x$fpl$dflt          fz_ws.l(dflt_clz.o)
    0x08004780   0x08004780   0x00000078   Code   RO         4519    x$fpl$dleqf         fz_ws.l(dleqf.o)
    0x080047f8   0x080047f8   0x00000154   Code   RO         4521    x$fpl$dmul          fz_ws.l(dmul.o)
    0x0800494c   0x0800494c   0x0000009c   Code   RO         4594    x$fpl$dnaninf       fz_ws.l(dnaninf.o)
    0x080049e8   0x080049e8   0x0000000c   Code   RO         4596    x$fpl$dretinf       fz_ws.l(dretinf.o)
    0x080049f4   0x080049f4   0x0000006c   Code   RO         4523    x$fpl$drleqf        fz_ws.l(drleqf.o)
    0x08004a60   0x08004a60   0x00000016   Code   RO         4498    x$fpl$drsb          fz_ws.l(daddsub_clz.o)
    0x08004a76   0x08004a76   0x00000002   PAD
    0x08004a78   0x08004a78   0x000001d4   Code   RO         4499    x$fpl$dsub          fz_ws.l(daddsub_clz.o)
    0x08004c4c   0x08004c4c   0x00000056   Code   RO         4525    x$fpl$f2d           fz_ws.l(f2d.o)
    0x08004ca2   0x08004ca2   0x00000002   PAD
    0x08004ca4   0x08004ca4   0x000000c4   Code   RO         4527    x$fpl$fadd          fz_ws.l(faddsub_clz.o)
    0x08004d68   0x08004d68   0x00000018   Code   RO         4600    x$fpl$fcmpinf       fz_ws.l(fcmpi.o)
    0x08004d80   0x08004d80   0x00000184   Code   RO         4534    x$fpl$fdiv          fz_ws.l(fdiv.o)
    0x08004f04   0x08004f04   0x00000036   Code   RO         4537    x$fpl$ffix          fz_ws.l(ffix.o)
    0x08004f3a   0x08004f3a   0x00000002   PAD
    0x08004f3c   0x08004f3c   0x00000030   Code   RO         4542    x$fpl$fflt          fz_ws.l(fflt_clz.o)
    0x08004f6c   0x08004f6c   0x00000060   Code   RO         4547    x$fpl$ffltll        fz_ws.l(ffltll_clz.o)
    0x08004fcc   0x08004fcc   0x00000026   Code   RO         4541    x$fpl$ffltu         fz_ws.l(fflt_clz.o)
    0x08004ff2   0x08004ff2   0x00000002   PAD
    0x08004ff4   0x08004ff4   0x00000068   Code   RO         4549    x$fpl$fleqf         fz_ws.l(fleqf.o)
    0x0800505c   0x0800505c   0x00000102   Code   RO         4551    x$fpl$fmul          fz_ws.l(fmul.o)
    0x0800515e   0x0800515e   0x0000008c   Code   RO         4602    x$fpl$fnaninf       fz_ws.l(fnaninf.o)
    0x080051ea   0x080051ea   0x0000000a   Code   RO         4604    x$fpl$fretinf       fz_ws.l(fretinf.o)
    0x080051f4   0x080051f4   0x00000062   Code   RO         4553    x$fpl$frleqf        fz_ws.l(frleqf.o)
    0x08005256   0x08005256   0x00000014   Code   RO         4528    x$fpl$frsb          fz_ws.l(faddsub_clz.o)
    0x0800526a   0x0800526a   0x00000002   PAD
    0x0800526c   0x0800526c   0x000000ea   Code   RO         4529    x$fpl$fsub          fz_ws.l(faddsub_clz.o)
    0x08005356   0x08005356   0x00000064   Code   RO         4673    x$fpl$retnan        fz_ws.l(retnan.o)
    0x080053ba   0x080053ba   0x0000005c   Code   RO         4606    x$fpl$scalbn        fz_ws.l(scalbn.o)
    0x08005416   0x08005416   0x00000030   Code   RO         4722    x$fpl$trapveneer    fz_ws.l(trapv.o)
    0x08005446   0x08005446   0x00000000   Code   RO         4608    x$fpl$usenofp       fz_ws.l(usenofp.o)
    0x08005446   0x08005446   0x00000012   Data   RO         1333    .constdata          stm32f1xx_hal_rcc.o
    0x08005458   0x08005458   0x00000018   Data   RO         3511    .constdata          system_stm32f1xx.o
    0x08005470   0x08005470   0x00000818   Data   RO         3822    .constdata          oled.o
    0x08005c88   0x08005c88   0x00000038   Data   RO         4627    .constdata          m_ws.l(log.o)
    0x08005cc0   0x08005cc0   0x00000008   Data   RO         4637    .constdata          m_ws.l(qnan.o)
    0x08005cc8   0x08005cc8   0x00000020   Data   RO         4803    Region$$Table       anon$$obj.o


    Execution Region RW_IRAM1 (Exec base: 0x20000000, Load base: 0x08005ce8, Size: 0x000009e0, Max: 0x00005000, ABSOLUTE, COMPRESSED[0x000000dc])

    Exec Addr    Load Addr    Size         Type   Attr      Idx    E Section Name        Object

    0x20000000   COMPRESSED   0x00000009   Data   RW         1169    .data               stm32f1xx_hal.o
    0x20000009   COMPRESSED   0x00000003   PAD
    0x2000000c   COMPRESSED   0x00000004   Data   RW         3512    .data               system_stm32f1xx.o
    0x20000010   COMPRESSED   0x0000000e   Data   RW         3548    .data               encoder.o
    0x2000001e   COMPRESSED   0x00000002   PAD
    0x20000020   COMPRESSED   0x00000030   Data   RW         3588    .data               grayscaler.o
    0x20000050   COMPRESSED   0x00000001   Data   RW         3770    .data               medicinebox.o
    0x20000051   COMPRESSED   0x00000003   PAD
    0x20000054   COMPRESSED   0x000000e4   Data   RW         3823    .data               oled.o
    0x20000138   COMPRESSED   0x00000003   Data   RW         3972    .data               intercom.o
    0x2000013b   COMPRESSED   0x00000002   Data   RW         4012    .data               openmv.o
    0x2000013d   COMPRESSED   0x00000003   PAD
    0x20000140   COMPRESSED   0x00000014   Data   RW         4067    .data               control.o
    0x20000154   COMPRESSED   0x00000020   Data   RW         4109    .data               followline.o
    0x20000174   COMPRESSED   0x0000000c   Data   RW         4174    .data               taskmanager.o
    0x20000180   COMPRESSED   0x0000005e   Data   RW         4258    .data               functions.o
    0x200001de   COMPRESSED   0x00000002   PAD
    0x200001e0        -       0x00000054   Zero   RW          354    .bss                i2c.o
    0x20000234        -       0x000000d8   Zero   RW          401    .bss                tim.o
    0x2000030c        -       0x00000048   Zero   RW          468    .bss                usart.o
    0x20000354        -       0x0000000a   Zero   RW         4011    .bss                openmv.o
    0x2000035e   COMPRESSED   0x00000002   PAD
    0x20000360        -       0x00000020   Zero   RW         4108    .bss                followline.o
    0x20000380        -       0x00000060   Zero   RW         4661    .bss                c_w.l(libspace.o)
    0x200003e0        -       0x00000200   Zero   RW            2    HEAP                startup_stm32f103xb.o
    0x200005e0        -       0x00000400   Zero   RW            1    STACK               startup_stm32f103xb.o


==============================================================================

Image component sizes


      Code (inc. data)   RO Data    RW Data    ZI Data      Debug   Object Name

       296         54          0         20          0       2091   control.o
       264         74          0         14          0       1420   encoder.o
       524         86          0         32         32       2295   followline.o
       136         24          0         94          0       2018   functions.o
       296         18          0          0          0     430083   gpio.o
       134         26          0         48          0       1765   grayscaler.o
       180         26          0          0         84       1609   i2c.o
        80         20          0          3          0       1298   intercom.o
       144          8          0          0          0       1296   led.o
       328         66          0          0          0     421836   main.o
        24          8          0          1          0        671   medicinebox.o
       212         22          0          0          0       1093   motor.o
      1254         44       2072        228          0       8250   oled.o
       112         18          0          2         10       1159   openmv.o
       218         18          0          0          0       2969   pid.o
        64         26        236          0       1536        812   startup_stm32f103xb.o
       192         36          0          9          0       5893   stm32f1xx_hal.o
       304         22          0          0          0      29419   stm32f1xx_hal_cortex.o
       262          4          0          0          0       1755   stm32f1xx_hal_dma.o
       828         34          0          0          0       3319   stm32f1xx_hal_gpio.o
      1750         30          0          0          0       8195   stm32f1xx_hal_i2c.o
        84          8          0          0          0        894   stm32f1xx_hal_msp.o
      1748         98         18          0          0       5976   stm32f1xx_hal_rcc.o
      2524         60          0          0          0      17615   stm32f1xx_hal_tim.o
       136         14          0          0          0       2429   stm32f1xx_hal_tim_ex.o
      1624          8          0          0          0       8606   stm32f1xx_hal_uart.o
        98         24          0          0          0       5764   stm32f1xx_it.o
         2          0         24          4          0       1119   system_stm32f1xx.o
        40         16          0         12          0       1653   taskmanager.o
       812         62          0          0        216       4384   tim.o
       208         24          0          0         72       1658   usart.o

    ----------------------------------------------------------------------
     14902        978       2382        480       1952     979344   Object Totals
         0          0         32          0          0          0   (incl. Generated)
        24          0          0         13          2          0   (incl. Padding)

    ----------------------------------------------------------------------

      Code (inc. data)   RO Data    RW Data    ZI Data      Debug   Library Member Name

        90          0          0          0          0          0   __dczerorl2.o
         8          0          0          0          0         68   __main.o
         0          0          0          0          0          0   __rtentry.o
        12          0          0          0          0          0   __rtentry2.o
         6          0          0          0          0          0   __rtentry4.o
        52          8          0          0          0          0   __scatter.o
        28          0          0          0          0          0   __scatter_zi.o
        22          0          0          0          0        100   _rserrno.o
        18          0          0          0          0         80   exit.o
         6          0          0          0          0        152   heapauxi.o
         0          0          0          0          0          0   indicate_semi.o
         2          0          0          0          0          0   libinit.o
         2          0          0          0          0          0   libinit2.o
         2          0          0          0          0          0   libshutdown.o
         2          0          0          0          0          0   libshutdown2.o
         8          4          0          0         96         68   libspace.o
         8          4          0          0          0         68   rt_errno_addr_intlibspace.o
        78          0          0          0          0         80   rt_memclr_w.o
         2          0          0          0          0          0   rtexit.o
        10          0          0          0          0          0   rtexit2.o
        12          4          0          0          0         68   sys_exit.o
        74          0          0          0          0         80   sys_stackheap_outer.o
         2          0          0          0          0         68   use_no_semi.o
        98          4          0          0          0         92   d2f.o
       826         16          0          0          0        348   daddsub_clz.o
        16          4          0          0          0         68   dcheck1.o
        24          0          0          0          0         68   dcmpi.o
       688        140          0          0          0        208   ddiv.o
       120          4          0          0          0         92   deqf.o
        90          4          0          0          0         92   dfixu.o
        46          0          0          0          0         68   dflt_clz.o
       120          4          0          0          0         92   dleqf.o
       340         12          0          0          0        104   dmul.o
       156          4          0          0          0         92   dnaninf.o
        12          0          0          0          0         68   dretinf.o
       108          0          0          0          0         80   drleqf.o
        86          4          0          0          0         84   f2d.o
       450          8          0          0          0        236   faddsub_clz.o
        24          0          0          0          0         68   fcmpi.o
       388         76          0          0          0         96   fdiv.o
        54          4          0          0          0         84   ffix.o
        86          0          0          0          0        136   fflt_clz.o
        96          0          0          0          0         84   ffltll_clz.o
       104          4          0          0          0         84   fleqf.o
       258          4          0          0          0         84   fmul.o
       140          4          0          0          0         84   fnaninf.o
        10          0          0          0          0         68   fretinf.o
        98          0          0          0          0         68   frleqf.o
       100          0          0          0          0         68   retnan.o
        92          0          0          0          0         68   scalbn.o
        48          0          0          0          0         68   trapv.o
         0          0          0          0          0          0   usenofp.o
        34          4          0          0          0        204   dunder.o
       860         52         56          0          0        256   log.o
       228         30          0          0          0        120   log10.o
       170          0          0          0          0         96   poly.o
         0          0          8          0          0          0   qnan.o

    ----------------------------------------------------------------------
      6436        402         64          0         96       4360   Library Totals
        22          0          0          0          0          0   (incl. Padding)

    ----------------------------------------------------------------------

      Code (inc. data)   RO Data    RW Data    ZI Data      Debug   Library Name

       444         20          0          0         96        832   c_w.l
      4678        296          0          0          0       2852   fz_ws.l
      1292         86         64          0          0        676   m_ws.l

    ----------------------------------------------------------------------
      6436        402         64          0         96       4360   Library Totals

    ----------------------------------------------------------------------

==============================================================================


      Code (inc. data)   RO Data    RW Data    ZI Data      Debug   

     21338       1380       2446        480       2048     974808   Grand Totals
     21338       1380       2446        220       2048     974808   ELF Image Totals (compressed)
     21338       1380       2446        220          0          0   ROM Totals

==============================================================================

    Total RO  Size (Code + RO Data)                23784 (  23.23kB)
    Total RW  Size (RW Data + ZI Data)              2528 (   2.47kB)
    Total ROM Size (Code + RO Data + RW Data)      24004 (  23.44kB)

==============================================================================

