Component: ARM Compiler 5.06 update 7 (build 960) Tool: armlink [4d3601]

==============================================================================

Section Cross References

    startup_stm32f103xb.o(RESET) refers to startup_stm32f103xb.o(STACK) for __initial_sp
    startup_stm32f103xb.o(RESET) refers to startup_stm32f103xb.o(.text) for Reset_Handler
    startup_stm32f103xb.o(RESET) refers to stm32f1xx_it.o(i.NMI_Handler) for NMI_Handler
    startup_stm32f103xb.o(RESET) refers to stm32f1xx_it.o(i.HardFault_Handler) for HardFault_Handler
    startup_stm32f103xb.o(RESET) refers to stm32f1xx_it.o(i.MemManage_Handler) for MemManage_Handler
    startup_stm32f103xb.o(RESET) refers to stm32f1xx_it.o(i.BusFault_Handler) for BusFault_Handler
    startup_stm32f103xb.o(RESET) refers to stm32f1xx_it.o(i.UsageFault_Handler) for UsageFault_Handler
    startup_stm32f103xb.o(RESET) refers to stm32f1xx_it.o(i.SVC_Handler) for SVC_Handler
    startup_stm32f103xb.o(RESET) refers to stm32f1xx_it.o(i.DebugMon_Handler) for DebugMon_Handler
    startup_stm32f103xb.o(RESET) refers to stm32f1xx_it.o(i.PendSV_Handler) for PendSV_Handler
    startup_stm32f103xb.o(RESET) refers to stm32f1xx_it.o(i.SysTick_Handler) for SysTick_Handler
    startup_stm32f103xb.o(RESET) refers to stm32f1xx_it.o(i.TIM2_IRQHandler) for TIM2_IRQHandler
    startup_stm32f103xb.o(RESET) refers to stm32f1xx_it.o(i.TIM3_IRQHandler) for TIM3_IRQHandler
    startup_stm32f103xb.o(RESET) refers to stm32f1xx_it.o(i.TIM4_IRQHandler) for TIM4_IRQHandler
    startup_stm32f103xb.o(RESET) refers to stm32f1xx_it.o(i.USART1_IRQHandler) for USART1_IRQHandler
    startup_stm32f103xb.o(.text) refers to system_stm32f1xx.o(i.SystemInit) for SystemInit
    startup_stm32f103xb.o(.text) refers to entry.o(.ARM.Collect$$$$00000000) for __main
    main.o(i.HAL_TIM_PeriodElapsedCallback) refers to control.o(i.Control) for Control
    main.o(i.HAL_TIM_PeriodElapsedCallback) refers to tim.o(.bss) for htim4
    main.o(i.SystemClock_Config) refers to memseta.o(.text) for __aeabi_memclr4
    main.o(i.SystemClock_Config) refers to stm32f1xx_hal_rcc.o(i.HAL_RCC_OscConfig) for HAL_RCC_OscConfig
    main.o(i.SystemClock_Config) refers to main.o(i.Error_Handler) for Error_Handler
    main.o(i.SystemClock_Config) refers to stm32f1xx_hal_rcc.o(i.HAL_RCC_ClockConfig) for HAL_RCC_ClockConfig
    main.o(i.main) refers to stm32f1xx_hal.o(i.HAL_Init) for HAL_Init
    main.o(i.main) refers to main.o(i.SystemClock_Config) for SystemClock_Config
    main.o(i.main) refers to gpio.o(i.MX_GPIO_Init) for MX_GPIO_Init
    main.o(i.main) refers to usart.o(i.MX_USART1_UART_Init) for MX_USART1_UART_Init
    main.o(i.main) refers to tim.o(i.MX_TIM2_Init) for MX_TIM2_Init
    main.o(i.main) refers to tim.o(i.MX_TIM3_Init) for MX_TIM3_Init
    main.o(i.main) refers to tim.o(i.MX_TIM4_Init) for MX_TIM4_Init
    main.o(i.main) refers to i2c.o(i.MX_I2C2_Init) for MX_I2C2_Init
    main.o(i.main) refers to stm32f1xx_hal.o(i.HAL_Delay) for HAL_Delay
    main.o(i.main) refers to control.o(i.ControlInit) for ControlInit
    main.o(i.main) refers to ffltui.o(.text) for __aeabi_ui2f
    main.o(i.main) refers to oled.o(i.OLED_ShowVariable) for OLED_ShowVariable
    main.o(i.main) refers to fflti.o(.text) for __aeabi_i2f
    main.o(i.main) refers to taskmanager.o(.data) for stage0
    main.o(i.main) refers to task1.o(.data) for stage1
    main.o(i.main) refers to functions.o(.data) for Loutput
    main.o(i.main) refers to followline.o(.data) for line_count
    main.o(i.main) refers to openmv.o(.bss) for openmv_rxbuffer
    gpio.o(i.MX_GPIO_Init) refers to stm32f1xx_hal_gpio.o(i.HAL_GPIO_WritePin) for HAL_GPIO_WritePin
    gpio.o(i.MX_GPIO_Init) refers to stm32f1xx_hal_gpio.o(i.HAL_GPIO_Init) for HAL_GPIO_Init
    i2c.o(i.HAL_I2C_MspDeInit) refers to stm32f1xx_hal_gpio.o(i.HAL_GPIO_DeInit) for HAL_GPIO_DeInit
    i2c.o(i.HAL_I2C_MspInit) refers to stm32f1xx_hal_gpio.o(i.HAL_GPIO_Init) for HAL_GPIO_Init
    i2c.o(i.MX_I2C2_Init) refers to stm32f1xx_hal_i2c.o(i.HAL_I2C_Init) for HAL_I2C_Init
    i2c.o(i.MX_I2C2_Init) refers to main.o(i.Error_Handler) for Error_Handler
    i2c.o(i.MX_I2C2_Init) refers to i2c.o(.bss) for hi2c2
    tim.o(i.HAL_TIM_Base_MspDeInit) refers to stm32f1xx_hal_cortex.o(i.HAL_NVIC_DisableIRQ) for HAL_NVIC_DisableIRQ
    tim.o(i.HAL_TIM_Base_MspInit) refers to stm32f1xx_hal_cortex.o(i.HAL_NVIC_SetPriority) for HAL_NVIC_SetPriority
    tim.o(i.HAL_TIM_Base_MspInit) refers to stm32f1xx_hal_cortex.o(i.HAL_NVIC_EnableIRQ) for HAL_NVIC_EnableIRQ
    tim.o(i.HAL_TIM_Encoder_MspDeInit) refers to stm32f1xx_hal_gpio.o(i.HAL_GPIO_DeInit) for HAL_GPIO_DeInit
    tim.o(i.HAL_TIM_Encoder_MspDeInit) refers to stm32f1xx_hal_cortex.o(i.HAL_NVIC_DisableIRQ) for HAL_NVIC_DisableIRQ
    tim.o(i.HAL_TIM_Encoder_MspInit) refers to stm32f1xx_hal_gpio.o(i.HAL_GPIO_Init) for HAL_GPIO_Init
    tim.o(i.HAL_TIM_Encoder_MspInit) refers to stm32f1xx_hal_cortex.o(i.HAL_NVIC_SetPriority) for HAL_NVIC_SetPriority
[...]
    i.BusFault_Handler                       0x08000976   Section        0  stm32f1xx_it.o(i.BusFault_Handler)
    i.Control                                0x0800097c   Section        0  control.o(i.Control)
    i.ControlInit                            0x08000a28   Section        0  control.o(i.ControlInit)
    i.DebugMon_Handler                       0x08000a94   Section        0  stm32f1xx_it.o(i.DebugMon_Handler)
    i.EncoderCallBack                        0x08000a98   Section        0  encoder.o(i.EncoderCallBack)
    i.Encoder_Init                           0x08000b48   Section        0  encoder.o(i.Encoder_Init)
    i.EnquireVehicleNum                      0x08000ba0   Section        0  taskmanager.o(i.EnquireVehicleNum)
    i.Error_Handler                          0x08000bc8   Section        0  main.o(i.Error_Handler)
    i.FirstTurn                              0x08000bd0   Section        0  taskmanager.o(i.FirstTurn)
    i.FollowLineClearLineCount               0x08000c04   Section        0  followline.o(i.FollowLineClearLineCount)
    i.FollowLineForLengthCallBack            0x08000c28   Section        0  followline.o(i.FollowLineForLengthCallBack)
    i.FollowLinePIDCallBack                  0x08000c74   Section        0  followline.o(i.FollowLinePIDCallBack)
    i.FollowLinePID_Init                     0x08000e3c   Section        0  followline.o(i.FollowLinePID_Init)
    i.FollowLineRememberLineClear            0x08000e80   Section        0  followline.o(i.FollowLineRememberLineClear)
    i.ForwardTurn                            0x08000e8c   Section        0  functions.o(i.ForwardTurn)
    i.GrayScalerCallBack                     0x08000eec   Section        0  grayscaler.o(i.GrayScalerCallBack)
    i.GrayScaler_Init                        0x08000f58   Section        0  grayscaler.o(i.GrayScaler_Init)
    i.HAL_DMA_Abort                          0x08000f5a   Section        0  stm32f1xx_hal_dma.o(i.HAL_DMA_Abort)
    i.HAL_DMA_Abort_IT                       0x08000fb0   Section        0  stm32f1xx_hal_dma.o(i.HAL_DMA_Abort_IT)
    i.HAL_Delay                              0x08001060   Section        0  stm32f1xx_hal.o(i.HAL_Delay)
    i.HAL_GPIO_Init                          0x08001088   Section        0  stm32f1xx_hal_gpio.o(i.HAL_GPIO_Init)
    i.HAL_GPIO_ReadPin                       0x080013a8   Section        0  stm32f1xx_hal_gpio.o(i.HAL_GPIO_ReadPin)
    i.HAL_GPIO_WritePin                      0x080013b8   Section        0  stm32f1xx_hal_gpio.o(i.HAL_GPIO_WritePin)
    i.HAL_GetTick                            0x080013c4   Section        0  stm32f1xx_hal.o(i.HAL_GetTick)
    i.HAL_I2C_Init                           0x080013d0   Section        0  stm32f1xx_hal_i2c.o(i.HAL_I2C_Init)
    i.HAL_I2C_Mem_Write                      0x080015a0   Section        0  stm32f1xx_hal_i2c.o(i.HAL_I2C_Mem_Write)
    i.HAL_I2C_MspInit                        0x08001704   Section        0  i2c.o(i.HAL_I2C_MspInit)
    i.HAL_IncTick                            0x0800177c   Section        0  stm32f1xx_hal.o(i.HAL_IncTick)
    i.HAL_Init                               0x08001794   Section        0  stm32f1xx_hal.o(i.HAL_Init)
    i.HAL_InitTick                           0x080017bc   Section        0  stm32f1xx_hal.o(i.HAL_InitTick)
    i.HAL_MspInit                            0x08001808   Section        0  stm32f1xx_hal_msp.o(i.HAL_MspInit)
    i.HAL_NVIC_EnableIRQ                     0x0800185c   Section        0  stm32f1xx_hal_cortex.o(i.HAL_NVIC_EnableIRQ)
    i.HAL_NVIC_SetPriority                   0x0800187c   Section        0  stm32f1xx_hal_cortex.o(i.HAL_NVIC_SetPriority)
    i.HAL_NVIC_SetPriorityGrouping           0x080018f8   Section        0  stm32f1xx_hal_cortex.o(i.HAL_NVIC_SetPriorityGrouping)
    i.HAL_RCC_ClockConfig                    0x08001920   Section        0  stm32f1xx_hal_rcc.o(i.HAL_RCC_ClockConfig)
    i.HAL_RCC_GetHCLKFreq                    0x08001aac   Section        0  stm32f1xx_hal_rcc.o(i.HAL_RCC_GetHCLKFreq)
    i.HAL_RCC_GetPCLK1Freq                   0x08001ab8   Section        0  stm32f1xx_hal_rcc.o(i.HAL_RCC_GetPCLK1Freq)
    i.HAL_RCC_GetPCLK2Freq                   0x08001ad8   Section        0  stm32f1xx_hal_rcc.o(i.HAL_RCC_GetPCLK2Freq)
    i.HAL_RCC_GetSysClockFreq                0x08001af8   Section        0  stm32f1xx_hal_rcc.o(i.HAL_RCC_GetSysClockFreq)
    i.HAL_RCC_OscConfig                      0x08001b68   Section        0  stm32f1xx_hal_rcc.o(i.HAL_RCC_OscConfig)
    i.HAL_SYSTICK_Config                     0x08001fcc   Section        0  stm32f1xx_hal_cortex.o(i.HAL_SYSTICK_Config)
    i.HAL_TIMEx_BreakCallback                0x08002000   Section        0  stm32f1xx_hal_tim_ex.o(i.HAL_TIMEx_BreakCallback)
    i.HAL_TIMEx_CommutCallback               0x08002002   Section        0  stm32f1xx_hal_tim_ex.o(i.HAL_TIMEx_CommutCallback)
    i.HAL_TIMEx_MasterConfigSynchronization  0x08002004   Section        0  stm32f1xx_hal_tim_ex.o(i.HAL_TIMEx_MasterConfigSynchronization)
    i.HAL_TIM_Base_Init                      0x08002088   Section        0  stm32f1xx_hal_tim.o(i.HAL_TIM_Base_Init)
    i.HAL_TIM_Base_MspInit                   0x080020f0   Section        0  tim.o(i.HAL_TIM_Base_MspInit)
    i.HAL_TIM_Base_Start_IT                  0x08002134   Section        0  stm32f1xx_hal_tim.o(i.HAL_TIM_Base_Start_IT)
    i.HAL_TIM_ConfigClockSource              0x080021ac   Section        0  stm32f1xx_hal_tim.o(i.HAL_TIM_ConfigClockSource)
    i.HAL_TIM_Encoder_Init                   0x080022b8   Section        0  stm32f1xx_hal_tim.o(i.HAL_TIM_Encoder_Init)
    i.HAL_TIM_Encoder_MspInit                0x0800237c   Section        0  tim.o(i.HAL_TIM_Encoder_MspInit)
    i.HAL_TIM_Encoder_Start                  0x08002464   Section        0  stm32f1xx_hal_tim.o(i.HAL_TIM_Encoder_Start)
    i.HAL_TIM_IC_CaptureCallback             0x08002530   Section        0  stm32f1xx_hal_tim.o(i.HAL_TIM_IC_CaptureCallback)
    i.HAL_TIM_IRQHandler                     0x08002532   Section        0  stm32f1xx_hal_tim.o(i.HAL_TIM_IRQHandler)
    i.HAL_TIM_MspPostInit                    0x080026c8   Section        0  tim.o(i.HAL_TIM_MspPostInit)
    i.HAL_TIM_OC_DelayElapsedCallback        0x08002720   Section        0  stm32f1xx_hal_tim.o(i.HAL_TIM_OC_DelayElapsedCallback)
    i.HAL_TIM_PWM_ConfigChannel              0x08002722   Section        0  stm32f1xx_hal_tim.o(i.HAL_TIM_PWM_ConfigChannel)
    i.HAL_TIM_PWM_Init                       0x08002826   Section        0  stm32f1xx_hal_tim.o(i.HAL_TIM_PWM_Init)
    i.HAL_TIM_PWM_MspInit                    0x0800288c   Section        0  stm32f1xx_hal_tim.o(i.HAL_TIM_PWM_MspInit)
    i.HAL_TIM_PWM_PulseFinishedCallback      0x0800288e   Section        0  stm32f1xx_hal_tim.o(i.HAL_TIM_PWM_PulseFinishedCallback)
    i.HAL_TIM_PWM_Start                      0x08002890   Section        0  stm32f1xx_hal_tim.o(i.HAL_TIM_PWM_Start)
    i.HAL_TIM_PeriodElapsedCallback          0x08002964   Section        0  main.o(i.HAL_TIM_PeriodElapsedCallback)
    i.HAL_TIM_TriggerCallback                0x08002978   Section        0  stm32f1xx_hal_tim.o(i.HAL_TIM_TriggerCallback)
    i.HAL_UARTEx_RxEventCallback             0x0800297a   Section        0  stm32f1xx_hal_uart.o(i.HAL_UARTEx_RxEventCallback)
    i.HAL_UART_ErrorCallback                 0x0800297c   Section        0  stm32f1xx_hal_uart.o(i.HAL_UART_ErrorCallback)
    i.HAL_UART_IRQHandler                    0x08002980   Section        0  stm32f1xx_hal_uart.o(i.HAL_UART_IRQHandler)
    i.HAL_UART_Init                          0x08002c64   Section        0  stm32f1xx_hal_uart.o(i.HAL_UART_Init)
    i.HAL_UART_MspInit                       0x08002cdc   Section        0  usart.o(i.HAL_UART_MspInit)
    i.HAL_UART_Receive_IT                    0x08002d74   Section        0  stm32f1xx_hal_uart.o(i.HAL_UART_Receive_IT)
    i.HAL_UART_RxCpltCallback                0x08002da0   Section        0  openmv.o(i.HAL_UART_RxCpltCallback)
    i.HAL_UART_Transmit                      0x08002e28   Section        0  stm32f1xx_hal_uart.o(i.HAL_UART_Transmit)
    i.HAL_UART_TxCpltCallback                0x08002eda   Section        0  stm32f1xx_hal_uart.o(i.HAL_UART_TxCpltCallback)
    i.HardFault_Handler                      0x08002edc   Section        0  stm32f1xx_it.o(i.HardFault_Handler)
    i.I2C_IsAcknowledgeFailed                0x08002ee0   Section        0  stm32f1xx_hal_i2c.o(i.I2C_IsAcknowledgeFailed)
    I2C_IsAcknowledgeFailed                  0x08002ee1   Thumb Code    62  stm32f1xx_hal_i2c.o(i.I2C_IsAcknowledgeFailed)
    i.I2C_RequestMemoryWrite                 0x08002f20   Section        0  stm32f1xx_hal_i2c.o(i.I2C_RequestMemoryWrite)
    I2C_RequestMemoryWrite                   0x08002f21   Thumb Code   220  stm32f1xx_hal_i2c.o(i.I2C_RequestMemoryWrite)
    i.I2C_WaitOnBTFFlagUntilTimeout          0x08003000   Section        0  stm32f1xx_hal_i2c.o(i.I2C_WaitOnBTFFlagUntilTimeout)
    I2C_WaitOnBTFFlagUntilTimeout            0x08003001   Thumb Code   102  stm32f1xx_hal_i2c.o(i.I2C_WaitOnBTFFlagUntilTimeout)
    i.I2C_WaitOnFlagUntilTimeout             0x08003066   Section        0  stm32f1xx_hal_i2c.o(i.I2C_WaitOnFlagUntilTimeout)
    I2C_WaitOnFlagUntilTimeout               0x08003067   Thumb Code   190  stm32f1xx_hal_i2c.o(i.I2C_WaitOnFlagUntilTimeout)
    i.I2C_WaitOnMasterAddressFlagUntilTimeout 0x08003124   Section        0  stm32f1xx_hal_i2c.o(i.I2C_WaitOnMasterAddressFlagUntilTimeout)
    I2C_WaitOnMasterAddressFlagUntilTimeout  0x08003125   Thumb Code   250  stm32f1xx_hal_i2c.o(i.I2C_WaitOnMasterAddressFlagUntilTimeout)
    i.I2C_WaitOnTXEFlagUntilTimeout          0x0800321e   Section        0  stm32f1xx_hal_i2c.o(i.I2C_WaitOnTXEFlagUntilTimeout)
    I2C_WaitOnTXEFlagUntilTimeout            0x0800321f   Thumb Code   102  stm32f1xx_hal_i2c.o(i.I2C_WaitOnTXEFlagUntilTimeout)
    i.Ignite                                 0x08003284   Section        0  led.o(i.Ignite)
    i.IntercomCallBack                       0x080032f8   Section        0  intercom.o(i.IntercomCallBack)
    i.Intercom_Init                          0x08003324   Section        0  intercom.o(i.Intercom_Init)
    i.JudgeBranch                            0x08003348   Section        0  taskmanager.o(i.JudgeBranch)
    i.LED_Init                               0x080033cc   Section        0  led.o(i.LED_Init)
    i.MX_GPIO_Init                           0x080033e8   Section        0  gpio.o(i.MX_GPIO_Init)
    i.MX_I2C2_Init                           0x08003510   Section        0  i2c.o(i.MX_I2C2_Init)
    i.MX_TIM2_Init                           0x0800354c   Section        0  tim.o(i.MX_TIM2_Init)
    i.MX_TIM3_Init                           0x080035c4   Section        0  tim.o(i.MX_TIM3_Init)
    i.MX_TIM4_Init                           0x08003640   Section        0  tim.o(i.MX_TIM4_Init)
    i.MX_USART1_UART_Init                    0x080036f4   Section        0  usart.o(i.MX_USART1_UART_Init)
    i.MedicineBoxCallBack                    0x0800372c   Section        0  medicinebox.o(i.MedicineBoxCallBack)
    i.MemManage_Handler                      0x08003744   Section        0  stm32f1xx_it.o(i.MemManage_Handler)
    i.Mission0Handler                        0x08003748   Section        0  taskmanager.o(i.Mission0Handler)
    i.Mission1Handler                        0x080038e8   Section        0  task1.o(i.Mission1Handler)
    i.Mission2Handler                        0x08003a74   Section        0  task2.o(i.Mission2Handler)
    i.Mission3Handler                        0x08003be4   Section        0  task3.o(i.Mission3Handler)
    i.Mission4Handler                        0x08003ef4   Section        0  task4.o(i.Mission4Handler)
    i.Mission5Handler                        0x08003ef6   Section        0  task5.o(i.Mission5Handler)
    i.MissionWait_ms                         0x08003ef8   Section        0  taskmanager.o(i.MissionWait_ms)
    i.MissionWait_msCallBack                 0x08003f04   Section        0  taskmanager.o(i.MissionWait_msCallBack)
    i.MotorOutputPIDClear                    0x08003f1c   Section        0  functions.o(i.MotorOutputPIDClear)
    i.Motor_Init                             0x08003f34   Section        0  motor.o(i.Motor_Init)
    i.NMI_Handler                            0x08003f78   Section        0  stm32f1xx_it.o(i.NMI_Handler)
    i.OLED_CLS                               0x08003f7c   Section        0  oled.o(i.OLED_CLS)
    i.OLED_Fill                              0x08003f86   Section        0  oled.o(i.OLED_Fill)
    i.OLED_Init                              0x08003fc0   Section        0  oled.o(i.OLED_Init)
    i.OLED_SetPos                            0x08004078   Section        0  oled.o(i.OLED_SetPos)
    i.OLED_ShowChar                          0x080040a0   Section        0  oled.o(i.OLED_ShowChar)
    i.OLED_ShowRealNum                       0x0800413c   Section        0  oled.o(i.OLED_ShowRealNum)
    i.OLED_ShowStr                           0x080042c4   Section        0  oled.o(i.OLED_ShowStr)
    i.OLED_ShowVariable                      0x080043b0   Section        0  oled.o(i.OLED_ShowVariable)
    i.OpenMVGetDirection                     0x080043fc   Section        0  openmv.o(i.OpenMVGetDirection)
    i.OpenMVGetMap                           0x08004430   Section        0  openmv.o(i.OpenMVGetMap)
    i.OpenMVGetTarRoom                       0x08004460   Section        0  openmv.o(i.OpenMVGetTarRoom)
    i.OpenMVWaitForMission                   0x0800448c   Section        0  taskmanager.o(i.OpenMVWaitForMission)
    i.PID_Compute                            0x08004494   Section        0  pid.o(i.PID_Compute)
    i.PID_ComputeFixed                       0x0800450e   Section        0  pid.o(i.PID_ComputeFixed)
    i.PID_DeInit                             0x08004520   Section        0  pid.o(i.PID_DeInit)
    i.PID_Init                               0x08004528   Section        0  pid.o(i.PID_Init)
    i.PendSV_Handler                         0x08004540   Section        0  stm32f1xx_it.o(i.PendSV_Handler)
    i.RCC_Delay                              0x08004544   Section        0  stm32f1xx_hal_rcc.o(i.RCC_Delay)
    RCC_Delay                                0x08004545   Thumb Code    36  stm32f1xx_hal_rcc.o(i.RCC_Delay)
    i.SVC_Handler                            0x0800456c   Section        0  stm32f1xx_it.o(i.SVC_Handler)
    i.SetMotorOutput                         0x08004570   Section        0  motor.o(i.SetMotorOutput)
    i.SetMotorOutputEncoder                  0x08004600   Section        0  functions.o(i.SetMotorOutputEncoder)
    i.SetMotorOutputPID                      0x080046cc   Section        0  functions.o(i.SetMotorOutputPID)
    i.SysTick_Handler                        0x08004754   Section        0  stm32f1xx_it.o(i.SysTick_Handler)
    i.SystemClock_Config                     0x0800475c   Section        0  main.o(i.SystemClock_Config)
    i.SystemInit                             0x080047c2   Section        0  system_stm32f1xx.o(i.SystemInit)
    i.TIM2_IRQHandler                        0x080047c4   Section        0  stm32f1xx_it.o(i.TIM2_IRQHandler)
    i.TIM3_IRQHandler                        0x080047d4   Section        0  stm32f1xx_it.o(i.TIM3_IRQHandler)
    i.TIM4_IRQHandler                        0x080047e4   Section        0  stm32f1xx_it.o(i.TIM4_IRQHandler)
    i.TIM_Base_SetConfig                     0x080047f4   Section        0  stm32f1xx_hal_tim.o(i.TIM_Base_SetConfig)
    i.TIM_CCxChannelCmd                      0x08004868   Section        0  stm32f1xx_hal_tim.o(i.TIM_CCxChannelCmd)
    i.TIM_ETR_SetConfig                      0x0800488a   Section        0  stm32f1xx_hal_tim.o(i.TIM_ETR_SetConfig)
    i.TIM_ITRx_SetConfig                     0x080048a0   Section        0  stm32f1xx_hal_tim.o(i.TIM_ITRx_SetConfig)
    TIM_ITRx_SetConfig                       0x080048a1   Thumb Code    18  stm32f1xx_hal_tim.o(i.TIM_ITRx_SetConfig)
    i.TIM_OC1_SetConfig                      0x080048b4   Section        0  stm32f1xx_hal_tim.o(i.TIM_OC1_SetConfig)
    TIM_OC1_SetConfig                        0x080048b5   Thumb Code    90  stm32f1xx_hal_tim.o(i.TIM_OC1_SetConfig)
    i.TIM_OC2_SetConfig                      0x08004914   Section        0  stm32f1xx_hal_tim.o(i.TIM_OC2_SetConfig)
    i.TIM_OC3_SetConfig                      0x0800497c   Section        0  stm32f1xx_hal_tim.o(i.TIM_OC3_SetConfig)
    TIM_OC3_SetConfig                        0x0800497d   Thumb Code    98  stm32f1xx_hal_tim.o(i.TIM_OC3_SetConfig)
    i.TIM_OC4_SetConfig                      0x080049e4   Section        0  stm32f1xx_hal_tim.o(i.TIM_OC4_SetConfig)
    TIM_OC4_SetConfig                        0x080049e5   Thumb Code    68  stm32f1xx_hal_tim.o(i.TIM_OC4_SetConfig)
    i.TIM_TI1_ConfigInputStage               0x08004a2c   Section        0  stm32f1xx_hal_tim.o(i.TIM_TI1_ConfigInputStage)
    TIM_TI1_ConfigInputStage                 0x08004a2d   Thumb Code    38  stm32f1xx_hal_tim.o(i.TIM_TI1_ConfigInputStage)
    i.TIM_TI2_ConfigInputStage               0x08004a52   Section        0  stm32f1xx_hal_tim.o(i.TIM_TI2_ConfigInputStage)
    TIM_TI2_ConfigInputStage                 0x08004a53   Thumb Code    40  stm32f1xx_hal_tim.o(i.TIM_TI2_ConfigInputStage)
    i.TaskManagerCallBack                    0x08004a7c   Section        0  taskmanager.o(i.TaskManagerCallBack)
    i.TaskManager_Init                       0x08004abc   Section        0  taskmanager.o(i.TaskManager_Init)
    i.Turn                                   0x08004aec   Section        0  functions.o(i.Turn)
    i.UART_DMAAbortOnError                   0x08004b20   Section        0  stm32f1xx_hal_uart.o(i.UART_DMAAbortOnError)
    UART_DMAAbortOnError                     0x08004b21   Thumb Code    20  stm32f1xx_hal_uart.o(i.UART_DMAAbortOnError)
    i.UART_EndRxTransfer                     0x08004b34   Section        0  stm32f1xx_hal_uart.o(i.UART_EndRxTransfer)
    UART_EndRxTransfer                       0x08004b35   Thumb Code   108  stm32f1xx_hal_uart.o(i.UART_EndRxTransfer)
    i.UART_EndTransmit_IT                    0x08004ba0   Section        0  stm32f1xx_hal_uart.o(i.UART_EndTransmit_IT)
    UART_EndTransmit_IT                      0x08004ba1   Thumb Code    32  stm32f1xx_hal_uart.o(i.UART_EndTransmit_IT)
    i.UART_Receive_IT                        0x08004bc0   Section        0  stm32f1xx_hal_uart.o(i.UART_Receive_IT)
    UART_Receive_IT                          0x08004bc1   Thumb Code   252  stm32f1xx_hal_uart.o(i.UART_Receive_IT)
    i.UART_SetConfig                         0x08004cbc   Section        0  stm32f1xx_hal_uart.o(i.UART_SetConfig)
    UART_SetConfig                           0x08004cbd   Thumb Code   248  stm32f1xx_hal_uart.o(i.UART_SetConfig)
    i.UART_Start_Receive_IT                  0x08004db8   Section        0  stm32f1xx_hal_uart.o(i.UART_Start_Receive_IT)
    i.UART_Transmit_IT                       0x08004df8   Section        0  stm32f1xx_hal_uart.o(i.UART_Transmit_IT)
    UART_Transmit_IT                         0x08004df9   Thumb Code    96  stm32f1xx_hal_uart.o(i.UART_Transmit_IT)
    i.UART_WaitOnFlagUntilTimeout            0x08004e58   Section        0  stm32f1xx_hal_uart.o(i.UART_WaitOnFlagUntilTimeout)
    UART_WaitOnFlagUntilTimeout              0x08004e59   Thumb Code   146  stm32f1xx_hal_uart.o(i.UART_WaitOnFlagUntilTimeout)
    i.USART1_IRQHandler                      0x08004eec   Section        0  stm32f1xx_it.o(i.USART1_IRQHandler)
    i.UsageFault_Handler                     0x08004efc   Section        0  stm32f1xx_it.o(i.UsageFault_Handler)
    i.WriteCmd                               0x08004f00   Section        0  oled.o(i.WriteCmd)
    i.WriteDat                               0x08004f28   Section        0  oled.o(i.WriteDat)
    i.__NVIC_GetPriorityGrouping             0x08004f50   Section        0  stm32f1xx_hal_cortex.o(i.__NVIC_GetPriorityGrouping)
    __NVIC_GetPriorityGrouping               0x08004f51   Thumb Code    10  stm32f1xx_hal_cortex.o(i.__NVIC_GetPriorityGrouping)
    i.__NVIC_SetPriority                     0x08004f60   Section        0  stm32f1xx_hal_cortex.o(i.__NVIC_SetPriority)
    __NVIC_SetPriority                       0x08004f61   Thumb Code    32  stm32f1xx_hal_cortex.o(i.__NVIC_SetPriority)
    i.__kernel_poly                          0x08004f88   Section        0  poly.o(i.__kernel_poly)
    i.__mathlib_dbl_divzero                  0x08005034   Section        0  dunder.o(i.__mathlib_dbl_divzero)
    i.__mathlib_dbl_infnan                   0x08005044   Section        0  dunder.o(i.__mathlib_dbl_infnan)
    i.__mathlib_dbl_invalid                  0x0800504a   Section        0  dunder.o(i.__mathlib_dbl_invalid)
    i.__scatterload_copy                     0x08005056   Section       14  handlers.o(i.__scatterload_copy)
    i.__scatterload_null                     0x08005064   Section        2  handlers.o(i.__scatterload_null)
    i.__scatterload_zeroinit                 0x08005066   Section       14  handlers.o(i.__scatterload_zeroinit)
    i.__set_errno                            0x08005074   Section        0  errno.o(i.__set_errno)
    i.log                                    0x08005080   Section        0  log.o(i.log)
    i.log10                                  0x080053dc   Section        0  log10.o(i.log10)
    i.main                                   0x080054c0   Section        0  main.o(i.main)
    i.oled_pow                               0x080055e8   Section        0  oled.o(i.oled_pow)
    .constdata                               0x080055fe   Section       18  stm32f1xx_hal_rcc.o(.constdata)
    aPLLMULFactorTable                       0x080055fe   Data          16  stm32f1xx_hal_rcc.o(.constdata)
    aPredivFactorTable                       0x0800560e   Data           2  stm32f1xx_hal_rcc.o(.constdata)
    .constdata                               0x08005610   Section       24  system_stm32f1xx.o(.constdata)
    .constdata                               0x08005628   Section     2072  oled.o(.constdata)
    .constdata                               0x08005e40   Section       56  log.o(.constdata)
    Lg2                                      0x08005e40   Data          24  log.o(.constdata)
    Lg                                       0x08005e58   Data          32  log.o(.constdata)
    .constdata                               0x08005e78   Section        8  qnan.o(.constdata)
    .data                                    0x20000000   Section        9  stm32f1xx_hal.o(.data)
    .data                                    0x2000000c   Section        4  system_stm32f1xx.o(.data)
    .data                                    0x20000010   Section       14  encoder.o(.data)
    encoder_count                            0x20000018   Data           2  encoder.o(.data)
    encoderL_10ms_tmp                        0x2000001a   Data           2  encoder.o(.data)
    encoderR_10ms_tmp                        0x2000001c   Data           2  encoder.o(.data)
    .data                                    0x20000020   Section       44  grayscaler.o(.data)
    sensor_port                              0x20000028   Data          24  grayscaler.o(.data)
    sensor_pin                               0x20000040   Data          12  grayscaler.o(.data)
    .data                                    0x2000004c   Section        1  medicinebox.o(.data)
    .data                                    0x20000050   Section      228  oled.o(.data)
    .data                                    0x20000134   Section        3  intercom.o(.data)
    .data                                    0x20000137   Section        2  openmv.o(.data)
    .data                                    0x20000140   Section       20  control.o(.data)
    .data                                    0x20000154   Section       36  followline.o(.data)
    encoder_count_follow                     0x20000174   Data           4  followline.o(.data)
    .data                                    0x20000178   Section       13  taskmanager.o(.data)
    .data                                    0x20000188   Section      101  functions.o(.data)
    encoderL_count                           0x200001e4   Data           4  functions.o(.data)
    encoderR_count                           0x200001e8   Data           4  functions.o(.data)
    Path_turn_flag                           0x200001ec   Data           1  functions.o(.data)
    .data                                    0x200001ed   Section        2  task1.o(.data)
    .data                                    0x200001ef   Section        2  task2.o(.data)
    .data                                    0x200001f1   Section        2  task3.o(.data)
    .data                                    0x200001f3   Section        2  task4.o(.data)
    .data                                    0x200001f5   Section        2  task5.o(.data)
    .data                                    0x200001f8   Section        4  errno.o(.data)
    _errno                                   0x200001f8   Data           4  errno.o(.data)
    .bss                                     0x200001fc   Section       84  i2c.o(.bss)
    .bss                                     0x20000250   Section      216  tim.o(.bss)
    .bss                                     0x20000328   Section       72  usart.o(.bss)
    .bss                                     0x20000370   Section       10  openmv.o(.bss)
    .bss                                     0x2000037c   Section       32  followline.o(.bss)
    STACK                                    0x200003a0   Section     1024  startup_stm32f103xb.o(STACK)

    Global Symbols

    Symbol Name                              Value     Ov Type        Size  Object(Section)

    BuildAttributes$$THM_ISAv4$P$D$K$B$S$PE$A:L22UL41UL21$X:L11$S22US41US21$IEEE1$IW$USESV6$~STKCKD$USESV7$~SHL$OTIME$ROPI$IEEEX$EBA8$MICROLIB$REQ8$PRES8$EABIv2 0x00000000   Number         0  anon$$obj.o ABSOLUTE
    __ARM_use_no_argv                        0x00000000   Number         0  main.o ABSOLUTE
    __arm_fini_                               - Undefined Weak Reference
    __cpp_initialize__aeabi_                  - Undefined Weak Reference
    __cxa_finalize                            - Undefined Weak Reference
    _clock_init                               - Undefined Weak Reference
    _microlib_exit                            - Undefined Weak Reference
    __Vectors_Size                           0x000000ec   Number         0  startup_stm32f103xb.o ABSOLUTE
    __Vectors                                0x08000000   Data           4  startup_stm32f103xb.o(RESET)
    __Vectors_End                            0x080000ec   Data           0  startup_stm32f103xb.o(RESET)
    __main                                   0x080000ed   Thumb Code     0  entry.o(.ARM.Collect$$$$00000000)
    _main_stk                                0x080000ed   Thumb Code     0  entry2.o(.ARM.Collect$$$$00000001)
    _main_scatterload                        0x080000f1   Thumb Code     0  entry5.o(.ARM.Collect$$$$00000004)
    __main_after_scatterload                 0x080000f5   Thumb Code     0  entry5.o(.ARM.Collect$$$$00000004)
    _main_clock                              0x080000f5   Thumb Code     0  entry7b.o(.ARM.Collect$$$$00000008)
    _main_cpp_init                           0x080000f5   Thumb Code     0  entry8b.o(.ARM.Collect$$$$0000000A)
    _main_init                               0x080000f5   Thumb Code     0  entry9a.o(.ARM.Collect$$$$0000000B)
    __rt_lib_shutdown_fini                   0x080000fd   Thumb Code     0  entry12b.o(.ARM.Collect$$$$0000000E)
    __rt_final_cpp                           0x08000101   Thumb Code     0  entry10a.o(.ARM.Collect$$$$0000000F)
    __rt_final_exit                          0x08000101   Thumb Code     0  entry11a.o(.ARM.Collect$$$$00000011)
    Reset_Handler                            0x08000105   Thumb Code     8  startup_stm32f103xb.o(.text)
    ADC1_2_IRQHandler                        0x0800011f   Thumb Code     0  startup_stm32f103xb.o(.text)
    CAN1_RX1_IRQHandler                      0x0800011f   Thumb Code     0  startup_stm32f103xb.o(.text)
    CAN1_SCE_IRQHandler                      0x0800011f   Thumb Code     0  startup_stm32f103xb.o(.text)
    DMA1_Channel1_IRQHandler                 0x0800011f   Thumb Code     0  startup_stm32f103xb.o(.text)
    DMA1_Channel2_IRQHandler                 0x0800011f   Thumb Code     0  startup_stm32f103xb.o(.text)
    DMA1_Channel3_IRQHandler                 0x0800011f   Thumb Code     0  startup_stm32f103xb.o(.text)
    DMA1_Channel4_IRQHandler                 0x0800011f   Thumb Code     0  startup_stm32f103xb.o(.text)
    DMA1_Channel5_IRQHandler                 0x0800011f   Thumb Code     0  startup_stm32f103xb.o(.text)
    DMA1_Channel6_IRQHandler                 0x0800011f   Thumb Code     0  startup_stm32f103xb.o(.text)
    DMA1_Channel7_IRQHandler                 0x0800011f   Thumb Code     0  startup_stm32f103xb.o(.text)
    EXTI0_IRQHandler                         0x0800011f   Thumb Code     0  startup_stm32f103xb.o(.text)
    EXTI15_10_IRQHandler                     0x0800011f   Thumb Code     0  startup_stm32f103xb.o(.text)
    EXTI1_IRQHandler                         0x0800011f   Thumb Code     0  startup_stm32f103xb.o(.text)
    EXTI2_IRQHandler                         0x0800011f   Thumb Code     0  startup_stm32f103xb.o(.text)
    EXTI3_IRQHandler                         0x0800011f   Thumb Code     0  startup_stm32f103xb.o(.text)
    EXTI4_IRQHandler                         0x0800011f   Thumb Code     0  startup_stm32f103xb.o(.text)
    EXTI9_5_IRQHandler                       0x0800011f   Thumb Code     0  startup_stm32f103xb.o(.text)
    FLASH_IRQHandler                         0x0800011f   Thumb Code     0  startup_stm32f103xb.o(.text)
    I2C1_ER_IRQHandler                       0x0800011f   Thumb Code     0  startup_stm32f103xb.o(.text)
    I2C1_EV_IRQHandler                       0x0800011f   Thumb Code     0  startup_stm32f103xb.o(.text)
    I2C2_ER_IRQHandler                       0x0800011f   Thumb Code     0  startup_stm32f103xb.o(.text)
    I2C2_EV_IRQHandler                       0x0800011f   Thumb Code     0  startup_stm32f103xb.o(.text)
    PVD_IRQHandler                           0x0800011f   Thumb Code     0  startup_stm32f103xb.o(.text)
    RCC_IRQHandler                           0x0800011f   Thumb Code     0  startup_stm32f103xb.o(.text)
    RTC_Alarm_IRQHandler                     0x0800011f   Thumb Code     0  startup_stm32f103xb.o(.text)
    RTC_IRQHandler                           0x0800011f   Thumb Code     0  startup_stm32f103xb.o(.text)
    SPI1_IRQHandler                          0x0800011f   Thumb Code     0  startup_stm32f103xb.o(.text)
    SPI2_IRQHandler                          0x0800011f   Thumb Code     0  startup_stm32f103xb.o(.text)
    TAMPER_IRQHandler                        0x0800011f   Thumb Code     0  startup_stm32f103xb.o(.text)
    TIM1_BRK_IRQHandler                      0x0800011f   Thumb Code     0  startup_stm32f103xb.o(.text)
    TIM1_CC_IRQHandler                       0x0800011f   Thumb Code     0  startup_stm32f103xb.o(.text)
    TIM1_TRG_COM_IRQHandler                  0x0800011f   Thumb Code     0  startup_stm32f103xb.o(.text)
    TIM1_UP_IRQHandler                       0x0800011f   Thumb Code     0  startup_stm32f103xb.o(.text)
    USART2_IRQHandler                        0x0800011f   Thumb Code     0  startup_stm32f103xb.o(.text)
    USART3_IRQHandler                        0x0800011f   Thumb Code     0  startup_stm32f103xb.o(.text)
    USBWakeUp_IRQHandler                     0x0800011f   Thumb Code     0  startup_stm32f103xb.o(.text)
    USB_HP_CAN1_TX_IRQHandler                0x0800011f   Thumb Code     0  startup_stm32f103xb.o(.text)
    USB_LP_CAN1_RX0_IRQHandler               0x0800011f   Thumb Code     0  startup_stm32f103xb.o(.text)
    WWDG_IRQHandler                          0x0800011f   Thumb Code     0  startup_stm32f103xb.o(.text)
    __aeabi_llsr                             0x08000129   Thumb Code    32  llushr.o(.text)
    _ll_ushift_r                             0x08000129   Thumb Code     0  llushr.o(.text)
    __aeabi_memset                           0x08000149   Thumb Code    14  memseta.o(.text)
    __aeabi_memset4                          0x08000149   Thumb Code     0  memseta.o(.text)
    __aeabi_memset8                          0x08000149   Thumb Code     0  memseta.o(.text)
    __aeabi_memclr                           0x08000157   Thumb Code     4  memseta.o(.text)
    __aeabi_memclr4                          0x08000157   Thumb Code     0  memseta.o(.text)
    __aeabi_memclr8                          0x08000157   Thumb Code     0  memseta.o(.text)
    _memset$wrapper                          0x0800015b   Thumb Code    18  memseta.o(.text)
    __aeabi_fadd                             0x0800016d   Thumb Code   164  fadd.o(.text)
    __aeabi_fsub                             0x08000211   Thumb Code     6  fadd.o(.text)
    __aeabi_frsub                            0x08000217   Thumb Code     6  fadd.o(.text)
    __aeabi_fmul                             0x0800021d   Thumb Code   100  fmul.o(.text)
    __aeabi_fdiv                             0x08000281   Thumb Code   124  fdiv.o(.text)
    __aeabi_dadd                             0x080002fd   Thumb Code   322  dadd.o(.text)
    __aeabi_dsub                             0x0800043f   Thumb Code     6  dadd.o(.text)
    __aeabi_drsub                            0x08000445   Thumb Code     6  dadd.o(.text)
    __aeabi_dmul                             0x0800044b   Thumb Code   228  dmul.o(.text)
    __aeabi_ddiv                             0x0800052f   Thumb Code   222  ddiv.o(.text)
    __aeabi_i2f                              0x0800060d   Thumb Code    18  fflti.o(.text)
    __aeabi_ui2f                             0x0800061f   Thumb Code    10  ffltui.o(.text)
    __aeabi_i2d                              0x08000629   Thumb Code    34  dflti.o(.text)
    __aeabi_f2iz                             0x0800064b   Thumb Code    50  ffixi.o(.text)
    __aeabi_d2uiz                            0x0800067d   Thumb Code    50  dfixui.o(.text)
    __aeabi_f2d                              0x080006af   Thumb Code    38  f2d.o(.text)
    __aeabi_cdcmpeq                          0x080006d5   Thumb Code     0  cdcmple.o(.text)
    __aeabi_cdcmple                          0x080006d5   Thumb Code    48  cdcmple.o(.text)
    __aeabi_d2f                              0x08000705   Thumb Code    56  d2f.o(.text)
    __aeabi_cfcmpeq                          0x0800073d   Thumb Code     0  cfcmple.o(.text)
    __aeabi_cfcmple                          0x0800073d   Thumb Code    20  cfcmple.o(.text)
    __aeabi_cfrcmple                         0x08000751   Thumb Code    20  cfrcmple.o(.text)
    __aeabi_llsl                             0x08000765   Thumb Code    30  llshl.o(.text)
    _ll_shift_l                              0x08000765   Thumb Code     0  llshl.o(.text)
    __aeabi_lasr                             0x08000783   Thumb Code    36  llsshr.o(.text)
    _ll_sshift_r                             0x08000783   Thumb Code     0  llsshr.o(.text)
    __I$use$fp                               0x080007a7   Thumb Code     0  iusefp.o(.text)
    _float_round                             0x080007a7   Thumb Code    18  fepilogue.o(.text)
    _float_epilogue                          0x080007b9   Thumb Code    92  fepilogue.o(.text)
    _double_round                            0x08000815   Thumb Code    30  depilogue.o(.text)
    _double_epilogue                         0x08000833   Thumb Code   156  depilogue.o(.text)
    __ARM_scalbn                             0x080008cf   Thumb Code    46  dscalb.o(.text)
    scalbn                                   0x080008cf   Thumb Code     0  dscalb.o(.text)
    __scatterload                            0x080008fd   Thumb Code    28  init.o(.text)
    __scatterload_rt2                        0x080008fd   Thumb Code     0  init.o(.text)
    __decompress                             0x08000921   Thumb Code     0  __dczerorl2.o(.text)
    __decompress1                            0x08000921   Thumb Code    86  __dczerorl2.o(.text)
    BusFault_Handler                         0x08000977   Thumb Code     4  stm32f1xx_it.o(i.BusFault_Handler)
    Control                                  0x0800097d   Thumb Code   150  control.o(i.Control)
    ControlInit                              0x08000a29   Thumb Code    78  control.o(i.ControlInit)
    DebugMon_Handler                         0x08000a95   Thumb Code     2  stm32f1xx_it.o(i.DebugMon_Handler)
    EncoderCallBack                          0x08000a99   Thumb Code   140  encoder.o(i.EncoderCallBack)
    Encoder_Init                             0x08000b49   Thumb Code    50  encoder.o(i.Encoder_Init)
    EnquireVehicleNum                        0x08000ba1   Thumb Code    30  taskmanager.o(i.EnquireVehicleNum)
    Error_Handler                            0x08000bc9   Thumb Code     6  main.o(i.Error_Handler)
    FirstTurn                                0x08000bd1   Thumb Code    44  taskmanager.o(i.FirstTurn)
    FollowLineClearLineCount                 0x08000c05   Thumb Code    22  followline.o(i.FollowLineClearLineCount)
    FollowLineForLengthCallBack              0x08000c29   Thumb Code    64  followline.o(i.FollowLineForLengthCallBack)
    FollowLinePIDCallBack                    0x08000c75   Thumb Code   386  followline.o(i.FollowLinePIDCallBack)
    FollowLinePID_Init                       0x08000e3d   Thumb Code    48  followline.o(i.FollowLinePID_Init)
    FollowLineRememberLineClear              0x08000e81   Thumb Code     8  followline.o(i.FollowLineRememberLineClear)
    ForwardTurn                              0x08000e8d   Thumb Code    82  functions.o(i.ForwardTurn)
    GrayScalerCallBack                       0x08000eed   Thumb Code    86  grayscaler.o(i.GrayScalerCallBack)
    GrayScaler_Init                          0x08000f59   Thumb Code     2  grayscaler.o(i.GrayScaler_Init)
    HAL_DMA_Abort                            0x08000f5b   Thumb Code    86  stm32f1xx_hal_dma.o(i.HAL_DMA_Abort)
    HAL_DMA_Abort_IT                         0x08000fb1   Thumb Code   172  stm32f1xx_hal_dma.o(i.HAL_DMA_Abort_IT)
    HAL_Delay                                0x08001061   Thumb Code    36  stm32f1xx_hal.o(i.HAL_Delay)
    HAL_GPIO_Init                            0x08001089   Thumb Code   766  stm32f1xx_hal_gpio.o(i.HAL_GPIO_Init)
    HAL_GPIO_ReadPin                         0x080013a9   Thumb Code    16  stm32f1xx_hal_gpio.o(i.HAL_GPIO_ReadPin)
    HAL_GPIO_WritePin                        0x080013b9   Thumb Code    12  stm32f1xx_hal_gpio.o(i.HAL_GPIO_WritePin)
    HAL_GetTick                              0x080013c5   Thumb Code     6  stm32f1xx_hal.o(i.HAL_GetTick)
    HAL_I2C_Init                             0x080013d1   Thumb Code   446  stm32f1xx_hal_i2c.o(i.HAL_I2C_Init)
    HAL_I2C_Mem_Write                        0x080015a1   Thumb Code   348  stm32f1xx_hal_i2c.o(i.HAL_I2C_Mem_Write)
    HAL_I2C_MspInit                          0x08001705   Thumb Code   106  i2c.o(i.HAL_I2C_MspInit)
    HAL_IncTick                              0x0800177d   Thumb Code    16  stm32f1xx_hal.o(i.HAL_IncTick)
    HAL_Init                                 0x08001795   Thumb Code    34  stm32f1xx_hal.o(i.HAL_Init)
    HAL_InitTick                             0x080017bd   Thumb Code    64  stm32f1xx_hal.o(i.HAL_InitTick)
    HAL_MspInit                              0x08001809   Thumb Code    76  stm32f1xx_hal_msp.o(i.HAL_MspInit)
    HAL_NVIC_EnableIRQ                       0x0800185d   Thumb Code    32  stm32f1xx_hal_cortex.o(i.HAL_NVIC_EnableIRQ)
    HAL_NVIC_SetPriority                     0x0800187d   Thumb Code   124  stm32f1xx_hal_cortex.o(i.HAL_NVIC_SetPriority)
    HAL_NVIC_SetPriorityGrouping             0x080018f9   Thumb Code    32  stm32f1xx_hal_cortex.o(i.HAL_NVIC_SetPriorityGrouping)
    HAL_RCC_ClockConfig                      0x08001921   Thumb Code   376  stm32f1xx_hal_rcc.o(i.HAL_RCC_ClockConfig)
    HAL_RCC_GetHCLKFreq                      0x08001aad   Thumb Code     6  stm32f1xx_hal_rcc.o(i.HAL_RCC_GetHCLKFreq)
    HAL_RCC_GetPCLK1Freq                     0x08001ab9   Thumb Code    22  stm32f1xx_hal_rcc.o(i.HAL_RCC_GetPCLK1Freq)
    HAL_RCC_GetPCLK2Freq                     0x08001ad9   Thumb Code    22  stm32f1xx_hal_rcc.o(i.HAL_RCC_GetPCLK2Freq)
    HAL_RCC_GetSysClockFreq                  0x08001af9   Thumb Code    92  stm32f1xx_hal_rcc.o(i.HAL_RCC_GetSysClockFreq)
    HAL_RCC_OscConfig                        0x08001b69   Thumb Code  1114  stm32f1xx_hal_rcc.o(i.HAL_RCC_OscConfig)
    HAL_SYSTICK_Config                       0x08001fcd   Thumb Code    52  stm32f1xx_hal_cortex.o(i.HAL_SYSTICK_Config)
    HAL_TIMEx_BreakCallback                  0x08002001   Thumb Code     2  stm32f1xx_hal_tim_ex.o(i.HAL_TIMEx_BreakCallback)
    HAL_TIMEx_CommutCallback                 0x08002003   Thumb Code     2  stm32f1xx_hal_tim_ex.o(i.HAL_TIMEx_CommutCallback)
    HAL_TIMEx_MasterConfigSynchronization    0x08002005   Thumb Code   118  stm32f1xx_hal_tim_ex.o(i.HAL_TIMEx_MasterConfigSynchronization)
    HAL_TIM_Base_Init                        0x08002089   Thumb Code   102  stm32f1xx_hal_tim.o(i.HAL_TIM_Base_Init)
    HAL_TIM_Base_MspInit                     0x080020f1   Thumb Code    58  tim.o(i.HAL_TIM_Base_MspInit)
    HAL_TIM_Base_Start_IT                    0x08002135   Thumb Code   106  stm32f1xx_hal_tim.o(i.HAL_TIM_Base_Start_IT)
    HAL_TIM_ConfigClockSource                0x080021ad   Thumb Code   268  stm32f1xx_hal_tim.o(i.HAL_TIM_ConfigClockSource)
    HAL_TIM_Encoder_Init                     0x080022b9   Thumb Code   196  stm32f1xx_hal_tim.o(i.HAL_TIM_Encoder_Init)
    HAL_TIM_Encoder_MspInit                  0x0800237d   Thumb Code   218  tim.o(i.HAL_TIM_Encoder_MspInit)
    HAL_TIM_Encoder_Start                    0x08002465   Thumb Code   204  stm32f1xx_hal_tim.o(i.HAL_TIM_Encoder_Start)
    HAL_TIM_IC_CaptureCallback               0x08002531   Thumb Code     2  stm32f1xx_hal_tim.o(i.HAL_TIM_IC_CaptureCallback)
    HAL_TIM_IRQHandler                       0x08002533   Thumb Code   406  stm32f1xx_hal_tim.o(i.HAL_TIM_IRQHandler)
    HAL_TIM_MspPostInit                      0x080026c9   Thumb Code    74  tim.o(i.HAL_TIM_MspPostInit)
    HAL_TIM_OC_DelayElapsedCallback          0x08002721   Thumb Code     2  stm32f1xx_hal_tim.o(i.HAL_TIM_OC_DelayElapsedCallback)
    HAL_TIM_PWM_ConfigChannel                0x08002723   Thumb Code   260  stm32f1xx_hal_tim.o(i.HAL_TIM_PWM_ConfigChannel)
    HAL_TIM_PWM_Init                         0x08002827   Thumb Code   102  stm32f1xx_hal_tim.o(i.HAL_TIM_PWM_Init)
    HAL_TIM_PWM_MspInit                      0x0800288d   Thumb Code     2  stm32f1xx_hal_tim.o(i.HAL_TIM_PWM_MspInit)
    HAL_TIM_PWM_PulseFinishedCallback        0x0800288f   Thumb Code     2  stm32f1xx_hal_tim.o(i.HAL_TIM_PWM_PulseFinishedCallback)
    HAL_TIM_PWM_Start                        0x08002891   Thumb Code   198  stm32f1xx_hal_tim.o(i.HAL_TIM_PWM_Start)
    HAL_TIM_PeriodElapsedCallback            0x08002965   Thumb Code    16  main.o(i.HAL_TIM_PeriodElapsedCallback)
    HAL_TIM_TriggerCallback                  0x08002979   Thumb Code     2  stm32f1xx_hal_tim.o(i.HAL_TIM_TriggerCallback)
    HAL_UARTEx_RxEventCallback               0x0800297b   Thumb Code     2  stm32f1xx_hal_uart.o(i.HAL_UARTEx_RxEventCallback)
    HAL_UART_ErrorCallback                   0x0800297d   Thumb Code     2  stm32f1xx_hal_uart.o(i.HAL_UART_ErrorCallback)
    HAL_UART_IRQHandler                      0x08002981   Thumb Code   736  stm32f1xx_hal_uart.o(i.HAL_UART_IRQHandler)
    HAL_UART_Init                            0x08002c65   Thumb Code   118  stm32f1xx_hal_uart.o(i.HAL_UART_Init)
    HAL_UART_MspInit                         0x08002cdd   Thumb Code   138  usart.o(i.HAL_UART_MspInit)
    HAL_UART_Receive_IT                      0x08002d75   Thumb Code    44  stm32f1xx_hal_uart.o(i.HAL_UART_Receive_IT)
    HAL_UART_RxCpltCallback                  0x08002da1   Thumb Code   118  openmv.o(i.HAL_UART_RxCpltCallback)
    HAL_UART_Transmit                        0x08002e29   Thumb Code   178  stm32f1xx_hal_uart.o(i.HAL_UART_Transmit)
    HAL_UART_TxCpltCallback                  0x08002edb   Thumb Code     2  stm32f1xx_hal_uart.o(i.HAL_UART_TxCpltCallback)
    HardFault_Handler                        0x08002edd   Thumb Code     4  stm32f1xx_it.o(i.HardFault_Handler)
    Ignite                                   0x08003285   Thumb Code   112  led.o(i.Ignite)
    IntercomCallBack                         0x080032f9   Thumb Code    32  intercom.o(i.IntercomCallBack)
    Intercom_Init                            0x08003325   Thumb Code    28  intercom.o(i.Intercom_Init)
    JudgeBranch                              0x08003349   Thumb Code   102  taskmanager.o(i.JudgeBranch)
    LED_Init                                 0x080033cd   Thumb Code    24  led.o(i.LED_Init)
    MX_GPIO_Init                             0x080033e9   Thumb Code   278  gpio.o(i.MX_GPIO_Init)
    MX_I2C2_Init                             0x08003511   Thumb Code    48  i2c.o(i.MX_I2C2_Init)
    MX_TIM2_Init                             0x0800354d   Thumb Code   116  tim.o(i.MX_TIM2_Init)
    MX_TIM3_Init                             0x080035c5   Thumb Code   114  tim.o(i.MX_TIM3_Init)
    MX_TIM4_Init                             0x08003641   Thumb Code   170  tim.o(i.MX_TIM4_Init)
    MX_USART1_UART_Init                      0x080036f5   Thumb Code    46  usart.o(i.MX_USART1_UART_Init)
    MedicineBoxCallBack                      0x0800372d   Thumb Code    16  medicinebox.o(i.MedicineBoxCallBack)
    MemManage_Handler                        0x08003745   Thumb Code     4  stm32f1xx_it.o(i.MemManage_Handler)
    Mission0Handler                          0x08003749   Thumb Code   384  taskmanager.o(i.Mission0Handler)
    Mission1Handler                          0x080038e9   Thumb Code   374  task1.o(i.Mission1Handler)
    Mission2Handler                          0x08003a75   Thumb Code   346  task2.o(i.Mission2Handler)
    Mission3Handler                          0x08003be5   Thumb Code   758  task3.o(i.Mission3Handler)
    Mission4Handler                          0x08003ef5   Thumb Code     2  task4.o(i.Mission4Handler)
    Mission5Handler                          0x08003ef7   Thumb Code     2  task5.o(i.Mission5Handler)
    MissionWait_ms                           0x08003ef9   Thumb Code     6  taskmanager.o(i.MissionWait_ms)
    MissionWait_msCallBack                   0x08003f05   Thumb Code    18  taskmanager.o(i.MissionWait_msCallBack)
    MotorOutputPIDClear                      0x08003f1d   Thumb Code    16  functions.o(i.MotorOutputPIDClear)
    Motor_Init                               0x08003f35   Thumb Code    60  motor.o(i.Motor_Init)
    NMI_Handler                              0x08003f79   Thumb Code     4  stm32f1xx_it.o(i.NMI_Handler)
    OLED_CLS                                 0x08003f7d   Thumb Code    10  oled.o(i.OLED_CLS)
    OLED_Fill                                0x08003f87   Thumb Code    58  oled.o(i.OLED_Fill)
    OLED_Init                                0x08003fc1   Thumb Code   178  oled.o(i.OLED_Init)
    OLED_SetPos                              0x08004079   Thumb Code    40  oled.o(i.OLED_SetPos)
    OLED_ShowChar                            0x080040a1   Thumb Code   148  oled.o(i.OLED_ShowChar)
    OLED_ShowRealNum                         0x0800413d   Thumb Code   382  oled.o(i.OLED_ShowRealNum)
    OLED_ShowStr                             0x080042c5   Thumb Code   228  oled.o(i.OLED_ShowStr)
    OLED_ShowVariable                        0x080043b1   Thumb Code    76  oled.o(i.OLED_ShowVariable)
    OpenMVGetDirection                       0x080043fd   Thumb Code    34  openmv.o(i.OpenMVGetDirection)
    OpenMVGetMap                             0x08004431   Thumb Code    32  openmv.o(i.OpenMVGetMap)
    OpenMVGetTarRoom                         0x08004461   Thumb Code    30  openmv.o(i.OpenMVGetTarRoom)
    OpenMVWaitForMission                     0x0800448d   Thumb Code     8  taskmanager.o(i.OpenMVWaitForMission)
    PID_Compute                              0x08004495   Thumb Code   122  pid.o(i.PID_Compute)
    PID_ComputeFixed                         0x0800450f   Thumb Code    18  pid.o(i.PID_ComputeFixed)
    PID_DeInit                               0x08004521   Thumb Code     8  pid.o(i.PID_DeInit)
    PID_Init                                 0x08004529   Thumb Code    16  pid.o(i.PID_Init)
    PendSV_Handler                           0x08004541   Thumb Code     2  stm32f1xx_it.o(i.PendSV_Handler)
    SVC_Handler                              0x0800456d   Thumb Code     2  stm32f1xx_it.o(i.SVC_Handler)
    SetMotorOutput                           0x08004571   Thumb Code   130  motor.o(i.SetMotorOutput)
    SetMotorOutputEncoder                    0x08004601   Thumb Code   188  functions.o(i.SetMotorOutputEncoder)
    SetMotorOutputPID                        0x080046cd   Thumb Code   112  functions.o(i.SetMotorOutputPID)
    SysTick_Handler                          0x08004755   Thumb Code     8  stm32f1xx_it.o(i.SysTick_Handler)
    SystemClock_Config                       0x0800475d   Thumb Code   102  main.o(i.SystemClock_Config)
    SystemInit                               0x080047c3   Thumb Code     2  system_stm32f1xx.o(i.SystemInit)
    TIM2_IRQHandler                          0x080047c5   Thumb Code    10  stm32f1xx_it.o(i.TIM2_IRQHandler)
    TIM3_IRQHandler                          0x080047d5   Thumb Code    10  stm32f1xx_it.o(i.TIM3_IRQHandler)
    TIM4_IRQHandler                          0x080047e5   Thumb Code    10  stm32f1xx_it.o(i.TIM4_IRQHandler)
    TIM_Base_SetConfig                       0x080047f5   Thumb Code   104  stm32f1xx_hal_tim.o(i.TIM_Base_SetConfig)
    TIM_CCxChannelCmd                        0x08004869   Thumb Code    34  stm32f1xx_hal_tim.o(i.TIM_CCxChannelCmd)
    TIM_ETR_SetConfig                        0x0800488b   Thumb Code    22  stm32f1xx_hal_tim.o(i.TIM_ETR_SetConfig)
    TIM_OC2_SetConfig                        0x08004915   Thumb Code   100  stm32f1xx_hal_tim.o(i.TIM_OC2_SetConfig)
    TaskManagerCallBack                      0x08004a7d   Thumb Code    60  taskmanager.o(i.TaskManagerCallBack)
    TaskManager_Init                         0x08004abd   Thumb Code    26  taskmanager.o(i.TaskManager_Init)
    Turn                                     0x08004aed   Thumb Code    48  functions.o(i.Turn)
    UART_Start_Receive_IT                    0x08004db9   Thumb Code    64  stm32f1xx_hal_uart.o(i.UART_Start_Receive_IT)
    USART1_IRQHandler                        0x08004eed   Thumb Code    10  stm32f1xx_it.o(i.USART1_IRQHandler)
    UsageFault_Handler                       0x08004efd   Thumb Code     4  stm32f1xx_it.o(i.UsageFault_Handler)
    WriteCmd                                 0x08004f01   Thumb Code    34  oled.o(i.WriteCmd)
    WriteDat                                 0x08004f29   Thumb Code    34  oled.o(i.WriteDat)
    __kernel_poly                            0x08004f89   Thumb Code   170  poly.o(i.__kernel_poly)
    __mathlib_dbl_divzero                    0x08005035   Thumb Code    12  dunder.o(i.__mathlib_dbl_divzero)
    __mathlib_dbl_infnan                     0x08005045   Thumb Code     6  dunder.o(i.__mathlib_dbl_infnan)
    __mathlib_dbl_invalid                    0x0800504b   Thumb Code    12  dunder.o(i.__mathlib_dbl_invalid)
    __scatterload_copy                       0x08005057   Thumb Code    14  handlers.o(i.__scatterload_copy)
    __scatterload_null                       0x08005065   Thumb Code     2  handlers.o(i.__scatterload_null)
    __scatterload_zeroinit                   0x08005067   Thumb Code    14  handlers.o(i.__scatterload_zeroinit)
    __set_errno                              0x08005075   Thumb Code     6  errno.o(i.__set_errno)
    log                                      0x08005081   Thumb Code   808  log.o(i.log)
    log10                                    0x080053dd   Thumb Code   198  log10.o(i.log10)
    main                                     0x080054c1   Thumb Code   192  main.o(i.main)
    oled_pow                                 0x080055e9   Thumb Code    22  oled.o(i.oled_pow)
    AHBPrescTable                            0x08005610   Data          16  system_stm32f1xx.o(.constdata)
    APBPrescTable                            0x08005620   Data           8  system_stm32f1xx.o(.constdata)
    F6x8                                     0x08005628   Data         552  oled.o(.constdata)
    F8X16                                    0x08005850   Data        1520  oled.o(.constdata)
    __mathlib_zero                           0x08005e78   Data           8  qnan.o(.constdata)
    Region$$Table$$Base                      0x08005e80   Number         0  anon$$obj.o(Region$$Table)
    Region$$Table$$Limit                     0x08005ea0   Number         0  anon$$obj.o(Region$$Table)
    uwTick                                   0x20000000   Data           4  stm32f1xx_hal.o(.data)
    uwTickPrio                               0x20000004   Data           4  stm32f1xx_hal.o(.data)
    uwTickFreq                               0x20000008   Data           1  stm32f1xx_hal.o(.data)
    SystemCoreClock                          0x2000000c   Data           4  system_stm32f1xx.o(.data)
    encoderL_1ms                             0x20000010   Data           2  encoder.o(.data)
    encoderR_1ms                             0x20000012   Data           2  encoder.o(.data)
    encoderL_10ms                            0x20000014   Data           2  encoder.o(.data)
    encoderR_10ms                            0x20000016   Data           2  encoder.o(.data)
    sensor                                   0x20000020   Data           6  grayscaler.o(.data)
    sensor_count                             0x20000026   Data           1  grayscaler.o(.data)
    ex_sensor_count                          0x20000027   Data           1  grayscaler.o(.data)
    loaded                                   0x2000004c   Data           1  medicinebox.o(.data)
    F16x16                                   0x20000050   Data         224  oled.o(.data)
    oled_hi2c                                0x20000130   Data           4  oled.o(.data)
    Intercom_mystate                         0x20000134   Data           1  intercom.o(.data)
    Intercom_yourstate                       0x20000135   Data           1  intercom.o(.data)
    Intercom_connect                         0x20000136   Data           1  intercom.o(.data)
    openmv_wait_switch                       0x20000137   Data           1  openmv.o(.data)
    openmv_mission_flag                      0x20000138   Data           1  openmv.o(.data)
    debug_stop                               0x20000140   Data           1  control.o(.data)
    left_button                              0x20000141   Data           2  control.o(.data)
    right_button                             0x20000143   Data           2  control.o(.data)
    frames                                   0x20000148   Data           8  control.o(.data)
    Loutput1                                 0x20000150   Data           2  control.o(.data)
    Routput1                                 0x20000152   Data           2  control.o(.data)
    hpid_lmotor_follow                       0x20000154   Data           4  followline.o(.data)
    hpid_rmotor_follow                       0x20000158   Data           4  followline.o(.data)
    sensor_input                             0x2000015c   Data           4  followline.o(.data)
    sensor_output                            0x20000160   Data           4  followline.o(.data)
    lsensor                                  0x20000164   Data           4  followline.o(.data)
    rsensor                                  0x20000168   Data           4  followline.o(.data)
    lsensor_count                            0x2000016c   Data           1  followline.o(.data)
    rsensor_count                            0x2000016d   Data           1  followline.o(.data)
    line_count                               0x2000016e   Data           1  followline.o(.data)
    last_line_count                          0x2000016f   Data           1  followline.o(.data)
    line_flag                                0x20000170   Data           1  followline.o(.data)
    mission                                  0x20000178   Data           5  taskmanager.o(.data)
    stage0                                   0x2000017d   Data           1  taskmanager.o(.data)
    last_stage0                              0x2000017e   Data           1  taskmanager.o(.data)
    mission_wait_flag                        0x2000017f   Data           1  taskmanager.o(.data)
    mission_wait_count                       0x20000180   Data           4  taskmanager.o(.data)
    turn_flag                                0x20000184   Data           1  taskmanager.o(.data)
    hpid_lmotor                              0x20000188   Data          32  functions.o(.data)
    hpid_rmotor                              0x200001a8   Data          32  functions.o(.data)
    Loutput                                  0x200001c8   Data           2  functions.o(.data)
    Routput                                  0x200001ca   Data           2  functions.o(.data)
    Path                                     0x200001cc   Data          20  functions.o(.data)
    Path_now                                 0x200001e0   Data           1  functions.o(.data)
    Path_act                                 0x200001e1   Data           1  functions.o(.data)
    Path_on                                  0x200001e2   Data           1  functions.o(.data)
    Path_turn_flag                           0x200001e3   Data           1  functions.o(.data)
    stage1                                   0x200001ed   Data           1  task1.o(.data)
    last_stage1                              0x200001ee   Data           1  task1.o(.data)
    stage2                                   0x200001ef   Data           1  task2.o(.data)
    last_stage2                              0x200001f0   Data           1  task2.o(.data)
    stage3                                   0x200001f1   Data           1  task3.o(.data)
    last_stage3                              0x200001f2   Data           1  task3.o(.data)
    stage4                                   0x200001f3   Data           1  task4.o(.data)
    last_stage4                              0x200001f4   Data           1  task4.o(.data)
    stage5                                   0x200001f5   Data           1  task5.o(.data)
    last_stage5                              0x200001f6   Data           1  task5.o(.data)
    hi2c2                                    0x200001fc   Data          84  i2c.o(.bss)
    htim2                                    0x20000250   Data          72  tim.o(.bss)
    htim3                                    0x20000298   Data          72  tim.o(.bss)
    htim4                                    0x200002e0   Data          72  tim.o(.bss)
    huart1                                   0x20000328   Data          72  usart.o(.bss)
    openmv_rxbuffer                          0x20000370   Data          10  openmv.o(.bss)
    hpid_followline                          0x2000037c   Data          32  followline.o(.bss)
    __initial_sp                             0x200007a0   Data           0  startup_stm32f103xb.o(STACK)



==============================================================================

Memory Map of the image

  Image Entry point : 0x080000ed

  Load Region LR_IROM1 (Base: 0x08000000, Size: 0x0000609c, Max: 0x00010000, ABSOLUTE, COMPRESSED[0x00005f80])

    Execution Region ER_IROM1 (Exec base: 0x08000000, Load base: 0x08000000, Size: 0x00005ea0, Max: 0x00010000, ABSOLUTE)

    Exec Addr    Load Addr    Size         Type   Attr      Idx    E Section Name        Object

    0x08000000   0x08000000   0x000000ec   Data   RO            3    RESET               startup_stm32f103xb.o
    0x080000ec   0x080000ec   0x00000000   Code   RO         4510  * .ARM.Collect$$$$00000000  mc_w.l(entry.o)
    0x080000ec   0x080000ec   0x00000004   Code   RO         4582    .ARM.Collect$$$$00000001  mc_w.l(entry2.o)
    0x080000f0   0x080000f0   0x00000004   Code   RO         4585    .ARM.Collect$$$$00000004  mc_w.l(entry5.o)
    0x080000f4   0x080000f4   0x00000000   Code   RO         4587    .ARM.Collect$$$$00000008  mc_w.l(entry7b.o)
    0x080000f4   0x080000f4   0x00000000   Code   RO         4589    .ARM.Collect$$$$0000000A  mc_w.l(entry8b.o)
    0x080000f4   0x080000f4   0x00000008   Code   RO         4590    .ARM.Collect$$$$0000000B  mc_w.l(entry9a.o)
    0x080000fc   0x080000fc   0x00000004   Code   RO         4597    .ARM.Collect$$$$0000000E  mc_w.l(entry12b.o)
    0x08000100   0x08000100   0x00000000   Code   RO         4592    .ARM.Collect$$$$0000000F  mc_w.l(entry10a.o)
    0x08000100   0x08000100   0x00000000   Code   RO         4594    .ARM.Collect$$$$00000011  mc_w.l(entry11a.o)
    0x08000100   0x08000100   0x00000004   Code   RO         4583    .ARM.Collect$$$$00002712  mc_w.l(entry2.o)
    0x08000104   0x08000104   0x00000024   Code   RO            4    .text               startup_stm32f103xb.o
    0x08000128   0x08000128   0x00000020   Code   RO         4513    .text               mc_w.l(llushr.o)
    0x08000148   0x08000148   0x00000024   Code   RO         4515    .text               mc_w.l(memseta.o)
    0x0800016c   0x0800016c   0x000000b0   Code   RO         4517    .text               mf_w.l(fadd.o)
    0x0800021c   0x0800021c   0x00000064   Code   RO         4519    .text               mf_w.l(fmul.o)
    0x08000280   0x08000280   0x0000007c   Code   RO         4521    .text               mf_w.l(fdiv.o)
    0x080002fc   0x080002fc   0x0000014e   Code   RO         4523    .text               mf_w.l(dadd.o)
    0x0800044a   0x0800044a   0x000000e4   Code   RO         4525    .text               mf_w.l(dmul.o)
    0x0800052e   0x0800052e   0x000000de   Code   RO         4527    .text               mf_w.l(ddiv.o)
    0x0800060c   0x0800060c   0x00000012   Code   RO         4529    .text               mf_w.l(fflti.o)
    0x0800061e   0x0800061e   0x0000000a   Code   RO         4531    .text               mf_w.l(ffltui.o)
    0x08000628   0x08000628   0x00000022   Code   RO         4533    .text               mf_w.l(dflti.o)
    0x0800064a   0x0800064a   0x00000032   Code   RO         4537    .text               mf_w.l(ffixi.o)
    0x0800067c   0x0800067c   0x00000032   Code   RO         4539    .text               mf_w.l(dfixui.o)
    0x080006ae   0x080006ae   0x00000026   Code   RO         4541    .text               mf_w.l(f2d.o)
    0x080006d4   0x080006d4   0x00000030   Code   RO         4543    .text               mf_w.l(cdcmple.o)
    0x08000704   0x08000704   0x00000038   Code   RO         4547    .text               mf_w.l(d2f.o)
    0x0800073c   0x0800073c   0x00000014   Code   RO         4549    .text               mf_w.l(cfcmple.o)
    0x08000750   0x08000750   0x00000014   Code   RO         4551    .text               mf_w.l(cfrcmple.o)
    0x08000764   0x08000764   0x0000001e   Code   RO         4598    .text               mc_w.l(llshl.o)
    0x08000782   0x08000782   0x00000024   Code   RO         4600    .text               mc_w.l(llsshr.o)
    0x080007a6   0x080007a6   0x00000000   Code   RO         4609    .text               mc_w.l(iusefp.o)
    0x080007a6   0x080007a6   0x0000006e   Code   RO         4610    .text               mf_w.l(fepilogue.o)
    0x08000814   0x08000814   0x000000ba   Code   RO         4612    .text               mf_w.l(depilogue.o)
    0x080008ce   0x080008ce   0x0000002e   Code   RO         4614    .text               mf_w.l(dscalb.o)
    0x080008fc   0x080008fc   0x00000024   Code   RO         4618    .text               mc_w.l(init.o)
    0x08000920   0x08000920   0x00000056   Code   RO         4628    .text               mc_w.l(__dczerorl2.o)
    0x08000976   0x08000976   0x00000004   Code   RO          508    i.BusFault_Handler  stm32f1xx_it.o
    0x0800097a   0x0800097a   0x00000002   PAD
    0x0800097c   0x0800097c   0x000000ac   Code   RO         4072    i.Control           control.o
    0x08000a28   0x08000a28   0x0000006c   Code   RO         4073    i.ControlInit       control.o
    0x08000a94   0x08000a94   0x00000002   Code   RO          509    i.DebugMon_Handler  stm32f1xx_it.o
    0x08000a96   0x08000a96   0x00000002   PAD
    0x08000a98   0x08000a98   0x000000b0   Code   RO         3547    i.EncoderCallBack   encoder.o
    0x08000b48   0x08000b48   0x00000058   Code   RO         3549    i.Encoder_Init      encoder.o
    0x08000ba0   0x08000ba0   0x00000028   Code   RO         4166    i.EnquireVehicleNum  taskmanager.o
    0x08000bc8   0x08000bc8   0x00000006   Code   RO           13    i.Error_Handler     main.o
    0x08000bce   0x08000bce   0x00000002   PAD
    0x08000bd0   0x08000bd0   0x00000034   Code   RO         4167    i.FirstTurn         taskmanager.o
    0x08000c04   0x08000c04   0x00000024   Code   RO         4110    i.FollowLineClearLineCount  followline.o
    0x08000c28   0x08000c28   0x0000004c   Code   RO         4111    i.FollowLineForLengthCallBack  followline.o
    0x08000c74   0x08000c74   0x000001c8   Code   RO         4112    i.FollowLinePIDCallBack  followline.o
    0x08000e3c   0x08000e3c   0x00000044   Code   RO         4113    i.FollowLinePID_Init  followline.o
    0x08000e80   0x08000e80   0x0000000c   Code   RO         4114    i.FollowLineRememberLineClear  followline.o
    0x08000e8c   0x08000e8c   0x00000060   Code   RO         4245    i.ForwardTurn       functions.o
    0x08000eec   0x08000eec   0x0000006c   Code   RO         3593    i.GrayScalerCallBack  grayscaler.o
    0x08000f58   0x08000f58   0x00000002   Code   RO         3594    i.GrayScaler_Init   grayscaler.o
    0x08000f5a   0x08000f5a   0x00000056   Code   RO         1531    i.HAL_DMA_Abort     stm32f1xx_hal_dma.o
    0x08000fb0   0x08000fb0   0x000000b0   Code   RO         1532    i.HAL_DMA_Abort_IT  stm32f1xx_hal_dma.o
    0x08001060   0x08001060   0x00000028   Code   RO         1152    i.HAL_Delay         stm32f1xx_hal.o
    0x08001088   0x08001088   0x00000320   Code   RO         1467    i.HAL_GPIO_Init     stm32f1xx_hal_gpio.o
    0x080013a8   0x080013a8   0x00000010   Code   RO         1469    i.HAL_GPIO_ReadPin  stm32f1xx_hal_gpio.o
    0x080013b8   0x080013b8   0x0000000c   Code   RO         1471    i.HAL_GPIO_WritePin  stm32f1xx_hal_gpio.o
    0x080013c4   0x080013c4   0x0000000c   Code   RO         1156    i.HAL_GetTick       stm32f1xx_hal.o
    0x080013d0   0x080013d0   0x000001d0   Code   RO          679    i.HAL_I2C_Init      stm32f1xx_hal_i2c.o
    0x080015a0   0x080015a0   0x00000164   Code   RO          700    i.HAL_I2C_Mem_Write  stm32f1xx_hal_i2c.o
    0x08001704   0x08001704   0x00000078   Code   RO          353    i.HAL_I2C_MspInit   i2c.o
    0x0800177c   0x0800177c   0x00000018   Code   RO         1162    i.HAL_IncTick       stm32f1xx_hal.o
    0x08001794   0x08001794   0x00000028   Code   RO         1163    i.HAL_Init          stm32f1xx_hal.o
    0x080017bc   0x080017bc   0x0000004c   Code   RO         1164    i.HAL_InitTick      stm32f1xx_hal.o
    0x08001808   0x08001808   0x00000054   Code   RO          608    i.HAL_MspInit       stm32f1xx_hal_msp.o
    0x0800185c   0x0800185c   0x00000020   Code   RO         1627    i.HAL_NVIC_EnableIRQ  stm32f1xx_hal_cortex.o
    0x0800187c   0x0800187c   0x0000007c   Code   RO         1633    i.HAL_NVIC_SetPriority  stm32f1xx_hal_cortex.o
    0x080018f8   0x080018f8   0x00000028   Code   RO         1634    i.HAL_NVIC_SetPriorityGrouping  stm32f1xx_hal_cortex.o
    0x08001920   0x08001920   0x0000018c   Code   RO         1320    i.HAL_RCC_ClockConfig  stm32f1xx_hal_rcc.o
    0x08001aac   0x08001aac   0x0000000c   Code   RO         1325    i.HAL_RCC_GetHCLKFreq  stm32f1xx_hal_rcc.o
    0x08001ab8   0x08001ab8   0x00000020   Code   RO         1327    i.HAL_RCC_GetPCLK1Freq  stm32f1xx_hal_rcc.o
    0x08001ad8   0x08001ad8   0x00000020   Code   RO         1328    i.HAL_RCC_GetPCLK2Freq  stm32f1xx_hal_rcc.o
    0x08001af8   0x08001af8   0x00000070   Code   RO         1329    i.HAL_RCC_GetSysClockFreq  stm32f1xx_hal_rcc.o
    0x08001b68   0x08001b68   0x00000464   Code   RO         1332    i.HAL_RCC_OscConfig  stm32f1xx_hal_rcc.o
    0x08001fcc   0x08001fcc   0x00000034   Code   RO         1638    i.HAL_SYSTICK_Config  stm32f1xx_hal_cortex.o
    0x08002000   0x08002000   0x00000002   Code   RO         2870    i.HAL_TIMEx_BreakCallback  stm32f1xx_hal_tim_ex.o
    0x08002002   0x08002002   0x00000002   Code   RO         2871    i.HAL_TIMEx_CommutCallback  stm32f1xx_hal_tim_ex.o
    0x08002004   0x08002004   0x00000084   Code   RO         2889    i.HAL_TIMEx_MasterConfigSynchronization  stm32f1xx_hal_tim_ex.o
    0x08002088   0x08002088   0x00000066   Code   RO         2155    i.HAL_TIM_Base_Init  stm32f1xx_hal_tim.o
    0x080020ee   0x080020ee   0x00000002   PAD
    0x080020f0   0x080020f0   0x00000044   Code   RO          395    i.HAL_TIM_Base_MspInit  tim.o
    0x08002134   0x08002134   0x00000078   Code   RO         2160    i.HAL_TIM_Base_Start_IT  stm32f1xx_hal_tim.o
    0x080021ac   0x080021ac   0x0000010c   Code   RO         2164    i.HAL_TIM_ConfigClockSource  stm32f1xx_hal_tim.o
    0x080022b8   0x080022b8   0x000000c4   Code   RO         2176    i.HAL_TIM_Encoder_Init  stm32f1xx_hal_tim.o
    0x0800237c   0x0800237c   0x000000e8   Code   RO          397    i.HAL_TIM_Encoder_MspInit  tim.o
    0x08002464   0x08002464   0x000000cc   Code   RO         2179    i.HAL_TIM_Encoder_Start  stm32f1xx_hal_tim.o
    0x08002530   0x08002530   0x00000002   Code   RO         2189    i.HAL_TIM_IC_CaptureCallback  stm32f1xx_hal_tim.o
    0x08002532   0x08002532   0x00000196   Code   RO         2203    i.HAL_TIM_IRQHandler  stm32f1xx_hal_tim.o
    0x080026c8   0x080026c8   0x00000058   Code   RO          398    i.HAL_TIM_MspPostInit  tim.o
    0x08002720   0x08002720   0x00000002   Code   RO         2206    i.HAL_TIM_OC_DelayElapsedCallback  stm32f1xx_hal_tim.o
    0x08002722   0x08002722   0x00000104   Code   RO         2227    i.HAL_TIM_PWM_ConfigChannel  stm32f1xx_hal_tim.o
    0x08002826   0x08002826   0x00000066   Code   RO         2230    i.HAL_TIM_PWM_Init  stm32f1xx_hal_tim.o
    0x0800288c   0x0800288c   0x00000002   Code   RO         2232    i.HAL_TIM_PWM_MspInit  stm32f1xx_hal_tim.o
    0x0800288e   0x0800288e   0x00000002   Code   RO         2233    i.HAL_TIM_PWM_PulseFinishedCallback  stm32f1xx_hal_tim.o
    0x08002890   0x08002890   0x000000d4   Code   RO         2235    i.HAL_TIM_PWM_Start  stm32f1xx_hal_tim.o
    0x08002964   0x08002964   0x00000014   Code   RO           14    i.HAL_TIM_PeriodElapsedCallback  main.o
    0x08002978   0x08002978   0x00000002   Code   RO         2246    i.HAL_TIM_TriggerCallback  stm32f1xx_hal_tim.o
    0x0800297a   0x0800297a   0x00000002   Code   RO         3149    i.HAL_UARTEx_RxEventCallback  stm32f1xx_hal_uart.o
    0x0800297c   0x0800297c   0x00000002   Code   RO         3163    i.HAL_UART_ErrorCallback  stm32f1xx_hal_uart.o
    0x0800297e   0x0800297e   0x00000002   PAD
    0x08002980   0x08002980   0x000002e4   Code   RO         3166    i.HAL_UART_IRQHandler  stm32f1xx_hal_uart.o
    0x08002c64   0x08002c64   0x00000076   Code   RO         3167    i.HAL_UART_Init     stm32f1xx_hal_uart.o
    0x08002cda   0x08002cda   0x00000002   PAD
    0x08002cdc   0x08002cdc   0x00000098   Code   RO          467    i.HAL_UART_MspInit  usart.o
    0x08002d74   0x08002d74   0x0000002c   Code   RO         3172    i.HAL_UART_Receive_IT  stm32f1xx_hal_uart.o
    0x08002da0   0x08002da0   0x00000088   Code   RO         4013    i.HAL_UART_RxCpltCallback  openmv.o
    0x08002e28   0x08002e28   0x000000b2   Code   RO         3175    i.HAL_UART_Transmit  stm32f1xx_hal_uart.o
    0x08002eda   0x08002eda   0x00000002   Code   RO         3178    i.HAL_UART_TxCpltCallback  stm32f1xx_hal_uart.o
    0x08002edc   0x08002edc   0x00000004   Code   RO          510    i.HardFault_Handler  stm32f1xx_it.o
    0x08002ee0   0x08002ee0   0x0000003e   Code   RO          723    i.I2C_IsAcknowledgeFailed  stm32f1xx_hal_i2c.o
    0x08002f1e   0x08002f1e   0x00000002   PAD
    0x08002f20   0x08002f20   0x000000e0   Code   RO          735    i.I2C_RequestMemoryWrite  stm32f1xx_hal_i2c.o
    0x08003000   0x08003000   0x00000066   Code   RO          743    i.I2C_WaitOnBTFFlagUntilTimeout  stm32f1xx_hal_i2c.o
    0x08003066   0x08003066   0x000000be   Code   RO          744    i.I2C_WaitOnFlagUntilTimeout  stm32f1xx_hal_i2c.o
    0x08003124   0x08003124   0x000000fa   Code   RO          745    i.I2C_WaitOnMasterAddressFlagUntilTimeout  stm32f1xx_hal_i2c.o
    0x0800321e   0x0800321e   0x00000066   Code   RO          749    i.I2C_WaitOnTXEFlagUntilTimeout  stm32f1xx_hal_i2c.o
    0x08003284   0x08003284   0x00000074   Code   RO         3636    i.Ignite            led.o
    0x080032f8   0x080032f8   0x0000002c   Code   RO         3977    i.IntercomCallBack  intercom.o
    0x08003324   0x08003324   0x00000024   Code   RO         3978    i.Intercom_Init     intercom.o
    0x08003348   0x08003348   0x00000084   Code   RO         4168    i.JudgeBranch       taskmanager.o
    0x080033cc   0x080033cc   0x0000001c   Code   RO         3637    i.LED_Init          led.o
    0x080033e8   0x080033e8   0x00000128   Code   RO          241    i.MX_GPIO_Init      gpio.o
    0x08003510   0x08003510   0x0000003c   Code   RO          354    i.MX_I2C2_Init      i2c.o
    0x0800354c   0x0800354c   0x00000078   Code   RO          399    i.MX_TIM2_Init      tim.o
    0x080035c4   0x080035c4   0x0000007c   Code   RO          400    i.MX_TIM3_Init      tim.o
    0x08003640   0x08003640   0x000000b4   Code   RO          401    i.MX_TIM4_Init      tim.o
    0x080036f4   0x080036f4   0x00000038   Code   RO          468    i.MX_USART1_UART_Init  usart.o
    0x0800372c   0x0800372c   0x00000018   Code   RO         3775    i.MedicineBoxCallBack  medicinebox.o
    0x08003744   0x08003744   0x00000004   Code   RO          511    i.MemManage_Handler  stm32f1xx_it.o
    0x08003748   0x08003748   0x000001a0   Code   RO         4169    i.Mission0Handler   taskmanager.o
    0x080038e8   0x080038e8   0x0000018c   Code   RO         4309    i.Mission1Handler   task1.o
    0x08003a74   0x08003a74   0x00000170   Code   RO         4355    i.Mission2Handler   task2.o
    0x08003be4   0x08003be4   0x00000310   Code   RO         4389    i.Mission3Handler   task3.o
    0x08003ef4   0x08003ef4   0x00000002   Code   RO         4419    i.Mission4Handler   task4.o
    0x08003ef6   0x08003ef6   0x00000002   Code   RO         4449    i.Mission5Handler   task5.o
    0x08003ef8   0x08003ef8   0x0000000c   Code   RO         4170    i.MissionWait_ms    taskmanager.o
    0x08003f04   0x08003f04   0x00000018   Code   RO         4171    i.MissionWait_msCallBack  taskmanager.o
    0x08003f1c   0x08003f1c   0x00000018   Code   RO         4247    i.MotorOutputPIDClear  functions.o
    0x08003f34   0x08003f34   0x00000044   Code   RO         3669    i.Motor_Init        motor.o
    0x08003f78   0x08003f78   0x00000004   Code   RO          512    i.NMI_Handler       stm32f1xx_it.o
    0x08003f7c   0x08003f7c   0x0000000a   Code   RO         3811    i.OLED_CLS          oled.o
    0x08003f86   0x08003f86   0x0000003a   Code   RO         3814    i.OLED_Fill         oled.o
    0x08003fc0   0x08003fc0   0x000000b8   Code   RO         3815    i.OLED_Init         oled.o
    0x08004078   0x08004078   0x00000028   Code   RO         3818    i.OLED_SetPos       oled.o
    0x080040a0   0x080040a0   0x0000009c   Code   RO         3821    i.OLED_ShowChar     oled.o
    0x0800413c   0x0800413c   0x00000188   Code   RO         3823    i.OLED_ShowRealNum  oled.o
    0x080042c4   0x080042c4   0x000000ec   Code   RO         3824    i.OLED_ShowStr      oled.o
    0x080043b0   0x080043b0   0x0000004c   Code   RO         3825    i.OLED_ShowVariable  oled.o
    0x080043fc   0x080043fc   0x00000034   Code   RO         4014    i.OpenMVGetDirection  openmv.o
    0x08004430   0x08004430   0x00000030   Code   RO         4015    i.OpenMVGetMap      openmv.o
    0x08004460   0x08004460   0x0000002c   Code   RO         4016    i.OpenMVGetTarRoom  openmv.o
    0x0800448c   0x0800448c   0x00000008   Code   RO         4172    i.OpenMVWaitForMission  taskmanager.o
    0x08004494   0x08004494   0x0000007a   Code   RO         3941    i.PID_Compute       pid.o
    0x0800450e   0x0800450e   0x00000012   Code   RO         3942    i.PID_ComputeFixed  pid.o
    0x08004520   0x08004520   0x00000008   Code   RO         3943    i.PID_DeInit        pid.o
    0x08004528   0x08004528   0x00000018   Code   RO         3944    i.PID_Init          pid.o
    0x08004540   0x08004540   0x00000002   Code   RO          513    i.PendSV_Handler    stm32f1xx_it.o
    0x08004542   0x08004542   0x00000002   PAD
    0x08004544   0x08004544   0x00000028   Code   RO         1333    i.RCC_Delay         stm32f1xx_hal_rcc.o
    0x0800456c   0x0800456c   0x00000002   Code   RO          514    i.SVC_Handler       stm32f1xx_it.o
    0x0800456e   0x0800456e   0x00000002   PAD
    0x08004570   0x08004570   0x00000090   Code   RO         3670    i.SetMotorOutput    motor.o
    0x08004600   0x08004600   0x000000cc   Code   RO         4248    i.SetMotorOutputEncoder  functions.o
    0x080046cc   0x080046cc   0x00000088   Code   RO         4249    i.SetMotorOutputPID  functions.o
    0x08004754   0x08004754   0x00000008   Code   RO          515    i.SysTick_Handler   stm32f1xx_it.o
    0x0800475c   0x0800475c   0x00000066   Code   RO           15    i.SystemClock_Config  main.o
    0x080047c2   0x080047c2   0x00000002   Code   RO         3511    i.SystemInit        system_stm32f1xx.o
    0x080047c4   0x080047c4   0x00000010   Code   RO          516    i.TIM2_IRQHandler   stm32f1xx_it.o
    0x080047d4   0x080047d4   0x00000010   Code   RO          517    i.TIM3_IRQHandler   stm32f1xx_it.o
    0x080047e4   0x080047e4   0x00000010   Code   RO          518    i.TIM4_IRQHandler   stm32f1xx_it.o
    0x080047f4   0x080047f4   0x00000074   Code   RO         2248    i.TIM_Base_SetConfig  stm32f1xx_hal_tim.o
    0x08004868   0x08004868   0x00000022   Code   RO         2249    i.TIM_CCxChannelCmd  stm32f1xx_hal_tim.o
    0x0800488a   0x0800488a   0x00000016   Code   RO         2259    i.TIM_ETR_SetConfig  stm32f1xx_hal_tim.o
    0x080048a0   0x080048a0   0x00000012   Code   RO         2260    i.TIM_ITRx_SetConfig  stm32f1xx_hal_tim.o
    0x080048b2   0x080048b2   0x00000002   PAD
    0x080048b4   0x080048b4   0x00000060   Code   RO         2261    i.TIM_OC1_SetConfig  stm32f1xx_hal_tim.o
    0x08004914   0x08004914   0x00000068   Code   RO         2262    i.TIM_OC2_SetConfig  stm32f1xx_hal_tim.o
    0x0800497c   0x0800497c   0x00000068   Code   RO         2263    i.TIM_OC3_SetConfig  stm32f1xx_hal_tim.o
    0x080049e4   0x080049e4   0x00000048   Code   RO         2264    i.TIM_OC4_SetConfig  stm32f1xx_hal_tim.o
    0x08004a2c   0x08004a2c   0x00000026   Code   RO         2266    i.TIM_TI1_ConfigInputStage  stm32f1xx_hal_tim.o
    0x08004a52   0x08004a52   0x00000028   Code   RO         2268    i.TIM_TI2_ConfigInputStage  stm32f1xx_hal_tim.o
    0x08004a7a   0x08004a7a   0x00000002   PAD
    0x08004a7c   0x08004a7c   0x00000040   Code   RO         4173    i.TaskManagerCallBack  taskmanager.o
    0x08004abc   0x08004abc   0x00000030   Code   RO         4174    i.TaskManager_Init  taskmanager.o
    0x08004aec   0x08004aec   0x00000034   Code   RO         4250    i.Turn              functions.o
    0x08004b20   0x08004b20   0x00000014   Code   RO         3180    i.UART_DMAAbortOnError  stm32f1xx_hal_uart.o
    0x08004b34   0x08004b34   0x0000006c   Code   RO         3190    i.UART_EndRxTransfer  stm32f1xx_hal_uart.o
    0x08004ba0   0x08004ba0   0x00000020   Code   RO         3191    i.UART_EndTransmit_IT  stm32f1xx_hal_uart.o
    0x08004bc0   0x08004bc0   0x000000fc   Code   RO         3193    i.UART_Receive_IT   stm32f1xx_hal_uart.o
    0x08004cbc   0x08004cbc   0x000000fc   Code   RO         3194    i.UART_SetConfig    stm32f1xx_hal_uart.o
    0x08004db8   0x08004db8   0x00000040   Code   RO         3196    i.UART_Start_Receive_IT  stm32f1xx_hal_uart.o
    0x08004df8   0x08004df8   0x00000060   Code   RO         3197    i.UART_Transmit_IT  stm32f1xx_hal_uart.o
    0x08004e58   0x08004e58   0x00000092   Code   RO         3198    i.UART_WaitOnFlagUntilTimeout  stm32f1xx_hal_uart.o
    0x08004eea   0x08004eea   0x00000002   PAD
    0x08004eec   0x08004eec   0x00000010   Code   RO          519    i.USART1_IRQHandler  stm32f1xx_it.o
    0x08004efc   0x08004efc   0x00000004   Code   RO          520    i.UsageFault_Handler  stm32f1xx_it.o
    0x08004f00   0x08004f00   0x00000028   Code   RO         3826    i.WriteCmd          oled.o
    0x08004f28   0x08004f28   0x00000028   Code   RO         3827    i.WriteDat          oled.o
    0x08004f50   0x08004f50   0x00000010   Code   RO         1640    i.__NVIC_GetPriorityGrouping  stm32f1xx_hal_cortex.o
    0x08004f60   0x08004f60   0x00000028   Code   RO         1641    i.__NVIC_SetPriority  stm32f1xx_hal_cortex.o
    0x08004f88   0x08004f88   0x000000aa   Code   RO         4579    i.__kernel_poly     m_ws.l(poly.o)
    0x08005032   0x08005032   0x00000002   PAD
    0x08005034   0x08005034   0x00000010   Code   RO         4553    i.__mathlib_dbl_divzero  m_ws.l(dunder.o)
    0x08005044   0x08005044   0x00000006   Code   RO         4554    i.__mathlib_dbl_infnan  m_ws.l(dunder.o)
    0x0800504a   0x0800504a   0x0000000c   Code   RO         4556    i.__mathlib_dbl_invalid  m_ws.l(dunder.o)
    0x08005056   0x08005056   0x0000000e   Code   RO         4622    i.__scatterload_copy  mc_w.l(handlers.o)
    0x08005064   0x08005064   0x00000002   Code   RO         4623    i.__scatterload_null  mc_w.l(handlers.o)
    0x08005066   0x08005066   0x0000000e   Code   RO         4624    i.__scatterload_zeroinit  mc_w.l(handlers.o)
    0x08005074   0x08005074   0x0000000c   Code   RO         4604    i.__set_errno       mc_w.l(errno.o)
    0x08005080   0x08005080   0x0000035c   Code   RO         4570    i.log               m_ws.l(log.o)
    0x080053dc   0x080053dc   0x000000e4   Code   RO         4495    i.log10             m_ws.l(log10.o)
    0x080054c0   0x080054c0   0x00000128   Code   RO           16    i.main              main.o
    0x080055e8   0x080055e8   0x00000016   Code   RO         3828    i.oled_pow          oled.o
    0x080055fe   0x080055fe   0x00000012   Data   RO         1334    .constdata          stm32f1xx_hal_rcc.o
    0x08005610   0x08005610   0x00000018   Data   RO         3512    .constdata          system_stm32f1xx.o
    0x08005628   0x08005628   0x00000818   Data   RO         3829    .constdata          oled.o
    0x08005e40   0x08005e40   0x00000038   Data   RO         4571    .constdata          m_ws.l(log.o)
    0x08005e78   0x08005e78   0x00000008   Data   RO         4581    .constdata          m_ws.l(qnan.o)
    0x08005e80   0x08005e80   0x00000020   Data   RO         4620    Region$$Table       anon$$obj.o


    Execution Region RW_IRAM1 (Exec base: 0x20000000, Load base: 0x08005ea0, Size: 0x000007a0, Max: 0x00005000, ABSOLUTE, COMPRESSED[0x000000e0])

    Exec Addr    Load Addr    Size         Type   Attr      Idx    E Section Name        Object

    0x20000000   COMPRESSED   0x00000009   Data   RW         1170    .data               stm32f1xx_hal.o
    0x20000009   COMPRESSED   0x00000003   PAD
    0x2000000c   COMPRESSED   0x00000004   Data   RW         3513    .data               system_stm32f1xx.o
    0x20000010   COMPRESSED   0x0000000e   Data   RW         3550    .data               encoder.o
    0x2000001e   COMPRESSED   0x00000002   PAD
    0x20000020   COMPRESSED   0x0000002c   Data   RW         3595    .data               grayscaler.o
    0x2000004c   COMPRESSED   0x00000001   Data   RW         3777    .data               medicinebox.o
    0x2000004d   COMPRESSED   0x00000003   PAD
    0x20000050   COMPRESSED   0x000000e4   Data   RW         3830    .data               oled.o
    0x20000134   COMPRESSED   0x00000003   Data   RW         3979    .data               intercom.o
    0x20000137   COMPRESSED   0x00000002   Data   RW         4019    .data               openmv.o
    0x20000139   COMPRESSED   0x00000007   PAD
    0x20000140   COMPRESSED   0x00000014   Data   RW         4074    .data               control.o
    0x20000154   COMPRESSED   0x00000024   Data   RW         4116    .data               followline.o
    0x20000178   COMPRESSED   0x0000000d   Data   RW         4175    .data               taskmanager.o
    0x20000185   COMPRESSED   0x00000003   PAD
    0x20000188   COMPRESSED   0x00000065   Data   RW         4251    .data               functions.o
    0x200001ed   COMPRESSED   0x00000002   Data   RW         4310    .data               task1.o
    0x200001ef   COMPRESSED   0x00000002   Data   RW         4356    .data               task2.o
    0x200001f1   COMPRESSED   0x00000002   Data   RW         4390    .data               task3.o
    0x200001f3   COMPRESSED   0x00000002   Data   RW         4420    .data               task4.o
    0x200001f5   COMPRESSED   0x00000002   Data   RW         4450    .data               task5.o
    0x200001f7   COMPRESSED   0x00000001   PAD
    0x200001f8   COMPRESSED   0x00000004   Data   RW         4605    .data               mc_w.l(errno.o)
    0x200001fc        -       0x00000054   Zero   RW          355    .bss                i2c.o
    0x20000250        -       0x000000d8   Zero   RW          402    .bss                tim.o
    0x20000328        -       0x00000048   Zero   RW          469    .bss                usart.o
    0x20000370        -       0x0000000a   Zero   RW         4018    .bss                openmv.o
    0x2000037a   COMPRESSED   0x00000002   PAD
    0x2000037c        -       0x00000020   Zero   RW         4115    .bss                followline.o
    0x2000039c   COMPRESSED   0x00000004   PAD
    0x200003a0        -       0x00000400   Zero   RW            1    STACK               startup_stm32f103xb.o


==============================================================================

Image component sizes


      Code (inc. data)   RO Data    RW Data    ZI Data      Debug   Object Name

       280         52          0         20          0       2166   control.o
       264         74          0         14          0       1457   encoder.o
       648        120          0         36         32       3840   followline.o
       512         66          0        101          0       3979   functions.o
       296         18          0          0          0     430263   gpio.o
       110         22          0         44          0       1761   grayscaler.o
       180         26          0          0         84       1657   i2c.o
        80         20          0          3          0       1334   intercom.o
       144          8          0          0          0       1332   led.o
       424        108          0          0          0     422674   main.o
        24          8          0          1          0        703   medicinebox.o
       212         22          0          0          0       1118   motor.o
      1254         44       2072        228          0       8430   oled.o
       280         66          0          2         10       2622   openmv.o
       172          8          0          0          0       3041   pid.o
        36          8        236          0       1024        816   startup_stm32f103xb.o
       192         36          0          9          0       5989   stm32f1xx_hal.o
       304         22          0          0          0      29511   stm32f1xx_hal_cortex.o
       262          4          0          0          0       1791   stm32f1xx_hal_dma.o
       828         34          0          0          0       3367   stm32f1xx_hal_gpio.o
      1750         30          0          0          0       8303   stm32f1xx_hal_i2c.o
        84          8          0          0          0        918   stm32f1xx_hal_msp.o
      1748         98         18          0          0       6072   stm32f1xx_hal_rcc.o
      2524         60          0          0          0      17915   stm32f1xx_hal_tim.o
       136         14          0          0          0       2477   stm32f1xx_hal_tim_ex.o
      2056          8          0          0          0      12244   stm32f1xx_hal_uart.o
        98         24          0          0          0       5920   stm32f1xx_it.o
         2          0         24          4          0       1155   system_stm32f1xx.o
       396         28          0          2          0       1455   task1.o
       368         28          0          2          0       1451   task2.o
       784         38          0          2          0       1747   task3.o
         2          0          0          2          0       1115   task4.o
         2          0          0          2          0       1115   task5.o
       796        132          0         13          0       5782   taskmanager.o
       812         62          0          0        216       4480   tim.o
       208         24          0          0         72       1706   usart.o

    ----------------------------------------------------------------------
     18292       1320       2382        504       1444    1001706   Object Totals
         0          0         32          0          0          0   (incl. Generated)
        24          0          0         19          6          0   (incl. Padding)

    ----------------------------------------------------------------------

      Code (inc. data)   RO Data    RW Data    ZI Data      Debug   Library Member Name

        34          4          0          0          0        204   dunder.o
       860         52         56          0          0        256   log.o
       228         30          0          0          0        120   log10.o
       170          0          0          0          0         96   poly.o
         0          0          8          0          0          0   qnan.o
        86          0          0          0          0          0   __dczerorl2.o
         0          0          0          0          0          0   entry.o
         0          0          0          0          0          0   entry10a.o
         0          0          0          0          0          0   entry11a.o
         4          0          0          0          0          0   entry12b.o
         8          4          0          0          0          0   entry2.o
         4          0          0          0          0          0   entry5.o
         0          0          0          0          0          0   entry7b.o
         0          0          0          0          0          0   entry8b.o
         8          4          0          0          0          0   entry9a.o
        12          6          0          4          0         68   errno.o
        30          0          0          0          0          0   handlers.o
        36          8          0          0          0         68   init.o
         0          0          0          0          0          0   iusefp.o
        30          0          0          0          0         68   llshl.o
        36          0          0          0          0         68   llsshr.o
        32          0          0          0          0         68   llushr.o
        36          0          0          0          0        108   memseta.o
        48          0          0          0          0         68   cdcmple.o
        20          0          0          0          0         68   cfcmple.o
        20          0          0          0          0         68   cfrcmple.o
        56          0          0          0          0         88   d2f.o
       334          0          0          0          0        148   dadd.o
       222          0          0          0          0        100   ddiv.o
       186          0          0          0          0        176   depilogue.o
        50          0          0          0          0         76   dfixui.o
        34          0          0          0          0         76   dflti.o
       228          0          0          0          0         96   dmul.o
        46          0          0          0          0         80   dscalb.o
        38          0          0          0          0         68   f2d.o
       176          0          0          0          0        140   fadd.o
       124          0          0          0          0         88   fdiv.o
       110          0          0          0          0        168   fepilogue.o
        50          0          0          0          0         68   ffixi.o
        18          0          0          0          0         68   fflti.o
        10          0          0          0          0         68   ffltui.o
       100          0          0          0          0         76   fmul.o

    ----------------------------------------------------------------------
      3486        108         64          4          0       2912   Library Totals
         2          0          0          0          0          0   (incl. Padding)

    ----------------------------------------------------------------------

      Code (inc. data)   RO Data    RW Data    ZI Data      Debug   Library Name

      1292         86         64          0          0        676   m_ws.l
       322         22          0          4          0        448   mc_w.l
      1870          0          0          0          0       1788   mf_w.l

    ----------------------------------------------------------------------
      3486        108         64          4          0       2912   Library Totals

    ----------------------------------------------------------------------

==============================================================================


      Code (inc. data)   RO Data    RW Data    ZI Data      Debug   

     21778       1428       2446        508       1444     995386   Grand Totals
     21778       1428       2446        224       1444     995386   ELF Image Totals (compressed)
     21778       1428       2446        224          0          0   ROM Totals

==============================================================================

    Total RO  Size (Code + RO Data)                24224 (  23.66kB)
    Total RW  Size (RW Data + ZI Data)              1952 (   1.91kB)
    Total ROM Size (Code + RO Data + RW Data)      24448 (  23.88kB)

==============================================================================

